01-11 10:08:17.468   612   612 I Atfwd_Daemon: sending QMI_AT_REG_AT_CMD_FWD_REQ_V01 message
01-11 10:08:17.468   612   612 I Atfwd_Daemon: cmd6: +CSS
01-11 10:08:17.468   612   612 I Atfwd_Daemon: sending QMI_AT_REG_AT_CMD_FWD_REQ_V01 message
01-11 10:08:17.469   612   612 I Atfwd_Daemon: cmd7: $QCPWRDN
01-11 10:08:17.469   612   612 I Atfwd_Daemon: sending QMI_AT_REG_AT_CMD_FWD_REQ_V01 message
01-11 10:08:17.469   612   612 I Atfwd_Daemon: Registered AT Commands event handler
01-11 10:08:17.469   612   612 I Atfwd_Daemon: Waiting for ctrCond
01-11 10:08:17.481  1171  1171 W ServiceManagement: Waited one second for android.hardware.power@1.0::IPower/default
01-11 10:08:17.482  1171  1171 I ServiceManagement: getService: Trying again for android.hardware.power@1.0::IPower/default...
01-11 10:08:17.484   618  1023 W ServiceManager: Service sensorservice didn't start. Returning NULL
01-11 10:08:17.509   567  1412 I ServiceManager: Waiting for service 'package_native' on '/dev/binder'...
01-11 10:08:17.587   481   481 W ServiceManagement: Waited one second for android.hardware.power@1.1::IPower/default
01-11 10:08:17.588   481   481 I ServiceManagement: getService: Trying again for android.hardware.power@1.1::IPower/default...
01-11 10:08:17.609   567  1412 I ServiceManager: Waiting for service 'package_native' on '/dev/binder'...
01-11 10:08:17.710   567  1412 I chatty  : uid=0(root) HwBinder:567_1 identical 1 line
01-11 10:08:17.810   567  1412 I ServiceManager: Waiting for service 'package_native' on '/dev/binder'...
01-11 10:08:17.815   642   744 W ServiceManagement: Waited one second for android.frameworks.sensorservice@1.0::ISensorManager/default
01-11 10:08:17.815   642   744 I ServiceManagement: getService: Trying again for android.frameworks.sensorservice@1.0::ISensorManager/default...
01-11 10:08:17.910   567  1412 I ServiceManager: Waiting for service 'package_native' on '/dev/binder'...
01-11 10:08:18.010   567  1412 I ServiceManager: Waiting for service 'package_native' on '/dev/binder'...
01-11 10:08:18.014   545   585 D QC-time-services: Daemon:genoff_wlan_qmi_service_request: qmi_client_get_service_list returned -2num_services 0
01-11 10:08:18.111   567  1412 I ServiceManager: Waiting for service 'package_native' on '/dev/binder'...
01-11 10:08:18.191   543   543 E QTI_SDM_INFO: [qti_rmnet_peripheral.c:739] qti_file_open():Could not open device file. Errno 2 error msg=No such file or directory
01-11 10:08:18.211   567  1412 I ServiceManager: Waiting for service 'package_native' on '/dev/binder'...
01-11 10:08:18.287   554   554 W ServiceManagement: Waited one second for android.hardware.camera.provider@2.4::ICameraProvider/legacy/0
01-11 10:08:18.288   554   554 I ServiceManagement: getService: Trying again for android.hardware.camera.provider@2.4::ICameraProvider/legacy/0...
01-11 10:08:18.311   567  1412 I ServiceManager: Waiting for service 'package_native' on '/dev/binder'...
01-11 10:08:18.344   618   986 I ServiceManager: Waiting for service 'sensorservice' on '/dev/binder'...
01-11 10:08:18.346  1171  1312 W ServiceManagement: Waited one second for android.hardware.power@1.0::IPower/default
01-11 10:08:18.347  1171  1312 I ServiceManagement: getService: Trying again for android.hardware.power@1.0::IPower/default...
01-11 10:08:18.412   567  1412 I ServiceManager: Waiting for service 'package_native' on '/dev/binder'...
01-11 10:08:18.444   618   986 I ServiceManager: Waiting for service 'sensorservice' on '/dev/binder'...
01-11 10:08:18.482  1171  1171 W ServiceManagement: Waited one second for android.hardware.power@1.0::IPower/default
01-11 10:08:18.483  1171  1171 I ServiceManagement: getService: Trying again for android.hardware.power@1.0::IPower/default...
01-11 10:08:18.484   618  1023 I ServiceManager: Waiting for service 'sensorservice' on '/dev/binder'...
01-11 10:08:18.512   567  1412 I ServiceManager: Waiting for service 'package_native' on '/dev/binder'...
01-11 10:08:18.544   618   986 I ServiceManager: Waiting for service 'sensorservice' on '/dev/binder'...
01-11 10:08:18.584   618  1023 I ServiceManager: Waiting for service 'sensorservice' on '/dev/binder'...
01-11 10:08:18.588   481   481 W ServiceManagement: Waited one second for android.hardware.power@1.1::IPower/default
01-11 10:08:18.589   481   481 I ServiceManagement: getService: Trying again for android.hardware.power@1.1::IPower/default...
01-11 10:08:18.612   567  1412 I ServiceManager: Waiting for service 'package_native' on '/dev/binder'...
01-11 10:08:18.645   618   986 I ServiceManager: Waiting for service 'sensorservice' on '/dev/binder'...
01-11 10:08:18.684   618  1023 I ServiceManager: Waiting for service 'sensorservice' on '/dev/binder'...
01-11 10:08:18.712   567  1412 I ServiceManager: Waiting for service 'package_native' on '/dev/binder'...
01-11 10:08:18.745   618   986 I ServiceManager: Waiting for service 'sensorservice' on '/dev/binder'...
01-11 10:08:18.785   618  1023 I ServiceManager: Waiting for service 'sensorservice' on '/dev/binder'...
01-11 10:08:18.813   567  1412 I ServiceManager: Waiting for service 'package_native' on '/dev/binder'...
01-11 10:08:18.816   642   744 W ServiceManagement: Waited one second for android.frameworks.sensorservice@1.0::ISensorManager/default
01-11 10:08:18.816   642   744 I ServiceManagement: getService: Trying again for android.frameworks.sensorservice@1.0::ISensorManager/default...
01-11 10:08:18.845   618   986 I ServiceManager: Waiting for service 'sensorservice' on '/dev/binder'...
01-11 10:08:18.885   618  1023 I ServiceManager: Waiting for service 'sensorservice' on '/dev/binder'...
01-11 10:08:18.913   567  1412 I ServiceManager: Waiting for service 'package_native' on '/dev/binder'...
01-11 10:08:18.945   618   986 I ServiceManager: Waiting for service 'sensorservice' on '/dev/binder'...
01-11 10:08:18.985   618  1023 I ServiceManager: Waiting for service 'sensorservice' on '/dev/binder'...
01-11 10:08:19.013   567  1412 I ServiceManager: Waiting for service 'package_native' on '/dev/binder'...
01-11 10:08:19.046   618   986 I ServiceManager: Waiting for service 'sensorservice' on '/dev/binder'...
01-11 10:08:19.086   618  1023 I ServiceManager: Waiting for service 'sensorservice' on '/dev/binder'...
01-11 10:08:19.113   567  1412 I ServiceManager: Waiting for service 'package_native' on '/dev/binder'...
01-11 10:08:19.146   618   986 I ServiceManager: Waiting for service 'sensorservice' on '/dev/binder'...
01-11 10:08:19.186   618  1023 I ServiceManager: Waiting for service 'sensorservice' on '/dev/binder'...
01-11 10:08:19.191   543   543 E QTI_SDM_INFO: [qti_rmnet_peripheral.c:739] qti_file_open():Could not open device file. Errno 2 error msg=No such file or directory
01-11 10:08:19.213   567  1412 I ServiceManager: Waiting for service 'package_native' on '/dev/binder'...
01-11 10:08:19.246   618   986 I ServiceManager: Waiting for service 'sensorservice' on '/dev/binder'...
01-11 10:08:19.286   618  1023 I ServiceManager: Waiting for service 'sensorservice' on '/dev/binder'...
01-11 10:08:19.288   554   554 W ServiceManagement: Waited one second for android.hardware.camera.provider@2.4::ICameraProvider/legacy/0
01-11 10:08:19.289   554   554 I ServiceManagement: getService: Trying again for android.hardware.camera.provider@2.4::ICameraProvider/legacy/0...
01-11 10:08:19.314   567  1412 I ServiceManager: Waiting for service 'package_native' on '/dev/binder'...
01-11 10:08:19.346   618   986 I ServiceManager: Waiting for service 'sensorservice' on '/dev/binder'...
01-11 10:08:19.347  1171  1312 W ServiceManagement: Waited one second for android.hardware.power@1.0::IPower/default
01-11 10:08:19.348  1171  1312 I ServiceManagement: getService: Trying again for android.hardware.power@1.0::IPower/default...
01-11 10:08:19.386   618  1023 I ServiceManager: Waiting for service 'sensorservice' on '/dev/binder'...
01-11 10:08:19.414   567  1412 I ServiceManager: Waiting for service 'package_native' on '/dev/binder'...
01-11 10:08:19.447   618   986 I ServiceManager: Waiting for service 'sensorservice' on '/dev/binder'...
01-11 10:08:19.483  1171  1171 W ServiceManagement: Waited one second for android.hardware.power@1.0::IPower/default
01-11 10:08:19.483  1171  1171 I ServiceManagement: getService: Trying again for android.hardware.power@1.0::IPower/default...
01-11 10:08:19.487   618  1023 I ServiceManager: Waiting for service 'sensorservice' on '/dev/binder'...
01-11 10:08:19.514   567  1412 I ServiceManager: Waiting for service 'package_native' on '/dev/binder'...
01-11 10:08:19.547   618   986 I ServiceManager: Waiting for service 'sensorservice' on '/dev/binder'...
01-11 10:08:19.587   618  1023 I ServiceManager: Waiting for service 'sensorservice' on '/dev/binder'...
01-11 10:08:19.589   481   481 W ServiceManagement: Waited one second for android.hardware.power@1.1::IPower/default
01-11 10:08:19.589   481   481 I ServiceManagement: getService: Trying again for android.hardware.power@1.1::IPower/default...
01-11 10:08:19.615   567  1412 I ServiceManager: Waiting for service 'package_native' on '/dev/binder'...
01-11 10:08:19.647   618   986 I ServiceManager: Waiting for service 'sensorservice' on '/dev/binder'...
01-11 10:08:19.687   618  1023 I ServiceManager: Waiting for service 'sensorservice' on '/dev/binder'...
01-11 10:08:19.715   567  1412 I ServiceManager: Waiting for service 'package_native' on '/dev/binder'...
01-11 10:08:19.748   618   986 I ServiceManager: Waiting for service 'sensorservice' on '/dev/binder'...
01-11 10:08:19.788   618  1023 I ServiceManager: Waiting for service 'sensorservice' on '/dev/binder'...
01-11 10:08:19.815   567  1412 I ServiceManager: Waiting for service 'package_native' on '/dev/binder'...
01-11 10:08:19.817   642   744 W ServiceManagement: Waited one second for android.frameworks.sensorservice@1.0::ISensorManager/default
01-11 10:08:19.817   642   744 I ServiceManagement: getService: Trying again for android.frameworks.sensorservice@1.0::ISensorManager/default...
01-11 10:08:19.848   618   986 I ServiceManager: Waiting for service 'sensorservice' on '/dev/binder'...
01-11 10:08:19.863  1337  1337 I imsrcsd : getAndroidPropValue : vendor.ims.modem.multisub.cap[1]
01-11 10:08:19.863  1337  1337 I imsrcsd : Uce Service HAL  detected modemVersion[1]
01-11 10:08:19.863  1337  1337 I imsrcsd : getAndroidPropValue : vendor.ims.rcs_version[1]
01-11 10:08:19.863  1337  1337 I imsrcsd : getAndroidPropValue : vendor.ims.rcs_version[1]
01-11 10:08:19.863  1337  1337 I imsrcsd : Uce Service HAL  loading lib-uceservice
01-11 10:08:19.888   618  1023 I ServiceManager: Waiting for service 'sensorservice' on '/dev/binder'...
01-11 10:08:19.915   567  1412 I ServiceManager: Waiting for service 'package_native' on '/dev/binder'...
01-11 10:08:19.939  1337  1337 E Diag_Lib: DPL : gIsQXDMDisabled 0, gIsADBDisabled 1, gIsDebugDisabled 0, gIsIMSLogsDisabled 0 gIsDebugDataPathDisabled = 0
01-11 10:08:19.948   618   986 I ServiceManager: Waiting for service 'sensorservice' on '/dev/binder'...
01-11 10:08:19.988   618  1023 I ServiceManager: Waiting for service 'sensorservice' on '/dev/binder'...
01-11 10:08:20.014   545   585 D QC-time-services: Daemon:genoff_wlan_qmi_service_request: qmi_client_get_service_list returned -2num_services 0
01-11 10:08:20.014   545   585 E QC-time-services: Daemon:genoff_wlan_qmi_service_request:retry count exceeds limitQMI init failed continuing withoutserver
01-11 10:08:20.016   567  1412 I ServiceManager: Waiting for service 'package_native' on '/dev/binder'...
01-11 10:08:20.048   618   986 I ServiceManager: Waiting for service 'sensorservice' on '/dev/binder'...
01-11 10:08:20.055  1337  1437 E Diag_Lib: [IMS_FATAL]| 1437 |qpCheckSockEventsOnNetConnProfiles : pNetConnProfileArray NULL
01-11 10:08:20.060  1337  1437 I chatty  : uid=1000(system) /system/vendor/bin/imsrcsd identical 12 lines
01-11 10:08:20.060  1337  1437 E Diag_Lib: [IMS_FATAL]| 1437 |qpCheckSockEventsOnNetConnProfiles : pNetConnProfileArray NULL
01-11 10:08:20.060  1337  1437 E Diag_Lib: DPL : gIsQXDMDisabled 0, gIsADBDisabled 1, gIsDebugDisabled 0, gIsIMSLogsDisabled 0 gIsDebugDataPathDisabled = 0
01-11 10:08:20.063  1337  1337 I imsrcsd : type=1400 audit(0.0:883): avc: denied { wake_alarm } for capability=35 scontext=u:r:init:s0 tcontext=u:r:init:s0 tclass=capability2 permissive=1
01-11 10:08:20.065  1337  1437 I com.qualcomm.qti.uceservice@1.0-service: Successful Initialization
01-11 10:08:20.066  1337  1437 I com.qualcomm.qti.uceservice@1.0-service: Starting Service for First Time
01-11 10:08:20.066  1337  1437 I ServiceManagement: Registered com.qualcomm.qti.uceservice@2.0::IUceService/com.qualcomm.qti.uceservice (start delay of 5228ms)
01-11 10:08:20.067  1337  1437 I ServiceManagement: Registered com.qualcomm.qti.imscmservice@2.0::IImsCmService/qti.ims.connectionmanagerservice (start delay of 5229ms)
01-11 10:08:20.089   618  1023 I ServiceManager: Waiting for service 'sensorservice' on '/dev/binder'...
01-11 10:08:20.116   567  1412 I ServiceManager: Waiting for service 'package_native' on '/dev/binder'...
01-11 10:08:20.149   618   986 I ServiceManager: Waiting for service 'sensorservice' on '/dev/binder'...
01-11 10:08:20.189   618  1023 I ServiceManager: Waiting for service 'sensorservice' on '/dev/binder'...
01-11 10:08:20.190  1447  1447 I qti     : type=1400 audit(0.0:884): avc: denied { execute_no_trans } for path="/vendor/bin/sh" dev="mmcblk0p48" ino=213 scontext=u:r:init:s0 tcontext=u:object_r:vendor_shell_exec:s0 tclass=file permissive=1
01-11 10:08:20.191   543   543 E QTI_SDM_INFO: [qti_rmnet_peripheral.c:756] qti_file_open():Could not open device file. Abort. Errno 2 error msg=No such file or directory
01-11 10:08:20.191   543   543 E QTI_SDM_INFO: [qti_rmnet_peripheral.c:841] qti_rmnet_ph_init():Failed to open MHI peripheral device file. Abort. Error 2
01-11 10:08:20.192   543   543 I QTI_SDM_INFO: [qti_rmnet_dpm.c:237] qti_dpm_init():qti_dpm_init()
01-11 10:08:20.192   543   543 E QMI_FW  : QMUXD: WARNING qmi_qmux_if_pwr_up_init failed! rc=-6
01-11 10:08:20.192   543   543 I QTI_SDM_INFO: [qti_rmnet_dpm.c:630] dpm_service_available_cb():dpm_service_available_cb
01-11 10:08:20.192   543   543 I QTI_SDM_INFO: [qti_rmnet_dpm.c:266] qti_dpm_init():Successful DPM service registration
01-11 10:08:20.192   543   543 I QTI_SDM_INFO: [qti_rmnet_peripheral.c:1428] qti_dpl_ph_init():Open DPL file to receive QMI messages
01-11 10:08:20.192   543   543 I QTI_SDM_INFO: [qti_rmnet_peripheral.c:747] qti_file_open():Successfully opened device file. FD is 11
01-11 10:08:20.192   543   543 I QTI_SDM_INFO: [qti_rmnet_peripheral.c:1443] qti_dpl_ph_init():Opened DPL file's fd is 11
01-11 10:08:20.192   543   543 I QTI_SDM_INFO: [qti_rmnet_peripheral.c:580] qti_rmnet_ph_recv_msg():Read 0 data from peripheral device file
01-11 10:08:20.192   543  1444 I QTI_SDM_INFO: [qti_rmnet_dpm.c:133] dpm_client_init(): DPM client inited 2
01-11 10:08:20.192   543   543 I QTI_SDM_INFO: [qti_rmnet_peripheral.c:406] qti_rmnet_process_ph_reset():will be handle later, DTR status:0 & is_ssr_in_progress:1
01-11 10:08:20.192   543  1444 I QTI_SDM_INFO: [qti_rmnet_peripheral.c:1221] qti_rmnet_ph_set_modem_state():Received set modem state to 1
01-11 10:08:20.192   543  1444 I QTI_SDM_INFO: [qti_rmnet_peripheral.c:1258] qti_rmnet_ph_set_modem_state():Successfully set modem state on USB driver file
01-11 10:08:20.192   543   543 I QTI_SDM_INFO: [qti_rmnet_peripheral.c:580] qti_rmnet_ph_recv_msg():Read 0 data from peripheral device file
01-11 10:08:20.192   543   543 I QTI_SDM_INFO: [qti_rmnet_peripheral.c:406] qti_rmnet_process_ph_reset():will be handle later, DTR status:0 & is_ssr_in_progress:1
01-11 10:08:20.192   543  1444 I QTI_SDM_INFO: [qti_rmnet_dpm.c:301] qti_rmnet_dpm_port_open():qti_rmnet_dpm_port_open Entry
01-11 10:08:20.192   543  1444 I QTI_SDM_INFO: [qti_rmnet_peripheral.c:972] qti_rmnet_ph_get_ep_info():ul fifo size 0, dl fifo size 0, dl buf size 0
01-11 10:08:20.192   543   543 I QTI_SDM_INFO: [qti_rmnet_peripheral.c:580] qti_rmnet_ph_recv_msg():Read 0 data from peripheral device file
01-11 10:08:20.192   543   543 I QTI_SDM_INFO: [qti_rmnet_peripheral.c:307] qti_rmnet_process_ph_reset():Couldn't get FRMNET LINE STATE from driver
01-11 10:08:20.192   543   543 I QTI_SDM_INFO: [qti_rmnet_peripheral.c:580] qti_rmnet_ph_recv_msg():Read 16 data from peripheral device file
01-11 10:08:20.192   543   543 I QTI_SDM_INFO: [qti_rmnet_peripheral.c:406] qti_rmnet_process_ph_reset():will be handle later, DTR status:0 & is_ssr_in_progress:1
01-11 10:08:20.192   543   543 I QTI_SDM_INFO: [qti_rmnet_qmi.c:534] qti_rmnet_process_qmi_tx_to_modem():Received QMI message of service type 0 message id 1024
01-11 10:08:20.192   543   543 I QTI_SDM_INFO: [qti_rmnet_modem.c:1076] qti_rmnet_modem_send_msg():Will send QMI message of size 16 to modem
01-11 10:08:20.192   543   543 E QTI_SDM_INFO: [qti_rmnet_modem.c:1081] qti_rmnet_modem_send_msg():Tried to send QMI message to modem, but modem interface not inited
01-11 10:08:20.192   543   543 I QTI_SDM_INFO: [qti_rmnet_peripheral.c:580] qti_rmnet_ph_recv_msg():Read 16 data from peripheral device file
01-11 10:08:20.192   543   543 I QTI_SDM_INFO: [qti_rmnet_peripheral.c:406] qti_rmnet_process_ph_reset():will be handle later, DTR status:0 & is_ssr_in_progress:1
01-11 10:08:20.192   543   543 I QTI_SDM_INFO: [qti_rmnet_qmi.c:534] qti_rmnet_process_qmi_tx_to_modem():Received QMI message of service type 0 message id 1024
01-11 10:08:20.192   543   543 I QTI_SDM_INFO: [qti_rmnet_modem.c:1076] qti_rmnet_modem_send_msg():Will send QMI message of size 16 to modem
01-11 10:08:20.192   543   543 E QTI_SDM_INFO: [qti_rmnet_modem.c:1081] qti_rmnet_modem_send_msg():Tried to send QMI message to modem, but modem interface not inited
01-11 10:08:20.192   543   543 I QTI_SDM_INFO: [qti_rmnet_peripheral.c:580] qti_rmnet_ph_recv_msg():Read 16 data from peripheral device file
01-11 10:08:20.193   543   543 I QTI_SDM_INFO: [qti_rmnet_peripheral.c:406] qti_rmnet_process_ph_reset():will be handle later, DTR status:0 & is_ssr_in_progress:1
01-11 10:08:20.193   543   543 I QTI_SDM_INFO: [qti_rmnet_qmi.c:534] qti_rmnet_process_qmi_tx_to_modem():Received QMI message of service type 0 message id 1024
01-11 10:08:20.193   543   543 I QTI_SDM_INFO: [qti_rmnet_modem.c:1076] qti_rmnet_modem_send_msg():Will send QMI message of size 16 to modem
01-11 10:08:20.193   543   543 E QTI_SDM_INFO: [qti_rmnet_modem.c:1081] qti_rmnet_modem_send_msg():Tried to send QMI message to modem, but modem interface not inited
01-11 10:08:20.193   543   543 I QTI_SDM_INFO: [qti_rmnet_peripheral.c:580] qti_rmnet_ph_recv_msg():Read 16 data from peripheral device file
01-11 10:08:20.193   543   543 I QTI_SDM_INFO: [qti_rmnet_peripheral.c:406] qti_rmnet_process_ph_reset():will be handle later, DTR status:0 & is_ssr_in_progress:1
01-11 10:08:20.193   543   543 I QTI_SDM_INFO: [qti_rmnet_qmi.c:534] qti_rmnet_process_qmi_tx_to_modem():Received QMI message of service type 0 message id 1024
01-11 10:08:20.193   543   543 I QTI_SDM_INFO: [qti_rmnet_modem.c:1076] qti_rmnet_modem_send_msg():Will send QMI message of size 16 to modem
01-11 10:08:20.193   543   543 E QTI_SDM_INFO: [qti_rmnet_modem.c:1081] qti_rmnet_modem_send_msg():Tried to send QMI message to modem, but modem interface not inited
01-11 10:08:20.193   543   543 I QTI_SDM_INFO: [qti_rmnet_peripheral.c:580] qti_rmnet_ph_recv_msg():Read 16 data from peripheral device file
01-11 10:08:20.193   543   543 I QTI_SDM_INFO: [qti_rmnet_peripheral.c:406] qti_rmnet_process_ph_reset():will be handle later, DTR status:0 & is_ssr_in_progress:1
01-11 10:08:20.193   543   543 I QTI_SDM_INFO: [qti_rmnet_qmi.c:534] qti_rmnet_process_qmi_tx_to_modem():Received QMI message of service type 0 message id 1024
01-11 10:08:20.193   543   543 I QTI_SDM_INFO: [qti_rmnet_modem.c:1076] qti_rmnet_modem_send_msg():Will send QMI message of size 16 to modem
01-11 10:08:20.193   543   543 E QTI_SDM_INFO: [qti_rmnet_modem.c:1081] qti_rmnet_modem_send_msg():Tried to send QMI message to modem, but modem interface not inited
01-11 10:08:20.193   543   543 I QTI_SDM_INFO: [qti_rmnet_peripheral.c:580] qti_rmnet_ph_recv_msg():Read 16 data from peripheral device file
01-11 10:08:20.193   543   543 I QTI_SDM_INFO: [qti_rmnet_peripheral.c:406] qti_rmnet_process_ph_reset():will be handle later, DTR status:0 & is_ssr_in_progress:1
01-11 10:08:20.193   543   543 I QTI_SDM_INFO: [qti_rmnet_qmi.c:534] qti_rmnet_process_qmi_tx_to_modem():Received QMI message of service type 0 message id 1024
01-11 10:08:20.193   543   543 I QTI_SDM_INFO: [qti_rmnet_modem.c:1076] qti_rmnet_modem_send_msg():Will send QMI message of size 16 to modem
01-11 10:08:20.193   543   543 E QTI_SDM_INFO: [qti_rmnet_modem.c:1081] qti_rmnet_modem_send_msg():Tried to send QMI message to modem, but modem interface not inited
01-11 10:08:20.193   543   543 I QTI_SDM_INFO: [qti_rmnet_peripheral.c:580] qti_rmnet_ph_recv_msg():Read 16 data from peripheral device file
01-11 10:08:20.193   543   543 I QTI_SDM_INFO: [qti_rmnet_peripheral.c:406] qti_rmnet_process_ph_reset():will be handle later, DTR status:0 & is_ssr_in_progress:1
01-11 10:08:20.193   543   543 I QTI_SDM_INFO: [qti_rmnet_qmi.c:534] qti_rmnet_process_qmi_tx_to_modem():Received QMI message of service type 0 message id 1024
01-11 10:08:20.193   543   543 I QTI_SDM_INFO: [qti_rmnet_modem.c:1076] qti_rmnet_modem_send_msg():Will send QMI message of size 16 to modem
01-11 10:08:20.193   543   543 E QTI_SDM_INFO: [qti_rmnet_modem.c:1081] qti_rmnet_modem_send_msg():Tried to send QMI message to modem, but modem interface not inited
01-11 10:08:20.193   543   543 I QTI_SDM_INFO: [qti_rmnet_peripheral.c:580] qti_rmnet_ph_recv_msg():Read 16 data from peripheral device file
01-11 10:08:20.193   543   543 I QTI_SDM_INFO: [qti_rmnet_peripheral.c:406] qti_rmnet_process_ph_reset():will be handle later, DTR status:0 & is_ssr_in_progress:1
01-11 10:08:20.193   543   543 I QTI_SDM_INFO: [qti_rmnet_qmi.c:534] qti_rmnet_process_qmi_tx_to_modem():Received QMI message of service type 0 message id 1024
01-11 10:08:20.193   543   543 I QTI_SDM_INFO: [qti_rmnet_modem.c:1076] qti_rmnet_modem_send_msg():Will send QMI message of size 16 to modem
01-11 10:08:20.193   543   543 E QTI_SDM_INFO: [qti_rmnet_modem.c:1081] qti_rmnet_modem_send_msg():Tried to send QMI message to modem, but modem interface not inited
01-11 10:08:20.193   543   543 I QTI_SDM_INFO: [qti_rmnet_peripheral.c:580] qti_rmnet_ph_recv_msg():Read 16 data from peripheral device file
01-11 10:08:20.193   543   543 I QTI_SDM_INFO: [qti_rmnet_peripheral.c:406] qti_rmnet_process_ph_reset():will be handle later, DTR status:0 & is_ssr_in_progress:1
01-11 10:08:20.193   543   543 I QTI_SDM_INFO: [qti_rmnet_qmi.c:534] qti_rmnet_process_qmi_tx_to_modem():Received QMI message of service type 0 message id 1024
01-11 10:08:20.193   543   543 I QTI_SDM_INFO: [qti_rmnet_modem.c:1076] qti_rmnet_modem_send_msg():Will send QMI message of size 16 to modem
01-11 10:08:20.193   543   543 E QTI_SDM_INFO: [qti_rmnet_modem.c:1081] qti_rmnet_modem_send_msg():Tried to send QMI message to modem, but modem interface not inited
01-11 10:08:20.202   543  1444 I QTI_SDM_INFO: [qti_rmnet_peripheral.c:1026] qti_rmnet_ph_get_ep_info():Peripheral type 5, peripheral id 8, ipa consumer EP 0, ipa producer EP 0
01-11 10:08:20.202   543  1444 I QTI_SDM_INFO: [qti_rmnet_peripheral.c:1030] qti_rmnet_ph_get_ep_info():Peripheral ul fifo size 0, dl fifo size 0, dl buf size 0
01-11 10:08:20.202   543  1444 I QTI_SDM_INFO: [qti_rmnet_dpm.c:458] qti_rmnet_dpm_port_close():qti_rmnet_dpm_port_close Entry
01-11 10:08:20.203   543  1444 I QTI_SDM_INFO: [qti_rmnet_dpm.c:494] qti_rmnet_dpm_port_close():qmi_client_send_msg_sync(dpm_port_close): error 0 result 0
01-11 10:08:20.203   543  1444 I QTI_SDM_INFO: [qti_rmnet_dpm.c:504] qti_rmnet_dpm_port_close():DPM port closed
01-11 10:08:20.216   567  1412 I ServiceManager: Waiting for service 'package_native' on '/dev/binder'...
01-11 10:08:20.249   618   986 I ServiceManager: Waiting for service 'sensorservice' on '/dev/binder'...
01-11 10:08:20.289   554   554 W ServiceManagement: Waited one second for android.hardware.camera.provider@2.4::ICameraProvider/legacy/0
01-11 10:08:20.289   618  1023 I ServiceManager: Waiting for service 'sensorservice' on '/dev/binder'...
01-11 10:08:20.290   554   554 I ServiceManagement: getService: Trying again for android.hardware.camera.provider@2.4::ICameraProvider/legacy/0...
01-11 10:08:20.316   567  1412 I ServiceManager: Waiting for service 'package_native' on '/dev/binder'...
01-11 10:08:20.348  1171  1312 W ServiceManagement: Waited one second for android.hardware.power@1.0::IPower/default
01-11 10:08:20.349  1171  1312 I ServiceManagement: getService: Trying again for android.hardware.power@1.0::IPower/default...
01-11 10:08:20.349   618   986 I ServiceManager: Waiting for service 'sensorservice' on '/dev/binder'...
01-11 10:08:20.389   618  1023 I ServiceManager: Waiting for service 'sensorservice' on '/dev/binder'...
01-11 10:08:20.416   567  1412 I ServiceManager: Waiting for service 'package_native' on '/dev/binder'...
01-11 10:08:20.450   618   986 I ServiceManager: Waiting for service 'sensorservice' on '/dev/binder'...
01-11 10:08:20.484  1171  1171 W ServiceManagement: Waited one second for android.hardware.power@1.0::IPower/default
01-11 10:08:20.484  1171  1171 I ServiceManagement: getService: Trying again for android.hardware.power@1.0::IPower/default...
01-11 10:08:20.490   618  1023 I ServiceManager: Waiting for service 'sensorservice' on '/dev/binder'...
01-11 10:08:20.517   567  1412 I ServiceManager: Waiting for service 'package_native' on '/dev/binder'...
01-11 10:08:20.550   618   986 I ServiceManager: Waiting for service 'sensorservice' on '/dev/binder'...
01-11 10:08:20.590   481   481 W ServiceManagement: Waited one second for android.hardware.power@1.1::IPower/default
01-11 10:08:20.590   618  1023 I ServiceManager: Waiting for service 'sensorservice' on '/dev/binder'...
01-11 10:08:20.590   481   481 I ServiceManagement: getService: Trying again for android.hardware.power@1.1::IPower/default...
01-11 10:08:20.617   567  1412 I ServiceManager: Waiting for service 'package_native' on '/dev/binder'...
01-11 10:08:20.650   618   986 I ServiceManager: Waiting for service 'sensorservice' on '/dev/binder'...
01-11 10:08:20.690   618  1023 I ServiceManager: Waiting for service 'sensorservice' on '/dev/binder'...
01-11 10:08:20.717   567  1412 I ServiceManager: Waiting for service 'package_native' on '/dev/binder'...
01-11 10:08:20.750   618   986 I ServiceManager: Waiting for service 'sensorservice' on '/dev/binder'...
01-11 10:08:20.790   618  1023 I ServiceManager: Waiting for service 'sensorservice' on '/dev/binder'...
01-11 10:08:20.817   567  1412 I ServiceManager: Waiting for service 'package_native' on '/dev/binder'...
01-11 10:08:20.817   642   744 W ServiceManagement: Waited one second for android.frameworks.sensorservice@1.0::ISensorManager/default
01-11 10:08:20.818   642   744 I ServiceManagement: getService: Trying again for android.frameworks.sensorservice@1.0::ISensorManager/default...
01-11 10:08:20.851   618   986 I ServiceManager: Waiting for service 'sensorservice' on '/dev/binder'...
01-11 10:08:20.891   618  1023 I ServiceManager: Waiting for service 'sensorservice' on '/dev/binder'...
01-11 10:08:20.911   543   543 I QTI_SDM_INFO: [qti_rmnet_peripheral.c:580] qti_rmnet_ph_recv_msg():Read 16 data from peripheral device file
01-11 10:08:20.911   543   543 I QTI_SDM_INFO: [qti_rmnet_peripheral.c:406] qti_rmnet_process_ph_reset():will be handle later, DTR status:0 & is_ssr_in_progress:1
01-11 10:08:20.911   543   543 I QTI_SDM_INFO: [qti_rmnet_qmi.c:534] qti_rmnet_process_qmi_tx_to_modem():Received QMI message of service type 0 message id 1024
01-11 10:08:20.911   543   543 I QTI_SDM_INFO: [qti_rmnet_modem.c:1076] qti_rmnet_modem_send_msg():Will send QMI message of size 16 to modem
01-11 10:08:20.911   543   543 E QTI_SDM_INFO: [qti_rmnet_modem.c:1081] qti_rmnet_modem_send_msg():Tried to send QMI message to modem, but modem interface not inited
01-11 10:08:20.918   567  1412 I ServiceManager: Waiting for service 'package_native' on '/dev/binder'...
01-11 10:08:20.951   618   986 I ServiceManager: Waiting for service 'sensorservice' on '/dev/binder'...
01-11 10:08:20.991   618  1023 I ServiceManager: Waiting for service 'sensorservice' on '/dev/binder'...
01-11 10:08:21.018   567  1412 I ServiceManager: Waiting for service 'package_native' on '/dev/binder'...
01-11 10:08:21.051   618   986 I ServiceManager: Waiting for service 'sensorservice' on '/dev/binder'...
01-11 10:08:21.091   618  1023 I ServiceManager: Waiting for service 'sensorservice' on '/dev/binder'...
01-11 10:08:21.118   567  1412 W ServiceManager: Service package_native didn't start. Returning NULL
01-11 10:08:21.118   567  1412 E storaged: getService package_native failed
01-11 10:08:21.120   567   783 I ServiceManager: Waiting for service 'package_native' on '/dev/binder'...
01-11 10:08:21.151   618   986 I ServiceManager: Waiting for service 'sensorservice' on '/dev/binder'...
01-11 10:08:21.191   618  1023 I ServiceManager: Waiting for service 'sensorservice' on '/dev/binder'...
01-11 10:08:21.200  1453  1453 I qti     : type=1400 audit(0.0:885): avc: denied { execute_no_trans } for path="/vendor/bin/sh" dev="mmcblk0p48" ino=213 scontext=u:r:init:s0 tcontext=u:object_r:vendor_shell_exec:s0 tclass=file permissive=1
01-11 10:08:21.213   543  1444 I QTI_SDM_INFO: [qti_rmnet_dpm.c:390] qti_rmnet_dpm_port_open():Sending to modem  SMD channel DATA40_CNTL, Peripheral type 5, peripheral id 8, ipa consumer EP 0, ipa producer EP 0
01-11 10:08:21.213   543  1444 I QTI_SDM_INFO: [qti_rmnet_dpm.c:394] qti_rmnet_dpm_port_open():Sending to modem  SMD channel ul fifo size 0, dl fifo size 0, dl buf size 0
01-11 10:08:21.210   489   489 I HWC_UeventThrea: type=1400 audit(0.0:886): avc: denied { read } for scontext=u:r:hal_graphics_composer_default:s0 tcontext=u:r:hal_graphics_composer_default:s0 tclass=netlink_kobject_uevent_socket permissive=1
01-11 10:08:21.213   543  1444 I QTI_SDM_INFO: [qti_rmnet_dpm.c:407] qti_rmnet_dpm_port_open():qmi_client_send_msg_sync(dpm_port_open): error 0 result 0
01-11 10:08:21.213   543  1444 I QTI_SDM_INFO: [qti_rmnet_dpm.c:417] qti_rmnet_dpm_port_open():DPM port opened
01-11 10:08:21.220   567   783 I ServiceManager: Waiting for service 'package_native' on '/dev/binder'...
01-11 10:08:21.223   543  1444 I QTI_SDM_INFO: [qti_rmnet_modem.c:935] qti_rmnet_modem_init_interface():Open mode interface to send QMI messages
01-11 10:08:21.224   543  1444 I QTI_SDM_INFO: [qti_rmnet_peripheral.c:747] qti_file_open():Successfully opened device file. FD is 15
01-11 10:08:21.224   543  1444 I QTI_SDM_INFO: [qti_rmnet_modem.c:948] qti_rmnet_modem_init_interface():Opened file's fd is 15
01-11 10:08:21.224   543  1444 I QTI_SDM_INFO: [qti_rmnet_peripheral.c:1221] qti_rmnet_ph_set_modem_state():Received set modem state to 1
01-11 10:08:21.224   543  1444 I QTI_SDM_INFO: [qti_rmnet_peripheral.c:1258] qti_rmnet_ph_set_modem_state():Successfully set modem state on USB driver file
01-11 10:08:21.225   543  1444 I QTI_SDM_INFO: [qti_rmnet_modem.c:1264] qti_rmnet_modem_set_dtr():Request to set DTR 1
01-11 10:08:21.225   543  1444 I QTI_SDM_INFO: [qti_rmnet_modem.c:1273] qti_rmnet_modem_set_dtr():Setting DTR bit HIGH
01-11 10:08:21.225   543  1444 I QTI_SDM_INFO: [qti_rmnet_modem.c:1284] qti_rmnet_modem_set_dtr():DTR bit will be set to dtr_sig:70
01-11 10:08:21.225   543  1444 I QTI_SDM_INFO: [qti_rmnet_modem.c:1291] qti_rmnet_modem_set_dtr():Success Setting DTR bit HIGH
01-11 10:08:21.225   543  1444 I QTI_SDM_INFO: [qti_rmnet_modem.c:1874] qti_rmnet_modem_in_service():QTI succeeded to signal DTR high
01-11 10:08:21.225   543  1444 I QTI_SDM_INFO: [qti_rmnet_modem.c:1891] qti_rmnet_modem_in_service():USB DPL cable not connected. So dont initialize DPL components
01-11 10:08:21.225   543  1444 I QTI_SDM_INFO: [qti_rmnet_peripheral.c:1298] qti_dpl_process_ph_reset():Processing DPL peripheral reset
01-11 10:08:21.225   543  1444 I QTI_SDM_INFO: [qti_rmnet_peripheral.c:1312] qti_dpl_process_ph_reset():DPL line state 0
01-11 10:08:21.225   543  1444 I QTI_SDM_INFO: [qti_rmnet_peripheral.c:1386] qti_dpl_process_ph_reset():Completed DPL peripheral reset processing
01-11 10:08:21.225   543  1444 I QTI_SDM_INFO: [qti_cmdq.c:113] qti_cmdq_cmd_free():qcmap_cmdq: free one commmand data
01-11 10:08:21.252   618   986 I ServiceManager: Waiting for service 'sensorservice' on '/dev/binder'...
01-11 10:08:21.290   554   554 W ServiceManagement: Waited one second for android.hardware.camera.provider@2.4::ICameraProvider/legacy/0
01-11 10:08:21.291   554   554 I ServiceManagement: getService: Trying again for android.hardware.camera.provider@2.4::ICameraProvider/legacy/0...
01-11 10:08:21.292   618  1023 I ServiceManager: Waiting for service 'sensorservice' on '/dev/binder'...
01-11 10:08:21.320   567   783 I ServiceManager: Waiting for service 'package_native' on '/dev/binder'...
01-11 10:08:21.349  1171  1312 W ServiceManagement: Waited one second for android.hardware.power@1.0::IPower/default
01-11 10:08:21.350  1171  1312 I ServiceManagement: getService: Trying again for android.hardware.power@1.0::IPower/default...
01-11 10:08:21.352   618   986 I ServiceManager: Waiting for service 'sensorservice' on '/dev/binder'...
01-11 10:08:21.392   618  1023 I ServiceManager: Waiting for service 'sensorservice' on '/dev/binder'...
01-11 10:08:21.421   567   783 I ServiceManager: Waiting for service 'package_native' on '/dev/binder'...
01-11 10:08:21.452   618   986 I ServiceManager: Waiting for service 'sensorservice' on '/dev/binder'...
01-11 10:08:21.485  1171  1171 W ServiceManagement: Waited one second for android.hardware.power@1.0::IPower/default
01-11 10:08:21.485  1171  1171 I ServiceManagement: getService: Trying again for android.hardware.power@1.0::IPower/default...
01-11 10:08:21.492   618  1023 I ServiceManager: Waiting for service 'sensorservice' on '/dev/binder'...
01-11 10:08:21.521   567   783 I ServiceManager: Waiting for service 'package_native' on '/dev/binder'...
01-11 10:08:21.553   618   986 I ServiceManager: Waiting for service 'sensorservice' on '/dev/binder'...
01-11 10:08:21.591   481   481 W ServiceManagement: Waited one second for android.hardware.power@1.1::IPower/default
01-11 10:08:21.591   481   481 I ServiceManagement: getService: Trying again for android.hardware.power@1.1::IPower/default...
01-11 10:08:21.593   618  1023 I ServiceManager: Waiting for service 'sensorservice' on '/dev/binder'...
01-11 10:08:21.621   567   783 I ServiceManager: Waiting for service 'package_native' on '/dev/binder'...
01-11 10:08:21.653   618   986 I ServiceManager: Waiting for service 'sensorservice' on '/dev/binder'...
01-11 10:08:21.693   618  1023 I ServiceManager: Waiting for service 'sensorservice' on '/dev/binder'...
01-11 10:08:21.721   567   783 I ServiceManager: Waiting for service 'package_native' on '/dev/binder'...
01-11 10:08:21.753   618   986 I ServiceManager: Waiting for service 'sensorservice' on '/dev/binder'...
01-11 10:08:21.793   618  1023 I ServiceManager: Waiting for service 'sensorservice' on '/dev/binder'...
01-11 10:08:21.818   642   744 W ServiceManagement: Waited one second for android.frameworks.sensorservice@1.0::ISensorManager/default
01-11 10:08:21.819   642   744 I ServiceManagement: getService: Trying again for android.frameworks.sensorservice@1.0::ISensorManager/default...
01-11 10:08:21.822   567   783 I ServiceManager: Waiting for service 'package_native' on '/dev/binder'...
01-11 10:08:21.853   618   986 I ServiceManager: Waiting for service 'sensorservice' on '/dev/binder'...
01-11 10:08:21.893   618  1023 I ServiceManager: Waiting for service 'sensorservice' on '/dev/binder'...
01-11 10:08:21.922   567   783 I ServiceManager: Waiting for service 'package_native' on '/dev/binder'...
01-11 10:08:21.927   543   543 I QTI_SDM_INFO: [qti_rmnet_peripheral.c:580] qti_rmnet_ph_recv_msg():Read 16 data from peripheral device file
01-11 10:08:21.927   543   543 I QTI_SDM_INFO: [qti_rmnet_qmi.c:534] qti_rmnet_process_qmi_tx_to_modem():Received QMI message of service type 0 message id 1024
01-11 10:08:21.927   543   543 I QTI_SDM_INFO: [qti_rmnet_modem.c:1076] qti_rmnet_modem_send_msg():Will send QMI message of size 16 to modem
01-11 10:08:21.927   543   543 I QTI_SDM_INFO: [qti_rmnet_modem.c:1101] qti_rmnet_modem_send_msg():Successfully sent message to modem size 16 on fd 15
01-11 10:08:21.927   543   543 I QTI_SDM_INFO: [qti_rmnet_modem.c:1151] qti_rmnet_modem_recv_msg():Read 12 data from modem device file
01-11 10:08:21.927   543   543 I QTI_SDM_INFO: [qti_rmnet_qmi.c:649] qti_rmnet_process_qmi_rx_from_modem():Received QMI message of service type 0
01-11 10:08:21.927   543   543 I QTI_SDM_INFO: [qti_rmnet_peripheral.c:929] qti_rmnet_ph_send_msg():Successfully sent message to host size 12 on fd 6
01-11 10:08:21.928   543   543 I QTI_SDM_INFO: [qti_rmnet_modem.c:1151] qti_rmnet_modem_recv_msg():Read 173 data from modem device file
01-11 10:08:21.928   543   543 I QTI_SDM_INFO: [qti_rmnet_qmi.c:649] qti_rmnet_process_qmi_rx_from_modem():Received QMI message of service type 0
01-11 10:08:21.928   543   543 I QTI_SDM_INFO: [qti_rmnet_peripheral.c:929] qti_rmnet_ph_send_msg():Successfully sent message to host size 173 on fd 6
01-11 10:08:21.933   543   543 I QTI_SDM_INFO: [qti_rmnet_peripheral.c:580] qti_rmnet_ph_recv_msg():Read 12 data from peripheral device file
01-11 10:08:21.933   543   543 I QTI_SDM_INFO: [qti_rmnet_qmi.c:534] qti_rmnet_process_qmi_tx_to_modem():Received QMI message of service type 0 message id 0
01-11 10:08:21.933   543   543 I QTI_SDM_INFO: [qti_rmnet_modem.c:1076] qti_rmnet_modem_send_msg():Will send QMI message of size 12 to modem
01-11 10:08:21.933   543   543 I QTI_SDM_INFO: [qti_rmnet_modem.c:1101] qti_rmnet_modem_send_msg():Successfully sent message to modem size 12 on fd 15
01-11 10:08:21.933   543   543 I QTI_SDM_INFO: [qti_rmnet_modem.c:1151] qti_rmnet_modem_recv_msg():Read 19 data from modem device file
01-11 10:08:21.933   543   543 I QTI_SDM_INFO: [qti_rmnet_qmi.c:649] qti_rmnet_process_qmi_rx_from_modem():Received QMI message of service type 0
01-11 10:08:21.933   543   543 I QTI_SDM_INFO: [qti_rmnet_peripheral.c:929] qti_rmnet_ph_send_msg():Successfully sent message to host size 19 on fd 6
01-11 10:08:21.937   543   543 I QTI_SDM_INFO: [qti_rmnet_peripheral.c:580] qti_rmnet_ph_recv_msg():Read 16 data from peripheral device file
01-11 10:08:21.937   543   543 I QTI_SDM_INFO: [qti_rmnet_qmi.c:534] qti_rmnet_process_qmi_tx_to_modem():Received QMI message of service type 0 message id 1024
01-11 10:08:21.937   543   543 I QTI_SDM_INFO: [qti_rmnet_modem.c:1076] qti_rmnet_modem_send_msg():Will send QMI message of size 16 to modem
01-11 10:08:21.937   543   543 I QTI_SDM_INFO: [qti_rmnet_modem.c:1101] qti_rmnet_modem_send_msg():Successfully sent message to modem size 16 on fd 15
01-11 10:08:21.937   543   543 I QTI_SDM_INFO: [qti_rmnet_modem.c:1151] qti_rmnet_modem_recv_msg():Read 24 data from modem device file
01-11 10:08:21.937   543   543 I QTI_SDM_INFO: [qti_rmnet_qmi.c:649] qti_rmnet_process_qmi_rx_from_modem():Received QMI message of service type 0
01-11 10:08:21.937   543   543 I QTI_SDM_INFO: [qti_rmnet_peripheral.c:929] qti_rmnet_ph_send_msg():Successfully sent message to host size 24 on fd 6
01-11 10:08:21.941   543   543 I QTI_SDM_INFO: [qti_rmnet_peripheral.c:580] qti_rmnet_ph_recv_msg():Read 63 data from peripheral device file
01-11 10:08:21.941   543   543 I QTI_SDM_INFO: [qti_rmnet_qmi.c:534] qti_rmnet_process_qmi_tx_to_modem():Received QMI message of service type 26 message id 32
01-11 10:08:21.941   543   543 I QTI_SDM_INFO: [qti_rmnet_qmi.c:1038] qti_rmnet_process_wda_message_to_modem():**** Got WDA SET DATA FORMAT message ****
01-11 10:08:21.941   543   543 I QTI_SDM_INFO: [qti_rmnet_qmi.c:1913] qti_rmnet_ep_info_translation_req():qti_rmnet_ep_info_translation_req :USB EP ID 2 / EP type 2
01-11 10:08:21.941   543   543 I QTI_SDM_INFO: [qti_rmnet_qmi.c:1922] qti_rmnet_ep_info_translation_req(): qti_rmnet_ep_info_translation_req : After EP translation Modem Iface EP ID 8 / EP type 5
01-11 10:08:21.941   543   543 I QTI_SDM_INFO: [qti_rmnet_qmi.c:1858] qti_rmnet_qmi_message_encode():qti_rmnet_qmi_message_encode
01-11 10:08:21.941   543   543 I QTI_SDM_INFO: [qti_rmnet_qmi.c:1876] qti_rmnet_qmi_message_encode():Successfully encoded response message
01-11 10:08:21.941   543   543 I QTI_SDM_INFO: [qti_rmnet_modem.c:1076] qti_rmnet_modem_send_msg():Will send QMI message of size 63 to modem
01-11 10:08:21.941   543   543 I QTI_SDM_INFO: [qti_rmnet_modem.c:1101] qti_rmnet_modem_send_msg():Successfully sent message to modem size 63 on fd 15
01-11 10:08:21.941   543   543 I QTI_SDM_INFO: [qti_rmnet_modem.c:1151] qti_rmnet_modem_recv_msg():Read 91 data from modem device file
01-11 10:08:21.941   543   543 I QTI_SDM_INFO: [qti_rmnet_qmi.c:649] qti_rmnet_process_qmi_rx_from_modem():Received QMI message of service type 26
01-11 10:08:21.941   543   543 I QTI_SDM_INFO: [qti_rmnet_peripheral.c:929] qti_rmnet_ph_send_msg():Successfully sent message to host size 91 on fd 6
01-11 10:08:21.945   543   543 I QTI_SDM_INFO: [qti_rmnet_peripheral.c:580] qti_rmnet_ph_recv_msg():Read 17 data from peripheral device file
01-11 10:08:21.945   543   543 I QTI_SDM_INFO: [qti_rmnet_qmi.c:534] qti_rmnet_process_qmi_tx_to_modem():Received QMI message of service type 26 message id 43
01-11 10:08:21.945   543   543 I QTI_SDM_INFO: [qti_rmnet_qmi.c:1182] qti_rmnet_process_wda_message_to_modem():Got WDA set QMAP settings message
01-11 10:08:21.945   543   543 I QTI_SDM_INFO: [qti_rmnet_qmi.c:1227] qti_rmnet_process_wda_message_to_modem():USB EP ID Not valid for WDA_SET_QMAP_SETTINGS_MSG
01-11 10:08:21.945   543   543 I QTI_SDM_INFO: [qti_rmnet_modem.c:1076] qti_rmnet_modem_send_msg():Will send QMI message of size 17 to modem
01-11 10:08:21.945   543   543 I QTI_SDM_INFO: [qti_rmnet_modem.c:1101] qti_rmnet_modem_send_msg():Successfully sent message to modem size 17 on fd 15
01-11 10:08:21.945   543   543 I QTI_SDM_INFO: [qti_rmnet_modem.c:1151] qti_rmnet_modem_recv_msg():Read 24 data from modem device file
01-11 10:08:21.945   543   543 I QTI_SDM_INFO: [qti_rmnet_qmi.c:649] qti_rmnet_process_qmi_rx_from_modem():Received QMI message of service type 26
01-11 10:08:21.945   543   543 I QTI_SDM_INFO: [qti_rmnet_peripheral.c:929] qti_rmnet_ph_send_msg():Successfully sent message to host size 24 on fd 6
01-11 10:08:21.949   543   543 I QTI_SDM_INFO: [qti_rmnet_peripheral.c:580] qti_rmnet_ph_recv_msg():Read 17 data from peripheral device file
01-11 10:08:21.949   543   543 I QTI_SDM_INFO: [qti_rmnet_qmi.c:534] qti_rmnet_process_qmi_tx_to_modem():Received QMI message of service type 0 message id 1280
01-11 10:08:21.949   543   543 I QTI_SDM_INFO: [qti_rmnet_modem.c:1076] qti_rmnet_modem_send_msg():Will send QMI message of size 17 to modem
01-11 10:08:21.949   543   543 I QTI_SDM_INFO: [qti_rmnet_modem.c:1101] qti_rmnet_modem_send_msg():Successfully sent message to modem size 17 on fd 15
01-11 10:08:21.949   543   543 I QTI_SDM_INFO: [qti_rmnet_modem.c:1151] qti_rmnet_modem_recv_msg():Read 24 data from modem device file
01-11 10:08:21.949   543   543 I QTI_SDM_INFO: [qti_rmnet_qmi.c:649] qti_rmnet_process_qmi_rx_from_modem():Received QMI message of service type 0
01-11 10:08:21.949   543   543 I QTI_SDM_INFO: [qti_rmnet_peripheral.c:929] qti_rmnet_ph_send_msg():Successfully sent message to host size 24 on fd 6
01-11 10:08:21.953   543   543 I QTI_SDM_INFO: [qti_rmnet_peripheral.c:580] qti_rmnet_ph_recv_msg():Read 16 data from peripheral device file
01-11 10:08:21.953   543   543 I QTI_SDM_INFO: [qti_rmnet_qmi.c:534] qti_rmnet_process_qmi_tx_to_modem():Received QMI message of service type 0 message id 1024
01-11 10:08:21.953   543   543 I QTI_SDM_INFO: [qti_rmnet_modem.c:1076] qti_rmnet_modem_send_msg():Will send QMI message of size 16 to modem
01-11 10:08:21.953   543   543 I QTI_SDM_INFO: [qti_rmnet_modem.c:1101] qti_rmnet_modem_send_msg():Successfully sent message to modem size 16 on fd 15
01-11 10:08:21.954   618   986 I ServiceManager: Waiting for service 'sensorservice' on '/dev/binder'...
01-11 10:08:21.954   543   543 I QTI_SDM_INFO: [qti_rmnet_modem.c:1151] qti_rmnet_modem_recv_msg():Read 24 data from modem device file
01-11 10:08:21.954   543   543 I QTI_SDM_INFO: [qti_rmnet_qmi.c:649] qti_rmnet_process_qmi_rx_from_modem():Received QMI message of service type 0
01-11 10:08:21.954   543   543 I QTI_SDM_INFO: [qti_rmnet_peripheral.c:929] qti_rmnet_ph_send_msg():Successfully sent message to host size 24 on fd 6
01-11 10:08:21.957   543   543 I QTI_SDM_INFO: [qti_rmnet_peripheral.c:580] qti_rmnet_ph_recv_msg():Read 16 data from peripheral device file
01-11 10:08:21.957   543   543 I QTI_SDM_INFO: [qti_rmnet_qmi.c:534] qti_rmnet_process_qmi_tx_to_modem():Received QMI message of service type 0 message id 1024
01-11 10:08:21.957   543   543 I QTI_SDM_INFO: [qti_rmnet_modem.c:1076] qti_rmnet_modem_send_msg():Will send QMI message of size 16 to modem
01-11 10:08:21.957   543   543 I QTI_SDM_INFO: [qti_rmnet_modem.c:1101] qti_rmnet_modem_send_msg():Successfully sent message to modem size 16 on fd 15
01-11 10:08:21.957   543   543 I QTI_SDM_INFO: [qti_rmnet_modem.c:1151] qti_rmnet_modem_recv_msg():Read 24 data from modem device file
01-11 10:08:21.957   543   543 I QTI_SDM_INFO: [qti_rmnet_qmi.c:649] qti_rmnet_process_qmi_rx_from_modem():Received QMI message of service type 0
01-11 10:08:21.957   543   543 I QTI_SDM_INFO: [qti_rmnet_peripheral.c:929] qti_rmnet_ph_send_msg():Successfully sent message to host size 24 on fd 6
01-11 10:08:21.961   543   543 I QTI_SDM_INFO: [qti_rmnet_peripheral.c:580] qti_rmnet_ph_recv_msg():Read 16 data from peripheral device file
01-11 10:08:21.961   543   543 I QTI_SDM_INFO: [qti_rmnet_qmi.c:534] qti_rmnet_process_qmi_tx_to_modem():Received QMI message of service type 0 message id 1024
01-11 10:08:21.961   543   543 I QTI_SDM_INFO: [qti_rmnet_modem.c:1076] qti_rmnet_modem_send_msg():Will send QMI message of size 16 to modem
01-11 10:08:21.961   543   543 I QTI_SDM_INFO: [qti_rmnet_modem.c:1101] qti_rmnet_modem_send_msg():Successfully sent message to modem size 16 on fd 15
01-11 10:08:21.961   543   543 I QTI_SDM_INFO: [qti_rmnet_modem.c:1151] qti_rmnet_modem_recv_msg():Read 24 data from modem device file
01-11 10:08:21.961   543   543 I QTI_SDM_INFO: [qti_rmnet_qmi.c:649] qti_rmnet_process_qmi_rx_from_modem():Received QMI message of service type 0
01-11 10:08:21.961   543   543 I QTI_SDM_INFO: [qti_rmnet_peripheral.c:929] qti_rmnet_ph_send_msg():Successfully sent message to host size 24 on fd 6
01-11 10:08:21.965   543   543 I QTI_SDM_INFO: [qti_rmnet_peripheral.c:580] qti_rmnet_ph_recv_msg():Read 16 data from peripheral device file
01-11 10:08:21.965   543   543 I QTI_SDM_INFO: [qti_rmnet_qmi.c:534] qti_rmnet_process_qmi_tx_to_modem():Received QMI message of service type 0 message id 1024
01-11 10:08:21.965   543   543 I QTI_SDM_INFO: [qti_rmnet_modem.c:1076] qti_rmnet_modem_send_msg():Will send QMI message of size 16 to modem
01-11 10:08:21.965   543   543 I QTI_SDM_INFO: [qti_rmnet_modem.c:1101] qti_rmnet_modem_send_msg():Successfully sent message to modem size 16 on fd 15
01-11 10:08:21.965   543   543 I QTI_SDM_INFO: [qti_rmnet_modem.c:1151] qti_rmnet_modem_recv_msg():Read 24 data from modem device file
01-11 10:08:21.965   543   543 I QTI_SDM_INFO: [qti_rmnet_qmi.c:649] qti_rmnet_process_qmi_rx_from_modem():Received QMI message of service type 0
01-11 10:08:21.965   543   543 I QTI_SDM_INFO: [qti_rmnet_peripheral.c:929] qti_rmnet_ph_send_msg():Successfully sent message to host size 24 on fd 6
01-11 10:08:21.969   543   543 I QTI_SDM_INFO: [qti_rmnet_peripheral.c:580] qti_rmnet_ph_recv_msg():Read 16 data from peripheral device file
01-11 10:08:21.969   543   543 I QTI_SDM_INFO: [qti_rmnet_qmi.c:534] qti_rmnet_process_qmi_tx_to_modem():Received QMI message of service type 0 message id 1024
01-11 10:08:21.969   543   543 I QTI_SDM_INFO: [qti_rmnet_modem.c:1076] qti_rmnet_modem_send_msg():Will send QMI message of size 16 to modem
01-11 10:08:21.969   543   543 I QTI_SDM_INFO: [qti_rmnet_modem.c:1101] qti_rmnet_modem_send_msg():Successfully sent message to modem size 16 on fd 15
01-11 10:08:21.970   543   543 I QTI_SDM_INFO: [qti_rmnet_modem.c:1151] qti_rmnet_modem_recv_msg():Read 24 data from modem device file
01-11 10:08:21.970   543   543 I QTI_SDM_INFO: [qti_rmnet_qmi.c:649] qti_rmnet_process_qmi_rx_from_modem():Received QMI message of service type 0
01-11 10:08:21.970   543   543 I QTI_SDM_INFO: [qti_rmnet_peripheral.c:929] qti_rmnet_ph_send_msg():Successfully sent message to host size 24 on fd 6
01-11 10:08:21.973   543   543 I QTI_SDM_INFO: [qti_rmnet_peripheral.c:580] qti_rmnet_ph_recv_msg():Read 13 data from peripheral device file
01-11 10:08:21.973   543   543 I QTI_SDM_INFO: [qti_rmnet_qmi.c:534] qti_rmnet_process_qmi_tx_to_modem():Received QMI message of service type 2 message id 33
01-11 10:08:21.973   543   543 I QTI_SDM_INFO: [qti_rmnet_modem.c:1076] qti_rmnet_modem_send_msg():Will send QMI message of size 13 to modem
01-11 10:08:21.973   543   543 I QTI_SDM_INFO: [qti_rmnet_modem.c:1101] qti_rmnet_modem_send_msg():Successfully sent message to modem size 13 on fd 15
01-11 10:08:21.973   543   543 I QTI_SDM_INFO: [qti_rmnet_modem.c:1151] qti_rmnet_modem_recv_msg():Read 44 data from modem device file
01-11 10:08:21.973   543   543 I QTI_SDM_INFO: [qti_rmnet_qmi.c:649] qti_rmnet_process_qmi_rx_from_modem():Received QMI message of service type 2
