01-11 10:08:12.628   467   467 D MtpDeviceJNI: register_android_mtp_MtpDevice
01-11 10:08:12.628   467   467 I zygote64: Thread[1,tid=467,Native,Thread*=0x7040754c00,peer=0x12c02248,"main"] recursive attempt to load library "libmedia_jni.so"
01-11 10:08:12.628   467   467 I zygote64: Thread[1,tid=467,Native,Thread*=0x7040754c00,peer=0x12c02248,"main"] recursive attempt to load library "libmedia_jni.so"
01-11 10:08:12.647   467   467 W Zygote  : Class not found for preloading: android.media.audiopolicy.AudioProductStrategies
01-11 10:08:12.648   467   467 W Zygote  : Class not found for preloading: android.media.audiopolicy.AudioVolumeGroups
01-11 10:08:12.666   618  1023 I ServiceManager: Waiting for service 'sensorservice' on '/dev/binder'...
01-11 10:08:12.691   567   783 I ServiceManager: Waiting for service 'package_native' on '/dev/binder'...
01-11 10:08:12.695   476   534 E audio_route: unknown enum value string Off for ctl TTY Mode
01-11 10:08:12.695   476   534 E audio_route: Control 'HPHL Volume' doesn't exist - skipping
01-11 10:08:12.696   476   534 E audio_route: Control 'HPHR Volume' doesn't exist - skipping
01-11 10:08:12.696   476   534 E audio_route: Control 'RX2 MIX2 INP2' doesn't exist - skipping
01-11 10:08:12.696   476   534 E audio_route: Control 'RX1 MIX2 INP2' doesn't exist - skipping
01-11 10:08:12.697   476   534 E audio_route: Control 'SPK DAC Switch' doesn't exist - skipping
01-11 10:08:12.698   476   534 E audio_route: Control 'SpkrMono WSA_RDAC' doesn't exist - skipping
01-11 10:08:12.698   476   534 E audio_route: Control 'MICBIAS CAPLESS Switch' doesn't exist - skipping
01-11 10:08:12.698   476   534 E audio_route: Control 'SpkrMono BOOST Switch' doesn't exist - skipping
01-11 10:08:12.698   476   534 E audio_route: Control 'SpkrMono VISENSE Switch' doesn't exist - skipping
01-11 10:08:12.699   476   534 E audio_route: Control 'PRI_MI2S_RX Port Mixer INT_BT_SCO_TX' doesn't exist - skipping
01-11 10:08:12.699   476   534 E audio_route: Control 'INTERNAL_BT_SCO_RX Audio Mixer Multimedia6' doesn't exist - skipping
01-11 10:08:12.701   476   534 E audio_route: Control 'MI2S_DL_HL Switch' doesn't exist - skipping
01-11 10:08:12.702   476   534 E audio_route: Control 'MI2S_DL_HL Switch' doesn't exist - skipping
01-11 10:08:12.703   476   534 E audio_route: unknown enum value string 16000 for ctl Internal BTSCO SampleRate
01-11 10:08:12.706   476   534 E audio_route: Control 'MultiMedia8 Mixer TERT_MI2S_TX' doesn't exist - skipping
01-11 10:08:12.706   476   534 E audio_route: unknown enum value string 16000 for ctl Internal BTSCO SampleRate
01-11 10:08:12.707   476   534 E audio_route: unknown enum value string 16000 for ctl Internal BTSCO SampleRate
01-11 10:08:12.708   476   534 E audio_route: Control 'MI2S_DL_HL Switch' doesn't exist - skipping
01-11 10:08:12.708   476   534 E audio_route: unknown enum value string 16000 for ctl Internal BTSCO SampleRate
01-11 10:08:12.709   476   534 E audio_route: unknown enum value string 16000 for ctl Internal BTSCO SampleRate
01-11 10:08:12.712   476   534 E audio_route: Control 'MICBIAS CAPLESS Switch' doesn't exist - skipping
01-11 10:08:12.713   476   534 E audio_route: Control 'SpkrMono WSA_RDAC' doesn't exist - skipping
01-11 10:08:12.713   476   534 E audio_route: Control 'SpkrMono VISENSE Switch' doesn't exist - skipping
01-11 10:08:12.717   476   534 E audio_route: Control 'MI2S_DL_HL Switch' doesn't exist - skipping
01-11 10:08:12.728   618   986 I ServiceManager: Waiting for service 'sensorservice' on '/dev/binder'...
01-11 10:08:12.729   642   642 I slim_daemon: [QMISLIM] QSQmiSvcTaskSvcCb_Open: Forwarding open request: flags=2 client_id=2 peer=1
01-11 10:08:12.729   642   642 I slim_daemon: [QMISLIM] slim_QSQmiSvcTask_HandleIpc: IPC_SLIM_QS_TO_TASK_SLIM_CALLBACK_MSG
01-11 10:08:12.740   476   476 I HwBinder:476_2: type=1400 audit(0.0:623): avc: denied { read } for name="thermal" dev="sysfs" ino=19399 scontext=u:r:hal_audio_default:s0 tcontext=u:object_r:sysfs:s0 tclass=dir permissive=1
01-11 10:08:12.740   476   476 I HwBinder:476_2: type=1400 audit(0.0:624): avc: denied { open } for path="/sys/class/thermal" dev="sysfs" ino=19399 scontext=u:r:hal_audio_default:s0 tcontext=u:object_r:sysfs:s0 tclass=dir permissive=1
01-11 10:08:12.740   476   476 I HwBinder:476_2: type=1400 audit(0.0:625): avc: denied { read } for name="type" dev="sysfs" ino=27046 scontext=u:r:hal_audio_default:s0 tcontext=u:object_r:sysfs:s0 tclass=file permissive=1
01-11 10:08:12.740   476   476 I HwBinder:476_2: type=1400 audit(0.0:626): avc: denied { open } for path="/sys/devices/virtual/thermal/thermal_zone0/type" dev="sysfs" ino=27046 scontext=u:r:hal_audio_default:s0 tcontext=u:object_r:sysfs:s0 tclass=file permissive=1
01-11 10:08:12.740   476   476 I HwBinder:476_2: type=1400 audit(0.0:627): avc: denied { getattr } for path="/sys/devices/virtual/thermal/thermal_zone0/type" dev="sysfs" ino=27046 scontext=u:r:hal_audio_default:s0 tcontext=u:object_r:sysfs:s0 tclass=file permissive=1
01-11 10:08:12.742   476   534 D msm8916_platform: Opening /sys/class/thermal/thermal_zone0/type
01-11 10:08:12.742   476   534 D msm8916_platform: Opening /sys/class/thermal/thermal_zone1/type
01-11 10:08:12.743   476   534 D msm8916_platform: Opening /sys/class/thermal/thermal_zone2/type
01-11 10:08:12.743   476   534 D msm8916_platform: Opening /sys/class/thermal/thermal_zone3/type
01-11 10:08:12.743   476   534 D msm8916_platform: Opening /sys/class/thermal/thermal_zone4/type
01-11 10:08:12.743   476   534 D msm8916_platform: Opening /sys/class/thermal/thermal_zone5/type
01-11 10:08:12.743   476   534 D msm8916_platform: Opening /sys/class/thermal/thermal_zone6/type
01-11 10:08:12.743   476   534 D msm8916_platform: Opening /sys/class/thermal/thermal_zone7/type
01-11 10:08:12.744   476   534 D msm8916_platform: Opening /sys/class/thermal/thermal_zone8/type
01-11 10:08:12.744   476   534 D msm8916_platform: Opening /sys/class/thermal/thermal_zone9/type
01-11 10:08:12.744   476   534 D msm8916_platform: Opening /sys/class/thermal/thermal_zone10/type
01-11 10:08:12.744   476   534 D msm8916_platform: Opening /sys/class/thermal/thermal_zone11/type
01-11 10:08:12.744   476   534 D msm8916_platform: Opening /sys/class/thermal/thermal_zone12/type
01-11 10:08:12.744   476   534 D msm8916_platform: Opening /sys/class/thermal/thermal_zone13/type
01-11 10:08:12.744   476   534 D msm8916_platform: Opening /sys/class/thermal/thermal_zone14/type
01-11 10:08:12.745   476   534 D msm8916_platform: Opening /sys/class/thermal/thermal_zone15/type
01-11 10:08:12.745   476   534 D msm8916_platform: Opening /sys/class/thermal/thermal_zone16/type
01-11 10:08:12.745   476   534 D msm8916_platform: Opening /sys/class/thermal/thermal_zone17/type
01-11 10:08:12.745   476   534 D msm8916_platform: Opening /sys/class/thermal/thermal_zone18/type
01-11 10:08:12.745   476   534 D audio_hw_extn: audio_extn_can_use_vbat: vbat.enabled property is set to 0
01-11 10:08:12.745   476   534 D msm8916_platform: Alac software decoder is available...removing alac from DSP decoder list
01-11 10:08:12.745   476   534 D msm8916_platform: APE software decoder is available...removing ape from DSP decoder list
01-11 10:08:12.746   476   534 D msm8916_platform: platform_set_audio_device_interface: Enter, device name:AUDIO_DEVICE_IN_BUILTIN_MIC, intf name:SLIMBUS_0, codec_type:external
01-11 10:08:12.746   476   534 E msm8916_platform: Invalid codec_type specified. Ignoring this interface entry.
01-11 10:08:12.746   476   534 D msm8916_platform: platform_set_audio_device_interface: Enter, device name:AUDIO_DEVICE_IN_BACK_MIC, intf name:SLIMBUS_0, codec_type:external
01-11 10:08:12.746   476   534 E msm8916_platform: Invalid codec_type specified. Ignoring this interface entry.
01-11 10:08:12.746   476   534 D msm8916_platform: platform_set_audio_device_interface: Enter, device name:AUDIO_DEVICE_IN_BUILTIN_MIC, intf name:TERT_MI2S, codec_type:internal
01-11 10:08:12.746   476   534 D msm8916_platform: platform_set_audio_device_interface: Matched device name:AUDIO_DEVICE_IN_BUILTIN_MIC, overwrite intf name with TERT_MI2S
01-11 10:08:12.746   476   534 D msm8916_platform: platform_set_audio_device_interface: Enter, device name:AUDIO_DEVICE_IN_BACK_MIC, intf name:TERT_MI2S, codec_type:internal
01-11 10:08:12.746   476   534 D msm8916_platform: platform_set_audio_device_interface: Matched device name:AUDIO_DEVICE_IN_BACK_MIC, overwrite intf name with TERT_MI2S
01-11 10:08:12.747   476   534 D msm8916_platform: platform_set_snd_device_backend: backend_tag_table[headphones]: old = null new = (null)
01-11 10:08:12.747   476   534 D msm8916_platform: platform_set_snd_device_backend: hw_interface_table[9] = PRI_MI2S_RX
01-11 10:08:12.747   476   534 D msm8916_platform: platform_set_snd_device_backend: backend_tag_table[bt-sco-headset-wb]: old = bt-sco-wb new = (null)
01-11 10:08:12.747   476   534 D msm8916_platform: platform_set_snd_device_backend: hw_interface_table[31] = INT_BT_SCO_RX
01-11 10:08:12.747   476   534 D msm8916_platform: platform_set_snd_device_backend: backend_tag_table[bt-sco-headset]: old = bt-sco new = (null)
01-11 10:08:12.747   476   534 D msm8916_platform: platform_set_snd_device_backend: hw_interface_table[30] = INT_BT_SCO_RX
01-11 10:08:12.747   476   534 D msm8916_platform: platform_set_snd_device_backend: backend_tag_table[line]: old = null new = (null)
01-11 10:08:12.748   476   534 D msm8916_platform: platform_set_snd_device_backend: hw_interface_table[8] = PRI_MI2S_RX
01-11 10:08:12.748   476   534 D msm8916_platform: platform_set_snd_device_backend: backend_tag_table[anc-headphones]: old = null new = (null)
01-11 10:08:12.748   476   534 D msm8916_platform: platform_set_snd_device_backend: hw_interface_table[49] = PRI_MI2S_RX
01-11 10:08:12.748   476   534 D msm8916_platform: platform_set_snd_device_backend: backend_tag_table[speaker-and-headphones]: old = null new = (null)
01-11 10:08:12.748   476   534 D msm8916_platform: platform_set_snd_device_backend: hw_interface_table[12] = PRI_MI2S_RX
01-11 10:08:12.748   476   534 D msm8916_platform: platform_set_snd_device_backend: backend_tag_table[speaker-and-line]: old = null new = (null)
01-11 10:08:12.748   476   534 D msm8916_platform: platform_set_snd_device_backend: hw_interface_table[13] = PRI_MI2S_RX
01-11 10:08:12.748   476   534 D msm8916_platform: platform_set_snd_device_backend: backend_tag_table[speaker-and-anc-headphones]: old = null new = (null)
01-11 10:08:12.748   476   534 D msm8916_platform: platform_set_snd_device_backend: hw_interface_table[53] = PRI_MI2S_RX
01-11 10:08:12.748   476   534 D msm8916_platform: platform_set_snd_device_backend: backend_tag_table[voice-headphones]: old = null new = (null)
01-11 10:08:12.748   476   534 D msm8916_platform: platform_set_snd_device_backend: hw_interface_table[24] = PRI_MI2S_RX
01-11 10:08:12.748   476   534 D msm8916_platform: platform_set_snd_device_backend: backend_tag_table[voice-anc-headphones]: old = null new = (null)
01-11 10:08:12.748   476   534 D msm8916_platform: platform_set_snd_device_backend: hw_interface_table[51] = PRI_MI2S_RX
01-11 10:08:12.748   476   534 D msm8916_platform: platform_set_snd_device_backend: backend_tag_table[voice-line]: old = null new = (null)
01-11 10:08:12.748   476   534 D msm8916_platform: platform_set_snd_device_backend: hw_interface_table[25] = PRI_MI2S_RX
01-11 10:08:12.748   476   534 D msm8916_platform: platform_set_snd_device_backend: backend_tag_table[voice-tty-full-headphones]: old = null new = (null)
01-11 10:08:12.748   476   534 D msm8916_platform: platform_set_snd_device_backend: hw_interface_table[38] = PRI_MI2S_RX
01-11 10:08:12.748   476   534 D msm8916_platform: platform_set_snd_device_backend: backend_tag_table[voice-tty-vco-headphones]: old = null new = (null)
01-11 10:08:12.748   476   534 D msm8916_platform: platform_set_snd_device_backend: hw_interface_table[39] = PRI_MI2S_RX
01-11 10:08:12.748   476   534 D msm8916_platform: platform_set_snd_device_backend: backend_tag_table[handset]: old = null new = (null)
01-11 10:08:12.748   476   534 D msm8916_platform: platform_set_snd_device_backend: hw_interface_table[1] = PRI_MI2S_RX
01-11 10:08:12.748   476   534 D msm8916_platform: platform_set_snd_device_backend: backend_tag_table[speaker]: old = null new = (null)
01-11 10:08:12.748   476   534 D msm8916_platform: platform_set_snd_device_backend: hw_interface_table[2] = PRI_MI2S_RX
01-11 10:08:12.748   476   534 D msm8916_platform: platform_set_snd_device_backend: backend_tag_table[speaker-reverse]: old = null new = (null)
01-11 10:08:12.748   476   534 D msm8916_platform: platform_set_snd_device_backend: hw_interface_table[5] = PRI_MI2S_RX
01-11 10:08:12.748   476   534 D msm8916_platform: platform_set_snd_device_backend: backend_tag_table[vbat-speaker]: old = null new = (null)
01-11 10:08:12.748   476   534 D msm8916_platform: platform_set_snd_device_backend: hw_interface_table[7] = PRI_MI2S_RX
01-11 10:08:12.748   476   534 D msm8916_platform: platform_set_snd_device_backend: backend_tag_table[voice-handset]: old = null new = (null)
01-11 10:08:12.748   476   534 D msm8916_platform: platform_set_snd_device_backend: hw_interface_table[16] = PRI_MI2S_RX
01-11 10:08:12.748   476   534 D msm8916_platform: platform_set_snd_device_backend: backend_tag_table[voice-speaker]: old = null new = (null)
01-11 10:08:12.748   476   534 D msm8916_platform: platform_set_snd_device_backend: hw_interface_table[17] = PRI_MI2S_RX
01-11 10:08:12.748   476   534 D msm8916_platform: platform_set_snd_device_backend: backend_tag_table[vbat-voice-speaker]: old = vbat-voice-speaker new = (null)
01-11 10:08:12.748   476   534 D msm8916_platform: platform_set_snd_device_backend: hw_interface_table[20] = PRI_MI2S_RX
01-11 10:08:12.748   476   534 D msm8916_platform: platform_set_snd_device_backend: backend_tag_table[voice-speaker-2]: old = null new = (null)
01-11 10:08:12.748   476   534 D msm8916_platform: platform_set_snd_device_backend: hw_interface_table[21] = PRI_MI2S_RX
01-11 10:08:12.748   476   534 D msm8916_platform: platform_set_snd_device_backend: backend_tag_table[vbat-voice-speaker-2]: old = vbat-voice-speaker-2 new = (null)
01-11 10:08:12.748   476   534 D msm8916_platform: platform_set_snd_device_backend: hw_interface_table[23] = PRI_MI2S_RX
01-11 10:08:12.748   476   534 D msm8916_platform: platform_set_snd_device_backend: backend_tag_table[voice-tty-hco-handset]: old = null new = (null)
01-11 10:08:12.748   476   534 D msm8916_platform: platform_set_snd_device_backend: hw_interface_table[40] = PRI_MI2S_RX
01-11 10:08:12.748   476   534 D msm8916_platform: platform_set_snd_device_backend: backend_tag_table[anc-fb-headphones]: old = null new = (null)
01-11 10:08:12.748   476   534 D msm8916_platform: platform_set_snd_device_backend: hw_interface_table[50] = PRI_MI2S_RX
01-11 10:08:12.748   476   534 D msm8916_platform: platform_set_snd_device_backend: backend_tag_table[voice-anc-fb-headphones]: old = null new = (null)
01-11 10:08:12.748   476   534 D msm8916_platform: platform_set_snd_device_backend: hw_interface_table[52] = PRI_MI2S_RX
01-11 10:08:12.748   476   534 D msm8916_platform: platform_set_snd_device_backend: backend_tag_table[anc-handset]: old = null new = (null)
01-11 10:08:12.748   476   534 D msm8916_platform: platform_set_snd_device_backend: hw_interface_table[54] = PRI_MI2S_RX
01-11 10:08:12.748   476   534 D msm8916_platform: platform_set_snd_device_backend: backend_tag_table[speaker-protected]: old = null new = (null)
01-11 10:08:12.748   476   534 D msm8916_platform: platform_set_snd_device_backend: hw_interface_table[55] = PRI_MI2S_RX
01-11 10:08:12.748   476   534 D msm8916_platform: platform_set_snd_device_backend: backend_tag_table[voice-speaker-protected]: old = null new = (null)
01-11 10:08:12.748   476   534 D msm8916_platform: platform_set_snd_device_backend: hw_interface_table[56] = PRI_MI2S_RX
01-11 10:08:12.749   476   534 D msm8916_platform: platform_set_snd_device_backend: backend_tag_table[voice-speaker-2-protected]: old = null new = (null)
01-11 10:08:12.749   476   534 D msm8916_platform: platform_set_snd_device_backend: hw_interface_table[57] = PRI_MI2S_RX
01-11 10:08:12.749   476   534 D msm8916_platform: platform_set_snd_device_backend: backend_tag_table[speaker-protected-vbat]: old = null new = (null)
01-11 10:08:12.749   476   534 D msm8916_platform: platform_set_snd_device_backend: hw_interface_table[59] = PRI_MI2S_RX
01-11 10:08:12.749   476   534 D msm8916_platform: platform_set_snd_device_backend: backend_tag_table[voice-speaker-protected-vbat]: old = null new = (null)
01-11 10:08:12.749   476   534 D msm8916_platform: platform_set_snd_device_backend: hw_interface_table[60] = PRI_MI2S_RX
01-11 10:08:12.749   476   534 D msm8916_platform: platform_set_snd_device_backend: backend_tag_table[voice-speaker-2-protected-vbat]: old = null new = (null)
01-11 10:08:12.749   476   534 D msm8916_platform: platform_set_snd_device_backend: hw_interface_table[61] = PRI_MI2S_RX
01-11 10:08:12.749   476   534 D msm8916_platform: platform_set_snd_device_backend: backend_tag_table[wsa-speaker]: old = null new = (null)
01-11 10:08:12.749   476   534 D msm8916_platform: platform_set_snd_device_backend: hw_interface_table[6] = PRI_MI2S_RX
01-11 10:08:12.749   476   534 D msm8916_platform: platform_set_snd_device_backend: backend_tag_table[wsa-voice-speaker]: old = null new = (null)
01-11 10:08:12.749   476   534 D msm8916_platform: platform_set_snd_device_backend: hw_interface_table[19] = PRI_MI2S_RX
01-11 10:08:12.749   476   534 D msm8916_platform: platform_set_snd_device_backend: backend_tag_table[wsa-voice-speaker-2]: old = null new = (null)
01-11 10:08:12.749   476   534 D msm8916_platform: platform_set_snd_device_backend: hw_interface_table[22] = PRI_MI2S_RX
01-11 10:08:12.749   476   534 D msm8916_platform: platform_set_snd_device_backend: backend_tag_table[handset-mic]: old = null new = (null)
01-11 10:08:12.749   476   534 D msm8916_platform: platform_set_snd_device_backend: hw_interface_table[68] = TERT_MI2S_TX
01-11 10:08:12.749   476   534 D msm8916_platform: platform_set_snd_device_backend: backend_tag_table[handset-mic-ext]: old = null new = (null)
01-11 10:08:12.749   476   534 D msm8916_platform: platform_set_snd_device_backend: hw_interface_table[69] = TERT_MI2S_TX
01-11 10:08:12.749   476   534 D msm8916_platform: platform_set_snd_device_backend: backend_tag_table[handset-mic]: old = null new = (null)
01-11 10:08:12.749   476   534 D msm8916_platform: platform_set_snd_device_backend: hw_interface_table[70] = TERT_MI2S_TX
01-11 10:08:12.749   476   534 D msm8916_platform: platform_set_snd_device_backend: backend_tag_table[handset-mic]: old = null new = (null)
01-11 10:08:12.749   476   534 D msm8916_platform: platform_set_snd_device_backend: hw_interface_table[71] = TERT_MI2S_TX
01-11 10:08:12.749   476   534 D msm8916_platform: platform_set_snd_device_backend: backend_tag_table[handset-mic]: old = null new = (null)
01-11 10:08:12.749   476   534 D msm8916_platform: platform_set_snd_device_backend: hw_interface_table[72] = TERT_MI2S_TX
01-11 10:08:12.749   476   534 D msm8916_platform: platform_set_snd_device_backend: backend_tag_table[dmic-endfire]: old = null new = (null)
01-11 10:08:12.749   476   534 D msm8916_platform: platform_set_snd_device_backend: hw_interface_table[73] = TERT_MI2S_TX
01-11 10:08:12.749   476   534 D msm8916_platform: platform_set_snd_device_backend: backend_tag_table[dmic-endfire]: old = null new = (null)
01-11 10:08:12.749   476   534 D msm8916_platform: platform_set_snd_device_backend: hw_interface_table[74] = TERT_MI2S_TX
01-11 10:08:12.749   476   534 D msm8916_platform: platform_set_snd_device_backend: backend_tag_table[dmic-endfire]: old = null new = (null)
01-11 10:08:12.749   476   534 D msm8916_platform: platform_set_snd_device_backend: hw_interface_table[75] = TERT_MI2S_TX
01-11 10:08:12.749   476   534 D msm8916_platform: platform_set_snd_device_backend: backend_tag_table[dmic-endfire]: old = null new = (null)
01-11 10:08:12.749   476   534 D msm8916_platform: platform_set_snd_device_backend: hw_interface_table[76] = TERT_MI2S_TX
01-11 10:08:12.749   476   534 D msm8916_platform: platform_set_snd_device_backend: backend_tag_table[speaker-mic]: old = null new = (null)
01-11 10:08:12.749   476   534 D msm8916_platform: platform_set_snd_device_backend: hw_interface_table[77] = TERT_MI2S_TX
01-11 10:08:12.749   476   534 D msm8916_platform: platform_set_snd_device_backend: backend_tag_table[speaker-mic]: old = null new = (null)
01-11 10:08:12.749   476   534 D msm8916_platform: platform_set_snd_device_backend: hw_interface_table[78] = TERT_MI2S_TX
01-11 10:08:12.749   476   534 D msm8916_platform: platform_set_snd_device_backend: backend_tag_table[speaker-mic]: old = null new = (null)
01-11 10:08:12.749   476   534 D msm8916_platform: platform_set_snd_device_backend: hw_interface_table[79] = TERT_MI2S_TX
01-11 10:08:12.749   476   534 D msm8916_platform: platform_set_snd_device_backend: backend_tag_table[speaker-mic]: old = null new = (null)
01-11 10:08:12.749   476   534 D msm8916_platform: platform_set_snd_device_backend: hw_interface_table[80] = TERT_MI2S_TX
01-11 10:08:12.749   476   534 D msm8916_platform: platform_set_snd_device_backend: backend_tag_table[speaker-dmic-endfire]: old = null new = (null)
01-11 10:08:12.749   476   534 D msm8916_platform: platform_set_snd_device_backend: hw_interface_table[81] = TERT_MI2S_TX
01-11 10:08:12.749   476   534 D msm8916_platform: platform_set_snd_device_backend: backend_tag_table[speaker-dmic-endfire]: old = null new = (null)
01-11 10:08:12.749   476   534 D msm8916_platform: platform_set_snd_device_backend: hw_interface_table[82] = TERT_MI2S_TX
01-11 10:08:12.749   476   534 D msm8916_platform: platform_set_snd_device_backend: backend_tag_table[speaker-dmic-endfire]: old = null new = (null)
01-11 10:08:12.749   476   534 D msm8916_platform: platform_set_snd_device_backend: hw_interface_table[83] = TERT_MI2S_TX
01-11 10:08:12.750   476   534 D msm8916_platform: platform_set_snd_device_backend: backend_tag_table[speaker-dmic-endfire]: old = null new = (null)
01-11 10:08:12.750   476   534 D msm8916_platform: platform_set_snd_device_backend: hw_interface_table[84] = TERT_MI2S_TX
01-11 10:08:12.750   476   534 D msm8916_platform: platform_set_snd_device_backend: backend_tag_table[headset-mic]: old = null new = (null)
01-11 10:08:12.750   476   534 D msm8916_platform: platform_set_snd_device_backend: hw_interface_table[85] = TERT_MI2S_TX
01-11 10:08:12.750   476   534 D msm8916_platform: platform_set_snd_device_backend: backend_tag_table[headset-mic]: old = null new = (null)
01-11 10:08:12.750   476   534 D msm8916_platform: platform_set_snd_device_backend: hw_interface_table[86] = TERT_MI2S_TX
01-11 10:08:12.750   476   534 D msm8916_platform: platform_set_snd_device_backend: backend_tag_table[voice-speaker-mic]: old = null new = (null)
01-11 10:08:12.750   476   534 D msm8916_platform: platform_set_snd_device_backend: hw_interface_table[87] = TERT_MI2S_TX
01-11 10:08:12.750   476   534 D msm8916_platform: platform_set_snd_device_backend: backend_tag_table[voice-headset-mic]: old = null new = (null)
01-11 10:08:12.750   476   534 D msm8916_platform: platform_set_snd_device_backend: hw_interface_table[88] = TERT_MI2S_TX
01-11 10:08:12.750   476   534 D msm8916_platform: platform_set_snd_device_backend: backend_tag_table[camcorder-mic]: old = null new = (null)
01-11 10:08:12.750   476   534 D msm8916_platform: platform_set_snd_device_backend: hw_interface_table[94] = TERT_MI2S_TX
01-11 10:08:12.750   476   534 D msm8916_platform: platform_set_snd_device_backend: backend_tag_table[voice-dmic-ef]: old = null new = (null)
01-11 10:08:12.750   476   534 D msm8916_platform: platform_set_snd_device_backend: hw_interface_table[95] = TERT_MI2S_TX
01-11 10:08:12.750   476   534 D msm8916_platform: platform_set_snd_device_backend: backend_tag_table[voice-speaker-dmic-ef]: old = null new = (null)
01-11 10:08:12.750   476   534 D msm8916_platform: platform_set_snd_device_backend: hw_interface_table[96] = TERT_MI2S_TX
01-11 10:08:12.750   476   534 D msm8916_platform: platform_set_snd_device_backend: backend_tag_table[voice-speaker-qmic]: old = null new = (null)
01-11 10:08:12.750   476   534 D msm8916_platform: platform_set_snd_device_backend: hw_interface_table[98] = TERT_MI2S_TX
01-11 10:08:12.750   476   534 D msm8916_platform: platform_set_snd_device_backend: backend_tag_table[voice-tty-full-headset-mic]: old = null new = (null)
01-11 10:08:12.750   476   534 D msm8916_platform: platform_set_snd_device_backend: hw_interface_table[99] = TERT_MI2S_TX
01-11 10:08:12.750   476   534 D msm8916_platform: platform_set_snd_device_backend: backend_tag_table[voice-tty-vco-handset-mic]: old = null new = (null)
01-11 10:08:12.750   476   534 D msm8916_platform: platform_set_snd_device_backend: hw_interface_table[100] = TERT_MI2S_TX
01-11 10:08:12.750   476   534 D msm8916_platform: platform_set_snd_device_backend: backend_tag_table[voice-tty-hco-headset-mic]: old = null new = (null)
01-11 10:08:12.750   476   534 D msm8916_platform: platform_set_snd_device_backend: hw_interface_table[101] = TERT_MI2S_TX
01-11 10:08:12.750   476   534 D msm8916_platform: platform_set_snd_device_backend: backend_tag_table[voice-rec-mic]: old = null new = (null)
01-11 10:08:12.750   476   534 D msm8916_platform: platform_set_snd_device_backend: hw_interface_table[102] = TERT_MI2S_TX
01-11 10:08:12.750   476   534 D msm8916_platform: platform_set_snd_device_backend: backend_tag_table[voice-rec-mic]: old = null new = (null)
01-11 10:08:12.750   476   534 D msm8916_platform: platform_set_snd_device_backend: hw_interface_table[103] = TERT_MI2S_TX
01-11 10:08:12.750   476   534 D msm8916_platform: platform_set_snd_device_backend: backend_tag_table[voice-rec-dmic-ef]: old = null new = (null)
01-11 10:08:12.750   476   534 D msm8916_platform: platform_set_snd_device_backend: hw_interface_table[104] = TERT_MI2S_TX
01-11 10:08:12.750   476   534 D msm8916_platform: platform_set_snd_device_backend: backend_tag_table[voice-rec-dmic-ef-fluence]: old = null new = (null)
01-11 10:08:12.750   476   534 D msm8916_platform: platform_set_snd_device_backend: hw_interface_table[105] = TERT_MI2S_TX
01-11 10:08:12.750   476   534 D msm8916_platform: platform_set_snd_device_backend: backend_tag_table[aanc-handset-mic]: old = null new = (null)
01-11 10:08:12.750   476   534 D msm8916_platform: platform_set_snd_device_backend: hw_interface_table[113] = TERT_MI2S_TX
01-11 10:08:12.750   476   534 D msm8916_platform: platform_set_snd_device_backend: backend_tag_table[quad-mic]: old = null new = (null)
01-11 10:08:12.750   476   534 D msm8916_platform: platform_set_snd_device_backend: hw_interface_table[114] = TERT_MI2S_TX
01-11 10:08:12.750   476   534 D msm8916_platform: platform_set_snd_device_backend: backend_tag_table[handset-stereo-dmic-ef]: old = null new = (null)
01-11 10:08:12.750   476   534 D msm8916_platform: platform_set_snd_device_backend: hw_interface_table[115] = TERT_MI2S_TX
01-11 10:08:12.750   476   534 D msm8916_platform: platform_set_snd_device_backend: backend_tag_table[speaker-stereo-dmic-ef]: old = null new = (null)
01-11 10:08:12.750   476   534 D msm8916_platform: platform_set_snd_device_backend: hw_interface_table[116] = TERT_MI2S_TX
01-11 10:08:12.751   476   534 D msm8916_platform: platform_set_snd_device_backend: backend_tag_table[vi-feedback]: old = null new = (null)
01-11 10:08:12.751   476   534 D msm8916_platform: platform_set_snd_device_backend: hw_interface_table[117] = SENARY_MI2S_TX
01-11 10:08:12.751   476   534 D msm8916_platform: platform_set_snd_device_backend: backend_tag_table[vi-feedback-mono-1]: old = null new = (null)
01-11 10:08:12.751   476   534 D msm8916_platform: platform_set_snd_device_backend: hw_interface_table[118] = SENARY_MI2S_TX
01-11 10:08:12.751   476   534 D msm8916_platform: platform_set_snd_device_backend: backend_tag_table[vi-feedback-mono-2]: old = null new = (null)
01-11 10:08:12.751   476   534 D msm8916_platform: platform_set_snd_device_backend: hw_interface_table[119] = SENARY_MI2S_TX
01-11 10:08:12.751   476   534 D msm8916_platform: platform_set_snd_device_backend: backend_tag_table[voice-speaker-dmic-broadside]: old = null new = (null)
01-11 10:08:12.751   476   534 D msm8916_platform: platform_set_snd_device_backend: hw_interface_table[120] = TERT_MI2S_TX
01-11 10:08:12.751   476   534 D msm8916_platform: platform_set_snd_device_backend: backend_tag_table[speaker-dmic-broadside]: old = null new = (null)
01-11 10:08:12.751   476   534 D msm8916_platform: platform_set_snd_device_backend: hw_interface_table[121] = TERT_MI2S_TX
01-11 10:08:12.751   476   534 D msm8916_platform: platform_set_snd_device_backend: backend_tag_table[speaker-dmic-broadside]: old = null new = (null)
01-11 10:08:12.751   476   534 D msm8916_platform: platform_set_snd_device_backend: hw_interface_table[122] = TERT_MI2S_TX
01-11 10:08:12.751   476   534 D msm8916_platform: platform_set_snd_device_backend: backend_tag_table[speaker-dmic-broadside]: old = null new = (null)
01-11 10:08:12.751   476   534 D msm8916_platform: platform_set_snd_device_backend: hw_interface_table[123] = TERT_MI2S_TX
01-11 10:08:12.751   476   534 D msm8916_platform: platform_set_snd_device_backend: backend_tag_table[speaker-dmic-broadside]: old = null new = (null)
01-11 10:08:12.751   476   534 D msm8916_platform: platform_set_snd_device_backend: hw_interface_table[124] = TERT_MI2S_TX
01-11 10:08:12.751   476   534 D msm8916_platform: platform_set_snd_device_backend: backend_tag_table[aanc-fluence-dmic-handset]: old = null new = (null)
01-11 10:08:12.751   476   534 D msm8916_platform: platform_set_snd_device_backend: hw_interface_table[125] = TERT_MI2S_TX
01-11 10:08:12.751   476   534 D msm8916_platform: platform_set_snd_device_backend: backend_tag_table[quad-mic]: old = null new = (null)
01-11 10:08:12.751   476   534 D msm8916_platform: platform_set_snd_device_backend: hw_interface_table[126] = TERT_MI2S_TX
01-11 10:08:12.751   476   534 D msm8916_platform: platform_set_snd_device_backend: backend_tag_table[quad-mic]: old = null new = (null)
01-11 10:08:12.751   476   534 D msm8916_platform: platform_set_snd_device_backend: hw_interface_table[127] = TERT_MI2S_TX
01-11 10:08:12.751   476   534 D msm8916_platform: platform_set_snd_device_backend: backend_tag_table[quad-mic]: old = null new = (null)
01-11 10:08:12.751   476   534 D msm8916_platform: platform_set_snd_device_backend: hw_interface_table[128] = TERT_MI2S_TX
01-11 10:08:12.751   476   534 D msm8916_platform: platform_set_snd_device_backend: backend_tag_table[quad-mic]: old = null new = (null)
01-11 10:08:12.751   476   534 D msm8916_platform: platform_set_snd_device_backend: hw_interface_table[129] = TERT_MI2S_TX
01-11 10:08:12.751   476   534 D msm8916_platform: platform_set_snd_device_backend: backend_tag_table[three-mic]: old = null new = (null)
01-11 10:08:12.751   476   534 D msm8916_platform: platform_set_snd_device_backend: hw_interface_table[130] = TERT_MI2S_TX
01-11 10:08:12.752   476   534 D msm8916_platform: platform_set_snd_device_backend: backend_tag_table[three-mic]: old = null new = (null)
01-11 10:08:12.752   476   534 D msm8916_platform: platform_set_snd_device_backend: hw_interface_table[132] = TERT_MI2S_TX
01-11 10:08:12.752   476   534 D msm8916_platform: platform_set_snd_device_backend: backend_tag_table[three-mic]: old = null new = (null)
01-11 10:08:12.752   476   534 D msm8916_platform: platform_set_snd_device_backend: hw_interface_table[136] = TERT_MI2S_TX
01-11 10:08:12.752   476   534 D msm8916_platform: platform_set_snd_device_backend: backend_tag_table[unprocessed-mic]: old = null new = (null)
01-11 10:08:12.752   476   534 D msm8916_platform: platform_set_snd_device_backend: hw_interface_table[137] = TERT_MI2S_TX
01-11 10:08:12.752   476   534 D msm8916_platform: platform_set_snd_device_backend: backend_tag_table[voice-rec-dmic-ef]: old = null new = (null)
01-11 10:08:12.752   476   534 D msm8916_platform: platform_set_snd_device_backend: hw_interface_table[138] = TERT_MI2S_TX
01-11 10:08:12.752   476   534 D msm8916_platform: platform_set_snd_device_backend: backend_tag_table[three-mic]: old = null new = (null)
01-11 10:08:12.752   476   534 D msm8916_platform: platform_set_snd_device_backend: hw_interface_table[139] = TERT_MI2S_TX
01-11 10:08:12.752   476   534 D msm8916_platform: platform_set_snd_device_backend: backend_tag_table[quad-mic]: old = null new = (null)
01-11 10:08:12.752   476   534 D msm8916_platform: platform_set_snd_device_backend: hw_interface_table[140] = TERT_MI2S_TX
01-11 10:08:12.752   476   534 D msm8916_platform: platform_set_snd_device_backend: backend_tag_table[headset-mic]: old = null new = (null)
01-11 10:08:12.752   476   534 D msm8916_platform: platform_set_snd_device_backend: hw_interface_table[141] = TERT_MI2S_TX
01-11 10:08:12.752   476   534 E msm8916_platform: find_index: Could not find index for name = SND_DEVICE_OUT_VOICE_SPEAKER_AND_VOICE_HEADPHONES
01-11 10:08:12.752   476   534 E platform_info: process_backend_name: Device SND_DEVICE_OUT_VOICE_SPEAKER_AND_VOICE_HEADPHONES not found, no ACDB ID set!
01-11 10:08:12.752   476   534 E msm8916_platform: find_index: Could not find index for name = SND_DEVICE_OUT_VOICE_SPEAKER_AND_VOICE_ANC_HEADSET
01-11 10:08:12.752   476   534 E platform_info: process_backend_name: Device SND_DEVICE_OUT_VOICE_SPEAKER_AND_VOICE_ANC_HEADSET not found, no ACDB ID set!
01-11 10:08:12.752   476   534 D msm8916_platform: platform_set_snd_device_backend: backend_tag_table[speaker-and-bt-sco]: old = null new = speaker-and-bt-sco
01-11 10:08:12.752   476   534 D msm8916_platform: platform_set_snd_device_backend: hw_interface_table[34] = PRI_MI2S_RX-and-INT_BT_SCO_RX
01-11 10:08:12.752   476   534 D msm8916_platform: platform_set_snd_device_backend: backend_tag_table[speaker-and-bt-sco-wb]: old = null new = speaker-and-bt-sco-wb
01-11 10:08:12.752   476   534 D msm8916_platform: platform_set_snd_device_backend: hw_interface_table[35] = PRI_MI2S_RX-and-INT_BT_SCO_RX
01-11 10:08:12.752   476   534 D msm8916_platform: platform_set_snd_device_backend: backend_tag_table[wsa-speaker-and-bt-sco]: old = null new = wsa-speaker-and-bt-sco
01-11 10:08:12.752   476   534 D msm8916_platform: platform_set_snd_device_backend: hw_interface_table[36] = PRI_MI2S_RX-and-INT_BT_SCO_RX
01-11 10:08:12.752   476   534 D msm8916_platform: platform_set_snd_device_backend: backend_tag_table[wsa-speaker-and-bt-sco-wb]: old = null new = wsa-speaker-and-bt-sco-wb
01-11 10:08:12.752   476   534 D msm8916_platform: platform_set_snd_device_backend: hw_interface_table[37] = PRI_MI2S_RX-and-INT_BT_SCO_RX
01-11 10:08:12.756   476   534 E msm8916_platform: platform_init: dlsym error undefined symbol: acdb_loader_init_v4 for acdb_loader_init_v4
01-11 10:08:12.757   476   534 E platform_info: param tag only supported with CONFIG_PARAMS section
01-11 10:08:12.757   476   534 E platform_info: param tag only supported with CONFIG_PARAMS section
01-11 10:08:12.761   476   534 E audio_hw_acdb: acdb_init_v2: dlsym error undefined symbol: acdb_loader_init_v4 for acdb_loader_init_v4
01-11 10:08:12.761   476   534 D ACDB-LOADER: ACDB -> already initialized, exit
01-11 10:08:12.761   476   534 D audio_hw_acdb: acdb_init_v2: ACDB Instance ID support after ACDB init:0
01-11 10:08:12.761   476   534 D msm8916_platform: ACDB initialized
01-11 10:08:12.761   476   534 D msm8916_platform: hw_util_open Opening device /dev/snd/hwC0D1000
01-11 10:08:12.761   476   534 D msm8916_platform: hw_util_open success
01-11 10:08:12.761   476   534 D ACDB-LOADER: ACDB -> ACDB_CMD_GET_ANC_SETTING
01-11 10:08:12.761   476   534 D         : Failed to fetch the lookup information of the device 0000001A
01-11 10:08:12.761   476   534 E ACDB-LOADER: Error: ACDB ANC returned = -19
01-11 10:08:12.761   476   534 D ACDB-LOADER: ACDB -> ACDB_CMD_GET_ANC_SETTING
01-11 10:08:12.761   476   534 D         : Failed to fetch the lookup information of the device 0000001A
01-11 10:08:12.761   476   534 E ACDB-LOADER: Error: ACDB ANC returned = -19
01-11 10:08:12.761   476   534 D ACDB-LOADER: ACDB -> ACDB_CMD_GET_ANC_SETTING
01-11 10:08:12.761   476   534 D         : Failed to fetch the lookup information of the device 0000001A
01-11 10:08:12.761   476   534 E ACDB-LOADER: Error: ACDB ANC returned = -19
01-11 10:08:12.761   476   534 D ACDB-LOADER: ACDB -> ACDB_CMD_GET_ANC_SETTING
01-11 10:08:12.761   476   534 D         : Failed to fetch the lookup information of the device 0000001B
01-11 10:08:12.761   476   534 E ACDB-LOADER: Error: ACDB ANC returned = -19
01-11 10:08:12.761   476   534 D ACDB-LOADER: ACDB -> ACDB_CMD_GET_ANC_SETTING
01-11 10:08:12.761   476   534 D         : Failed to fetch the lookup information of the device 0000001B
01-11 10:08:12.761   476   534 E ACDB-LOADER: Error: ACDB ANC returned = -19
01-11 10:08:12.761   476   534 D ACDB-LOADER: ACDB -> ACDB_CMD_GET_ANC_SETTING
01-11 10:08:12.761   476   534 D         : Failed to fetch the lookup information of the device 0000001B
01-11 10:08:12.761   476   534 E ACDB-LOADER: Error: ACDB ANC returned = -19
01-11 10:08:12.761   476   534 D ACDB-LOADER: ACDB -> ACDB_CMD_GET_ANC_SETTING
01-11 10:08:12.761   476   534 D         : Failed to fetch the lookup information of the device 0000001C
01-11 10:08:12.761   476   534 E ACDB-LOADER: Error: ACDB ANC returned = -19
01-11 10:08:12.762   476   534 D ACDB-LOADER: ACDB -> ACDB_CMD_GET_ANC_SETTING
01-11 10:08:12.762   476   534 D         : Failed to fetch the lookup information of the device 0000001C
01-11 10:08:12.762   476   534 E ACDB-LOADER: Error: ACDB ANC returned = -19
01-11 10:08:12.762   476   534 D ACDB-LOADER: ACDB -> ACDB_CMD_GET_ANC_SETTING
01-11 10:08:12.762   476   534 D         : Failed to fetch the lookup information of the device 0000001C
01-11 10:08:12.762   476   534 E ACDB-LOADER: Error: ACDB ANC returned = -19
01-11 10:08:12.762   476   534 D ACDB-LOADER: ACDB -> ACDB_CMD_GET_ANC_SETTING
01-11 10:08:12.762   476   534 D         : Failed to fetch the lookup information of the device 0000001D
01-11 10:08:12.762   476   534 E ACDB-LOADER: Error: ACDB ANC returned = -19
01-11 10:08:12.762   476   534 D ACDB-LOADER: ACDB -> ACDB_CMD_GET_ANC_SETTING
01-11 10:08:12.762   476   534 D         : Failed to fetch the lookup information of the device 0000001D
01-11 10:08:12.762   476   534 E ACDB-LOADER: Error: ACDB ANC returned = -19
01-11 10:08:12.762   476   534 D ACDB-LOADER: ACDB -> ACDB_CMD_GET_ANC_SETTING
01-11 10:08:12.762   476   534 D         : Failed to fetch the lookup information of the device 0000001D
01-11 10:08:12.762   476   534 E ACDB-LOADER: Error: ACDB ANC returned = -19
01-11 10:08:12.762   476   534 D ACDB-LOADER: ACDB -> ACDB_CMD_GET_ANC_SETTING
01-11 10:08:12.762   476   534 D         : Failed to fetch the lookup information of the device 0000001E
01-11 10:08:12.762   476   534 E ACDB-LOADER: Error: ACDB ANC returned = -19
01-11 10:08:12.762   476   534 D ACDB-LOADER: ACDB -> ACDB_CMD_GET_ANC_SETTING
01-11 10:08:12.762   476   534 D         : Failed to fetch the lookup information of the device 0000001E
01-11 10:08:12.762   476   534 E ACDB-LOADER: Error: ACDB ANC returned = -19
01-11 10:08:12.762   476   534 D ACDB-LOADER: ACDB -> ACDB_CMD_GET_ANC_SETTING
01-11 10:08:12.762   476   534 D         : Failed to fetch the lookup information of the device 0000001E
01-11 10:08:12.762   476   534 E ACDB-LOADER: Error: ACDB ANC returned = -19
01-11 10:08:12.762   476   534 D ACDB-LOADER: ACDB -> ACDB_CMD_GET_ANC_SETTING
01-11 10:08:12.762   476   534 D         : Failed to fetch the lookup information of the device 0000001F
01-11 10:08:12.762   476   534 E ACDB-LOADER: Error: ACDB ANC returned = -19
01-11 10:08:12.762   476   534 D ACDB-LOADER: ACDB -> ACDB_CMD_GET_ANC_SETTING
01-11 10:08:12.762   476   534 D         : Failed to fetch the lookup information of the device 0000001F
01-11 10:08:12.762   476   534 E ACDB-LOADER: Error: ACDB ANC returned = -19
01-11 10:08:12.762   476   534 D ACDB-LOADER: ACDB -> ACDB_CMD_GET_ANC_SETTING
01-11 10:08:12.762   476   534 D         : Failed to fetch the lookup information of the device 0000001F
01-11 10:08:12.762   476   534 E ACDB-LOADER: Error: ACDB ANC returned = -19
01-11 10:08:12.762   476   534 D ACDB-LOADER: ACDB -> ACDB_CMD_GET_ANC_SETTING
01-11 10:08:12.762   476   534 D         : Failed to fetch the lookup information of the device 00000067
01-11 10:08:12.762   476   534 E ACDB-LOADER: Error: ACDB ANC returned = -19
01-11 10:08:12.762   476   534 D ACDB-LOADER: ACDB -> ACDB_CMD_GET_ANC_SETTING
01-11 10:08:12.762   476   534 D         : Failed to fetch the lookup information of the device 00000067
01-11 10:08:12.762   476   534 E ACDB-LOADER: Error: ACDB ANC returned = -19
01-11 10:08:12.762   476   534 D ACDB-LOADER: ACDB -> ACDB_CMD_GET_ANC_SETTING
01-11 10:08:12.762   476   534 D         : Failed to fetch the lookup information of the device 00000067
01-11 10:08:12.762   476   534 E ACDB-LOADER: Error: ACDB ANC returned = -19
01-11 10:08:12.762   476   534 D ACDB-LOADER: ACDB -> ACDB_CMD_GET_ANC_SETTING
01-11 10:08:12.762   476   534 D         : Failed to fetch the lookup information of the device 00000056
01-11 10:08:12.762   476   534 E ACDB-LOADER: Error: ACDB ANC returned = -19
01-11 10:08:12.762   476   534 D ACDB-LOADER: ACDB -> ACDB_CMD_GET_ANC_SETTING
01-11 10:08:12.762   476   534 D         : Failed to fetch the lookup information of the device 00000056
01-11 10:08:12.762   476   534 E ACDB-LOADER: Error: ACDB ANC returned = -19
01-11 10:08:12.762   476   534 D ACDB-LOADER: ACDB -> ACDB_CMD_GET_ANC_SETTING
01-11 10:08:12.762   476   534 D         : Failed to fetch the lookup information of the device 00000056
01-11 10:08:12.762   476   534 E ACDB-LOADER: Error: ACDB ANC returned = -19
01-11 10:08:12.762   476   534 D ACDB-LOADER: ACDB -> ACDB_CMD_GET_ANC_SETTING
01-11 10:08:12.762   476   534 D         : Failed to fetch the lookup information of the device 00000059
01-11 10:08:12.762   476   534 E ACDB-LOADER: Error: ACDB ANC returned = -19
01-11 10:08:12.762   476   534 D ACDB-LOADER: ACDB -> ACDB_CMD_GET_ANC_SETTING
01-11 10:08:12.762   476   534 D         : Failed to fetch the lookup information of the device 00000059
01-11 10:08:12.762   476   534 E ACDB-LOADER: Error: ACDB ANC returned = -19
01-11 10:08:12.762   476   534 D ACDB-LOADER: ACDB -> ACDB_CMD_GET_ANC_SETTING
01-11 10:08:12.762   476   534 D         : Failed to fetch the lookup information of the device 00000059
01-11 10:08:12.762   476   534 E ACDB-LOADER: Error: ACDB ANC returned = -19
01-11 10:08:12.762   476   534 E msm8916_platform: Failed to call ioctl  for anc_cal err=14 calib.size=16
01-11 10:08:12.762   476   534 D msm8916_platform: send_codec_cal cal sent for anc_cal calib.size=16
01-11 10:08:12.762   476   534 D ACDB-LOADER: send mbhc data
01-11 10:08:12.762   476   534 D ACDB-LOADER: ACDB -> MBHC ACDB_PID_GENERAL_CONFIG
01-11 10:08:12.762   476   534 D ACDB-LOADER: ACDB -> MBHC ACDB_PID_PLUG_REMOVAL_DETECTION
01-11 10:08:12.762   476   534 D ACDB-LOADER: ACDB -> MBHC ACDB_PID_PLUG_TYPE_DETECTION
01-11 10:08:12.762   476   534 D ACDB-LOADER: ACDB -> MBHC ACDB_PID_BUTTON_PRESS_DETECTION
01-11 10:08:12.762   476   534 D ACDB-LOADER: ACDB -> MBHC ACDB_PID_IMPEDANCE_DETECTION
01-11 10:08:12.762   476   534 D msm8916_platform: send_codec_cal cal sent for mbhc_cal calib.size=154
01-11 10:08:12.762   476   534 D ACDB-LOADER: send vbat data
01-11 10:08:12.762   476   534 D ACDB-LOADER: ACDB -> VBAT ACDB_PID_ADC_CAL
01-11 10:08:12.763   476   534 D ACDB-LOADER: ACDB -> VBAT ACDB_PID_GAIN_PROC
01-11 10:08:12.763   476   534 D ACDB-LOADER: send vbat data, calling convert_vbat_data
01-11 10:08:12.763   476   534 D ACDB-LOADER: copied vbat cal size =72
01-11 10:08:12.763   476   534 E msm8916_platform: Failed to call ioctl  for vbat_cal err=14 calib.size=72
01-11 10:08:12.763   476   534 D msm8916_platform: send_codec_cal cal sent for vbat_cal calib.size=72
01-11 10:08:12.763   476   534 E msm8916_platform: Failed to call ioctl  for  err=14 calib.size=72
01-11 10:08:12.763   476   534 D msm8916_platform: send_codec_cal cal sent for  calib.size=72
01-11 10:08:12.763   476   534 E msm8916_platform: Failed to call ioctl  for  err=14 calib.size=72
01-11 10:08:12.763   476   534 D msm8916_platform: send_codec_cal cal sent for  calib.size=72
01-11 10:08:12.763   476   534 E msm8916_platform: init_be_dai_name_table: Could not get ctl for mixer name Backend DAI Name Table
01-11 10:08:12.763   476   534 D msm8916_platform: platform_init: Fluence_Type(1) max_mic_count(2) mic_type(0x3) fluence_in_voice_call(1) fluence_in_voice_rec(1) fluence_in_spkr_mode(1) fluence_in_hfp_call(0)
01-11 10:08:12.763   476   534 D audio_hw_spkr_prot: audio_extn_spkr_prot_init: Initialize speaker protection module
01-11 10:08:12.763   476   534 D audio_hw_spkr_prot: audio_extn_spkr_prot_init: Speaker protection disabled
01-11 10:08:12.766   618  1023 I ServiceManager: Waiting for service 'sensorservice' on '/dev/binder'...
01-11 10:08:12.769   476   534 D msm8916_platform: platform_get_mixer_control: mixer ctl not obtained
01-11 10:08:12.772   476   534 I chatty  : uid=1041(audioserver) HwBinder:476_2 identical 29 lines
01-11 10:08:12.778   405   405 E SELinux : avc:  denied  { find } for interface=android.system.suspend::ISystemSuspend sid=u:r:init:s0 pid=540 scontext=u:r:init:s0 tcontext=u:object_r:system_suspend_hwservice:s0 tclass=hwservice_manager permissive=1
01-11 10:08:12.776   405   405 I hwservicemanage: type=1400 audit(0.0:628): avc: denied { transfer } for scontext=u:r:hwservicemanager:s0 tcontext=u:r:init:s0 tclass=binder permissive=1
01-11 10:08:12.776   540   540 I netmgrd : type=1400 audit(0.0:629): avc: denied { call } for scontext=u:r:init:s0 tcontext=u:r:system_suspend:s0 tclass=binder permissive=1
01-11 10:08:12.780   479   479 I suspend@1.0-ser: type=1400 audit(0.0:630): avc: denied { transfer } for scontext=u:r:system_suspend:s0 tcontext=u:r:init:s0 tclass=binder permissive=1
01-11 10:08:12.780   540   540 I netmgrd : type=1400 audit(0.0:631): avc: denied { ioctl } for path="socket:[18806]" dev="sockfs" ino=18806 ioctlcmd=89f2 scontext=u:r:init:s0 tcontext=u:r:init:s0 tclass=udp_socket permissive=1
01-11 10:08:12.783   540   540 I netmgrd : type=1400 audit(0.0:632): avc: denied { module_request } for kmod="netdev-rmnet0" scontext=u:r:init:s0 tcontext=u:r:kernel:s0 tclass=system permissive=1
01-11 10:08:12.788   516   516 I chatty  : uid=1041(audioserver) /system/bin/audioserver expire 2 lines
01-11 10:08:12.788   476   534 I chatty  : uid=1041(audioserver) HwBinder:476_2 expire 3 lines
01-11 10:08:12.789   516   516 I chatty  : uid=1041(audioserver) /system/bin/audioserver expire 1 line
01-11 10:08:12.792   567   783 I ServiceManager: Waiting for service 'package_native' on '/dev/binder'...
01-11 10:08:12.803   467   467 I main    : type=1400 audit(0.0:633): avc: denied { read } for name="cmdline" dev="proc" ino=4026532288 scontext=u:r:zygote:s0 tcontext=u:object_r:proc_cmdline:s0 tclass=file permissive=1
01-11 10:08:12.803   467   467 I main    : type=1400 audit(0.0:634): avc: denied { open } for path="/proc/cmdline" dev="proc" ino=4026532288 scontext=u:r:zygote:s0 tcontext=u:object_r:proc_cmdline:s0 tclass=file permissive=1
01-11 10:08:12.803   467   467 I main    : type=1400 audit(0.0:635): avc: denied { getattr } for path="/proc/cmdline" dev="proc" ino=4026532288 scontext=u:r:zygote:s0 tcontext=u:object_r:proc_cmdline:s0 tclass=file permissive=1
01-11 10:08:12.806  1005  1005 D BootAnimation: BootAnimationStartTiming start time: 9907ms
01-11 10:08:12.806  1005  1005 D BootAnimation: BootAnimationPreloadTiming start time: 9908ms
01-11 10:08:12.808   642   744 W ServiceManagement: Waited one second for android.frameworks.sensorservice@1.0::ISensorManager/default
01-11 10:08:12.806   405   405 I hwservicemanage: type=1400 audit(0.0:636): avc: denied { getattr } for scontext=u:r:hwservicemanager:s0 tcontext=u:r:init:s0 tclass=process permissive=1
01-11 10:08:12.809   642   744 I ServiceManagement: getService: Trying again for android.frameworks.sensorservice@1.0::ISensorManager/default...
01-11 10:08:12.810   545   545 I time_daemon: type=1400 audit(0.0:638): avc: denied { read } for scontext=u:r:init:s0 tcontext=u:r:init:s0 tclass=socket permissive=1
01-11 10:08:12.810   507   507 I rmt_storage: type=1400 audit(0.0:637): avc: denied { read } for scontext=u:r:init:s0 tcontext=u:r:init:s0 tclass=socket permissive=1
01-11 10:08:12.810   538   538 I cnd     : type=1400 audit(0.0:639): avc: denied { ioctl } for path="socket:[4835]" dev="sockfs" ino=4835 ioctlcmd=c302 scontext=u:r:init:s0 tcontext=u:r:init:s0 tclass=socket permissive=1
01-11 10:08:12.813   538   538 I cnd     : type=1400 audit(0.0:640): avc: denied { create } for scontext=u:r:init:s0 tcontext=u:r:init:s0 tclass=socket permissive=1
01-11 10:08:12.813   538   538 I cnd     : type=1400 audit(0.0:641): avc: denied { write } for scontext=u:r:init:s0 tcontext=u:r:init:s0 tclass=socket permissive=1
01-11 10:08:12.825   547   547 E wcnss_qmi: wcnss_qmi_get_wlan_address: Mac Address_valid: 1 Mac Address Len: 6
01-11 10:08:12.826   547   547 E wcnss_qmi: wcnss_qmi_get_wlan_address: Succesfully Read WLAN MAC Address
01-11 10:08:12.826   547   547 E wcnss_service: WLAN MAC Addr:38:a4:ed:a7:b8:7a
01-11 10:08:12.826   547   547 E wcnss_qmi: wcnss_qmi_deinit: Deinitialize wcnss QMI Interface
01-11 10:08:12.826   547   547 I wcnss_service: dynamic nv only for QRD platform, current platform:MTP.
01-11 10:08:12.826   547   547 E wcnss_service: Serial Number is  de847d33
