01-11 10:08:12.213   476   476 I audio@2.0-servi: type=1400 audit(0.0:595): avc: denied { read write } for name="diag" dev="tmpfs" ino=15434 scontext=u:r:hal_audio_default:s0 tcontext=u:object_r:device:s0 tclass=chr_file permissive=1
01-11 10:08:12.216   476   476 D ACDB-LOADER: ACDB -> ACPH INIT
01-11 10:08:12.216   476   476 D         : [ACPH]->Online service registered with ACPH
01-11 10:08:12.213   476   476 I audio@2.0-servi: type=1400 audit(0.0:596): avc: denied { open } for path="/dev/diag" dev="tmpfs" ino=15434 scontext=u:r:hal_audio_default:s0 tcontext=u:object_r:device:s0 tclass=chr_file permissive=1
01-11 10:08:12.213   476   476 I audio@2.0-servi: type=1400 audit(0.0:597): avc: denied { ioctl } for path="/dev/diag" dev="tmpfs" ino=15434 ioctlcmd=20 scontext=u:r:hal_audio_default:s0 tcontext=u:object_r:device:s0 tclass=chr_file permissive=1
01-11 10:08:12.218   476   476 D         : [ACPH]->ACPH init success
01-11 10:08:12.218   476   476 D ACDB-LOADER: ACDB -> RTAC INIT
01-11 10:08:12.218   476   476 D         : [ACPH]->DSP RTC service registered with ACPH
01-11 10:08:12.218   476   476 D ACDB-LOADER: ACDB -> MCS, FTS INIT
01-11 10:08:12.219   476   476 D         : [ACPH]->MCS RTC service registered with ACPH
01-11 10:08:12.219   476   476 D         : [ACPH]->FTS RTC service registered with ACPH
01-11 10:08:12.219   476   476 D ACDB-LOADER: ACDB -> ADIE RTAC INIT
01-11 10:08:12.219   476   476 D         : [ACPH]->ADIE RTC service registered with ACPH
01-11 10:08:12.219   476   476 D ACDB-LOADER: ACDB -> ACDB_CMD_GET_VOC_PROC_DYNAMIC_TABLE_SIZE
01-11 10:08:12.227   509   509 I tftp_server: pid=509 tid=509 tftp-server : INF :[tftp_server.c, 667] rcvd request [1] [72] [2] [0] [17]
01-11 10:08:12.231   546   633 I ThermalEngine: MODEM thermal mitigation available.
01-11 10:08:12.231   509   957 I tftp_server: pid=509 tid=957 tftp-server : INF :[tftp_server_utils.c, 113] file [readwrite/server_check.txt] : [/vendor/rfs/msm/mpss/readwrite/server_check.txt]
01-11 10:08:12.231   546   633 I ThermalEngine: Mitigation:modem[MODEM]:0 pending QMI request succeded
01-11 10:08:12.231   509   957 I tftp_server: pid=509 tid=957 tftp-server : INF :[tftp_server.c, 1222] OACK options : [7680, 200, 10, 0, 0, 0, 0, 0]
01-11 10:08:12.231   509   957 I tftp_server: pid=509 tid=957 tftp-server : INF :[tftp_server.c, 893] Using temp file[/vendor/rfs/msm/mpss/readwrite/server_check.txt.rfs_tmp] for atomic put
01-11 10:08:12.231   509   957 I tftp_server: pid=509 tid=957 tftp-server : INF :[tftp_os_la.c, 63] open : [-1] [-1] [384] [577] [/vendor/rfs/msm/mpss/readwrite/server_check.txt.rfs_tmp]
01-11 10:08:12.232   546   633 I ThermalEngine: Mitigation:vdd_restriction[MODEM]:0 pending QMI request succeded
01-11 10:08:12.232   546   633 I ThermalEngine: Mitigation:modem_cx[MODEM]:0 pending QMI request succeded
01-11 10:08:12.233   546   633 I ThermalEngine: Mitigation:modem_proc[MODEM]:0 pending QMI request succeded
01-11 10:08:12.226   509   509 I tftp_server: type=1400 audit(0.0:598): avc: denied { setopt } for scontext=u:r:init:s0 tcontext=u:r:init:s0 tclass=socket permissive=1
01-11 10:08:12.226   509   509 I tftp_server: type=1400 audit(0.0:599): avc: denied { connect } for scontext=u:r:init:s0 tcontext=u:r:init:s0 tclass=socket permissive=1
01-11 10:08:12.241   476   476 D ACDB-LOADER: ACDB -> send_common_custom_topology
01-11 10:08:12.241   476   476 D ACDB-LOADER: ACDB -> ACDB_CMD_GET_AVCS_CUSTOM_TOPO_INFO_SIZE
01-11 10:08:12.241   476   476 D ACDB-LOADER: ACDB -> ACDB_CMD_GET_AVCS_CUSTOM_TOPO_INFO
01-11 10:08:12.241   476   476 D ACDB-LOADER: ACDB -> ACDB_CMD_GET_AVCS_CUSTOM_TOPO_INFO: size:0xb0 ret=0
01-11 10:08:12.241   476   476 D ACDB-LOADER: ACDB -> CORE_CUSTOM_TOPOLOGIES
01-11 10:08:12.243   509   509 I tftp_server: type=1400 audit(0.0:600): avc: denied { rename } for name="server_check.txt.rfs_tmp" dev="mmcblk0p26" ino=88 scontext=u:r:init:s0 tcontext=u:object_r:mnt_vendor_file:s0 tclass=file permissive=1
01-11 10:08:12.245   509   957 I tftp_server: pid=509 tid=957 tftp-server : INF :[tftp_server.c, 1500] WRQ stats : total-blocks = 1 : total-bytes = 5 : 5 timedout-pkts = 0, wrong-pkts = 0
01-11 10:08:12.245   509   957 I tftp_server: pid=509 tid=957 tftp-server : INF :[tftp_server.c, 1504] WRQ time stats : Total : [TX, RX] = [85, 477, 10]
01-11 10:08:12.245   509   957 I tftp_server: pid=509 tid=957 tftp-server : INF :[tftp_server.c, 1508] WRQ time stats : Tx [Min, Max] = [38, 47]
01-11 10:08:12.245   509   957 I tftp_server: pid=509 tid=957 tftp-server : INF :[tftp_server.c, 1512] WRQ time stats : Rx [Min, Max] = [226, 251]
01-11 10:08:12.245   476   476 D ACDB-LOADER: ACDB -> acdb_loader_send_common_custom_topology: Common custom topology in use
01-11 10:08:12.245   476   476 D ACDB-LOADER: ACDB -> init done!
01-11 10:08:12.246   476   476 D audio_hw_acdb: acdb_init_v2: ACDB Instance ID support after ACDB init:0
01-11 10:08:12.246   476   476 D sound_trigger_platform: get_codec_version: codec version
01-11 10:08:12.248   476   476 E sound_trigger_platform: init_be_dai_name_table: Could not get ctl for mixer name Backend DAI Name Table
01-11 10:08:12.248   476   476 I SoundTriggerHalImpl: onFirstRef() mModuleName primary mHwDevice 0xf54ad000
01-11 10:08:12.253   476   476 I ServiceManagement: Registered android.hardware.soundtrigger@2.1::ISoundTriggerHw/default (start delay of 2774ms)
01-11 10:08:12.253   476   476 I audiohalservice: Registration complete for android.hardware.soundtrigger@2.1::ISoundTriggerHw/default.
01-11 10:08:12.254   405   405 I hwservicemanager: getTransport: Cannot find entry android.hardware.bluetooth.audio@2.0::IBluetoothAudioProvidersFactory/default in either framework or device manifest.
01-11 10:08:12.255   476   476 E audiohalservice: Could not get passthrough implementation for android.hardware.bluetooth.audio@2.0::IBluetoothAudioProvidersFactory/default.
01-11 10:08:12.255   476   476 W audiohalservice: Could not register Bluetooth Audio API 2.0
01-11 10:08:12.256   405   405 I hwservicemanager: getTransport: Cannot find entry android.hardware.bluetooth.a2dp@1.0::IBluetoothAudioOffload/default in either framework or device manifest.
01-11 10:08:12.257   476   476 E audiohalservice: Could not get passthrough implementation for android.hardware.bluetooth.a2dp@1.0::IBluetoothAudioOffload/default.
01-11 10:08:12.257   476   476 W audiohalservice: Could not register Bluetooth audio offload 1.0
01-11 10:08:12.281   554   554 W ServiceManagement: Waited one second for android.hardware.camera.provider@2.4::ICameraProvider/legacy/0
01-11 10:08:12.282   554   554 I ServiceManagement: getService: Trying again for android.hardware.camera.provider@2.4::ICameraProvider/legacy/0...
01-11 10:08:12.289   567   783 I ServiceManager: Waiting for service 'package_native' on '/dev/binder'...
01-11 10:08:12.311   618   618 E mm-camera: <IMGLIB><ERROR> 745: module_imglib_create_topology: module_imglib_create_topology:745] Can not init the module imglib_oem1
01-11 10:08:12.310   618   618 I mm-qcamera-daem: type=1400 audit(0.0:601): avc: denied { ioctl } for path="/dev/video0" dev="tmpfs" ino=16446 ioctlcmd=565a scontext=u:r:init:s0 tcontext=u:object_r:video_device:s0 tclass=chr_file permissive=1
01-11 10:08:12.312   618   618 E mm-camera: <MCT   ><ERROR> 394: main: CAMERA_DAEMON:waiting for camera to open
01-11 10:08:12.310   481   481 I android.hardwar: type=1400 audit(0.0:602): avc: denied { read write } for name="media0" dev="tmpfs" ino=14145 scontext=u:r:hal_camera_default:s0 tcontext=u:object_r:device:s0 tclass=chr_file permissive=1
01-11 10:08:12.310   481   481 I android.hardwar: type=1400 audit(0.0:603): avc: denied { open } for path="/dev/media0" dev="tmpfs" ino=14145 scontext=u:r:hal_camera_default:s0 tcontext=u:object_r:device:s0 tclass=chr_file permissive=1
01-11 10:08:12.310   481   481 I android.hardwar: type=1400 audit(0.0:604): avc: denied { ioctl } for path="/dev/media0" dev="tmpfs" ino=14145 ioctlcmd=7c00 scontext=u:r:hal_camera_default:s0 tcontext=u:object_r:device:s0 tclass=chr_file permissive=1
01-11 10:08:12.313   481   481 E QCamera : <MCI><ERROR> get_num_of_cameras: 1836: dev_info[id=0,name='video1']
01-11 10:08:12.313   481   481 E QCamera : <MCI><ERROR> get_num_of_cameras: 1836: dev_info[id=1,name='video2']
01-11 10:08:12.313   481   481 I QCamera : <MCI><INFO> sort_camera_info: 1610: dualCamera:0 auxCamera 0
01-11 10:08:12.313   481   481 I QCamera : <MCI><INFO> sort_camera_info: 1691: Camera id: 0 facing: 0, type: 0 is_yuv: 0
01-11 10:08:12.313   481   481 I QCamera : <MCI><INFO> sort_camera_info: 1691: Camera id: 1 facing: 1, type: 0 is_yuv: 0
01-11 10:08:12.313   481   481 I QCamera : <MCI><INFO> sort_camera_info: 1694: Number of cameras 2 sorted 2
01-11 10:08:12.313   481   481 E QCamera : <MCI><ERROR> get_num_of_cameras: 1854: num_cameras=2
01-11 10:08:12.313   481   481 I QCamera : <HAL><INFO> getCameraInfo: 345: Camera id 0 API version 768
01-11 10:08:12.317   618   618 D mm-camera: <MCT   >< HIGH> 61: mct_controller_new: Creating new mct_controller with session-id 2
01-11 10:08:12.317   618   978 D mm-camera: <MCT   >< HIGH> 3501: mct_pipeline_start_session_thread: E sensor
01-11 10:08:12.317   618   978 D mm-camera: <MCT   >< HIGH> 3508: mct_pipeline_start_session_thread: Calling start_session on Module sensor
01-11 10:08:12.318   618   980 D mm-camera: <MCT   >< HIGH> 3501: mct_pipeline_start_session_thread: E iface
01-11 10:08:12.319   618   980 D mm-camera: <MCT   >< HIGH> 3508: mct_pipeline_start_session_thread: Calling start_session on Module iface
01-11 10:08:12.319   618   981 D mm-camera: <MCT   >< HIGH> 3501: mct_pipeline_start_session_thread: E isp
01-11 10:08:12.319   618   981 D mm-camera: <MCT   >< HIGH> 3508: mct_pipeline_start_session_thread: Calling start_session on Module isp
01-11 10:08:12.319   618   981 I mm-camera: <ISP   >< INFO> 196: isp_module_start_session: session id 2
01-11 10:08:12.319   618   982 D mm-camera: <MCT   >< HIGH> 3501: mct_pipeline_start_session_thread: E stats
01-11 10:08:12.319   618   982 D mm-camera: <MCT   >< HIGH> 3508: mct_pipeline_start_session_thread: Calling start_session on Module stats
01-11 10:08:12.320   618   980 D mm-camera: <MCT   >< HIGH> 3511: mct_pipeline_start_session_thread: Module iface start_session rc = 1
01-11 10:08:12.320   618   980 D mm-camera: <MCT   >< HIGH> 3519: mct_pipeline_start_session_thread: started_num = 1, success = 1
01-11 10:08:12.320   618   980 D mm-camera: <MCT   >< HIGH> 3526: mct_pipeline_start_session_thread: X iface
01-11 10:08:12.320   618   984 D mm-camera: <MCT   >< HIGH> 3501: mct_pipeline_start_session_thread: E pproc
01-11 10:08:12.320   618   984 D mm-camera: <MCT   >< HIGH> 3508: mct_pipeline_start_session_thread: Calling start_session on Module pproc
01-11 10:08:12.322   618   982 I mm-camera: <STATS_AIS >< INFO> 261: gyro_port_use_android_iface: Native sensor interface is default
01-11 10:08:12.323   618   985 D mm-camera: <MCT   >< HIGH> 3501: mct_pipeline_start_session_thread: E imglib
01-11 10:08:12.323   618   985 D mm-camera: <MCT   >< HIGH> 3508: mct_pipeline_start_session_thread: Calling start_session on Module imglib
01-11 10:08:12.323   618   985 E mm-camera: <IMGLIB><ERROR> 1774: module_imglib_start_session: module_imglib_start_session:1774 ###Img_Loglevel 1, moduleMask 65535
01-11 10:08:12.324   618   982 D mm-camera: <MCT   >< HIGH> 3511: mct_pipeline_start_session_thread: Module stats start_session rc = 1
01-11 10:08:12.324   618   982 D mm-camera: <MCT   >< HIGH> 3519: mct_pipeline_start_session_thread: started_num = 2, success = 2
01-11 10:08:12.324   618   982 D mm-camera: <MCT   >< HIGH> 3526: mct_pipeline_start_session_thread: X stats
01-11 10:08:12.325   618   985 D mm-camera: <MCT   >< HIGH> 3511: mct_pipeline_start_session_thread: Module imglib start_session rc = 1
01-11 10:08:12.325   618   985 D mm-camera: <MCT   >< HIGH> 3519: mct_pipeline_start_session_thread: started_num = 3, success = 3
01-11 10:08:12.325   618   985 D mm-camera: <MCT   >< HIGH> 3526: mct_pipeline_start_session_thread: X imglib
01-11 10:08:12.323   618   618 I CAM_startpproc: type=1400 audit(0.0:605): avc: denied { write } for name="ion" dev="tmpfs" ino=14150 scontext=u:r:init:s0 tcontext=u:object_r:ion_device:s0 tclass=chr_file permissive=1
01-11 10:08:12.327   618   986 I ServiceManager: Waiting for service 'sensorservice' on '/dev/binder'...
01-11 10:08:12.327   618   981 D mm-camera: <MCT   >< HIGH> 3511: mct_pipeline_start_session_thread: Module isp start_session rc = 1
01-11 10:08:12.327   618   981 D mm-camera: <MCT   >< HIGH> 3519: mct_pipeline_start_session_thread: started_num = 4, success = 4
01-11 10:08:12.327   618   981 D mm-camera: <MCT   >< HIGH> 3526: mct_pipeline_start_session_thread: X isp
01-11 10:08:12.330   618   978 D mm-camera: <MCT   >< HIGH> 3511: mct_pipeline_start_session_thread: Module sensor start_session rc = 1
01-11 10:08:12.330   618   978 D mm-camera: <MCT   >< HIGH> 3519: mct_pipeline_start_session_thread: started_num = 5, success = 5
01-11 10:08:12.330   618   978 D mm-camera: <MCT   >< HIGH> 3526: mct_pipeline_start_session_thread: X sensor
01-11 10:08:12.336   618   984 D mm-camera: <MCT   >< HIGH> 3511: mct_pipeline_start_session_thread: Module pproc start_session rc = 1
01-11 10:08:12.336   618   984 D mm-camera: <MCT   >< HIGH> 3519: mct_pipeline_start_session_thread: started_num = 6, success = 6
01-11 10:08:12.336   618   984 D mm-camera: <MCT   >< HIGH> 3526: mct_pipeline_start_session_thread: X pproc
01-11 10:08:12.342   618   618 I mm-camera: <STATS_AEC >< INFO> 411: aec_port_set_session_data: 3A VERSION --> 5.1.0.r0
01-11 10:08:12.348   618   994 D mm-camera: <MCT   >< HIGH> 3416: mct_pipeline_start_stream_internal: Adding session stream streamid= 0xf for session=2
01-11 10:08:12.349   618   994 D mm-camera: <MCT   >< HIGH> 3464: mct_pipeline_start_stream_internal: Linking session stream for session 2
01-11 10:08:12.349   618   994 D mm-camera: <MCT   >< HIGH> 463: mct_stream_start_link: Start linking Session-stream 0x2000f
01-11 10:08:12.349   618   994 E mm-camera: <SENSOR><ERROR> 87: port_sensor_caps_reserve: session id doesn't match: 2 : 1
01-11 10:08:12.349   618   994 E mm-camera: <IFACE ><ERROR> 333: iface_util_find_primary_cid: iface_util_find_primary_cid:333 error cannot find primary sensor format cids 1
01-11 10:08:12.349   618   994 I mm-camera: <ISP   >< INFO> 770: isp_port_check_caps_reserve: port 0xe22f3cc0 ide 2000f type 10 dim 0 0
01-11 10:08:12.346   481   481 I android.hardwar: type=1400 audit(0.0:606): avc: denied { search } for name="camera" dev="mmcblk0p49" ino=13802 scontext=u:r:hal_camera_default:s0 tcontext=u:object_r:camera_data_file:s0 tclass=dir permissive=1
01-11 10:08:12.349   618   994 E mm-camera: <ERROR> 452: pproc_port_add_modules_to_stream: int_link = 0xe230b500
01-11 10:08:12.346   481   481 I android.hardwar: type=1400 audit(0.0:607): avc: denied { write } for name="cam_socket2" dev="mmcblk0p49" ino=14259 scontext=u:r:hal_camera_default:s0 tcontext=u:object_r:camera_data_file:s0 tclass=sock_file permissive=1
01-11 10:08:12.349   618   994 I mm-camera: <PPROC >< INFO> 464: pproc_port_add_modules_to_stream: :LINK linking mods tmod and c2d for identity 2000f
01-11 10:08:12.349   618   994 I mm-camera: <PPROC >< INFO> 464: pproc_port_add_modules_to_stream: :LINK linking mods c2d and cpp for identity 2000f
01-11 10:08:12.349   618   994 E mm-camera: <ERROR> 104: c2d_port_check_caps_reserve: Interleaved flag is 0, identity 131087 port type 0
01-11 10:08:12.346   481   481 I android.hardwar: type=1400 audit(0.0:608): avc: denied { sendto } for path="/data/misc/camera/cam_socket2" scontext=u:r:hal_camera_default:s0 tcontext=u:r:init:s0 tclass=unix_dgram_socket permissive=1
01-11 10:08:12.350   618   994 I mm-camera: <CPP   >< INFO> 2155: cpp_module_notify_add_stream: :width 0, height 0, stride 0, scanline 0, framelen 0
01-11 10:08:12.350   618   994 I mm-camera: <CPP   >< INFO> 2304: cpp_module_notify_add_stream: : stream 10, fmt 1, asf_mode 0, sharpness_level 0.000000,asf mask 0, denoise 0, denoise_mask 0, dsdn mask 0,dsdn enable 0, tnr mask 0, tnr enable 0, ds_mask 0
01-11 10:08:12.350   618   994 I mm-camera: <PPROC >< INFO> 464: pproc_port_add_modules_to_stream: :LINK linking mods cpp and afs for identity 2000f
01-11 10:08:12.350   618   994 I mm-camera: <PPROC >< INFO> 464: pproc_port_add_modules_to_stream: :LINK linking mods afs and sw_tnr for identity 2000f
01-11 10:08:12.350   618   994 E mm-camera: <IMGLIB><ERROR> 2273: module_imgbase_port_ext_link: module_imgbase_port_ext_link_sw_tnr:2273] add identity 2000f session 2 stream 15 port 0xe2312cc0
01-11 10:08:12.346   618   618 I mm-qcamera-daem: type=1400 audit(0.0:609): avc: denied { use } for path="anon_inode:dmabuf" dev="anon_inodefs" ino=13078 scontext=u:r:init:s0 tcontext=u:r:hal_camera_default:s0 tclass=fd permissive=1
01-11 10:08:12.350   618   994 I mm-camera: <PPROC >< INFO> 464: pproc_port_add_modules_to_stream: :LINK linking mods sw_tnr and llvd for identity 2000f
01-11 10:08:12.350   618   994 E mm-camera: <IMGLIB><ERROR> 2273: module_imgbase_port_ext_link: module_imgbase_port_ext_link_sw_tnr:2273] add identity 2000f session 2 stream 15 port 0xe2312e00
01-11 10:08:12.350   618   994 E mm-camera: <IMGLIB><ERROR> 2273: module_imgbase_port_ext_link: module_imgbase_port_ext_link_llvd:2273] add identity 2000f session 2 stream 15 port 0xe2311f00
01-11 10:08:12.350   618   994 I mm-camera: <PPROC >< INFO> 464: pproc_port_add_modules_to_stream: :LINK linking mods llvd and ezt for identity 2000f
01-11 10:08:12.351   618   994 E mm-camera: <IMGLIB><ERROR> 2273: module_imgbase_port_ext_link: module_imgbase_port_ext_link_llvd:2273] add identity 2000f session 2 stream 15 port 0xe2312040
01-11 10:08:12.351   618   994 E mm-camera: <ERROR> 485: pproc_port_add_modules_to_stream: pproc_port_add_modules_to_stream:485] X rc: 1
01-11 10:08:12.352   618   994 E mm-camera: <IMGLIB><ERROR> 2273: module_imgbase_port_ext_link: module_imgbase_port_ext_link_imglib_dcrf:2273] add identity 2000f session 2 stream 15 port 0xe1df4c80
01-11 10:08:12.350   552   552 I hvdcp_opti: type=1400 audit(0.0:610): avc: denied { write } for name="wake_lock" dev="sysfs" ino=91 scontext=u:r:init:s0 tcontext=u:object_r:sysfs_wake_lock:s0 tclass=file permissive=1
01-11 10:08:12.350   552   552 I hvdcp_opti: type=1400 audit(0.0:611): avc: denied { open } for path="/sys/power/wake_lock" dev="sysfs" ino=91 scontext=u:r:init:s0 tcontext=u:object_r:sysfs_wake_lock:s0 tclass=file permissive=1
01-11 10:08:12.355   618   994 D mm-camera: <MCT   >< HIGH> 3473: mct_pipeline_start_stream_internal: Session stream linked successfully session 2
01-11 10:08:12.390   567   783 I ServiceManager: Waiting for service 'package_native' on '/dev/binder'...
01-11 10:08:12.393   520   520 D RenderEngine: shader cache generated - 48 shaders in 1322.543701 ms
01-11 10:08:12.396   520   520 I ServiceManagement: Registered android.frameworks.displayservice@1.0::IDisplayService/default (start delay of 2798ms)
01-11 10:08:12.397   520   520 D SurfaceFlinger: Setting power mode 2 on display 0
01-11 10:08:12.397   489   489 I SDM     : DisplayBase::SetDisplayState: Set state = 1, display 0
01-11 10:08:12.398   520   520 D SurfaceFlinger: Finished setting power mode 2 on display 0
01-11 10:08:12.402   618   979 E mm-camera: wingtech_get_calibration_items,585
01-11 10:08:12.402   618   979 E mm-camera: wingtech_get_calibration_items,623
01-11 10:08:12.402   618   979 E mm-camera: wingtech_get_raw_data,1219
01-11 10:08:12.403   618   979 E mm-camera: <SENSOR><ERROR> 219: module_sensor_offload_init_config: qhq = module_sensor_offload_init_config line=219
01-11 10:08:12.403   618   979 E mm-camera: Enter
01-11 10:08:12.403   618   979 E mm-camera: no file
01-11 10:08:12.403   618   979 E mm-camera: calc_checksum = 135 , checksum = 135
01-11 10:08:12.403   618   979 E mm-camera: wgz module_info->module_id = 97
01-11 10:08:12.403   618   979 E         : wgz eeprom_get_id 197 rc = 0, id=97
01-11 10:08:12.403   618   979 E mm-camera: <SENSOR><ERROR> 228: module_sensor_offload_init_config: qhq eeprom_id = 97
01-11 10:08:12.403   618   979 E         : open hardwareinfo failed(No such file or directory)
01-11 10:08:12.403   618   979 E         : set eeprom Sunny error(Bad file descriptor)
01-11 10:08:12.400  1005  1005 I bootanimation: type=1400 audit(0.0:612): avc: denied { noatsecure } for scontext=u:r:init:s0 tcontext=u:r:bootanim:s0 tclass=process permissive=1
01-11 10:08:12.409   618   979 E mm-camera: qvalue 128
01-11 10:08:12.409   618   979 E mm-camera: initial code 156, adjusted code_per_step: 116, qvalue: 128
01-11 10:08:12.410   618   995 E mm-camera: <SENSOR><ERROR> 2832: sensor_get_cur_chromatix_name: xieyue mask=1
01-11 10:08:12.406   618   618 I CAM_MctServ: type=1400 audit(0.0:613): avc: denied { read } for name="fb0" dev="tmpfs" ino=14163 scontext=u:r:init:s0 tcontext=u:object_r:graphics_device:s0 tclass=chr_file permissive=1
01-11 10:08:12.410   618   995 E mm-camera: <SENSOR><ERROR> 2713: sensor_get_cur_chromatix_name_for_type: chromatix for res_idx = 0 special_mode_mask = 0     module = 4 chromatix_type = 0 is NULL
01-11 10:08:12.410   618   995 E mm-camera: <IMGLIB><ERROR> 1962: module_faceproc_query_mod: module_faceproc_query_mod:1962] Caps ROI 10 scene_mode_cnt 1 HW analysis supported 0
01-11 10:08:12.410   618   995 E mm-camera: <IMGLIB><ERROR> 181: module_hdr_lib_query_mod: module_hdr_lib_query_mod:181] Supported scenemode cnt 2
01-11 10:08:12.410   618   995 D mm-camera: <MCT   >< HIGH> 2122: mct_pipeline_populate_query_cap_buffer: Cam 0: FPS range selection complete. Publishing 7 ranges.
01-11 10:08:12.406   618   618 I CAM_MctServ: type=1400 audit(0.0:614): avc: denied { open } for path="/dev/graphics/fb0" dev="tmpfs" ino=14163 scontext=u:r:init:s0 tcontext=u:object_r:graphics_device:s0 tclass=chr_file permissive=1
01-11 10:08:12.406   618   618 I CAM_MctServ: type=1400 audit(0.0:615): avc: denied { ioctl } for path="/dev/graphics/fb0" dev="tmpfs" ino=14163 ioctlcmd=4600 scontext=u:r:init:s0 tcontext=u:object_r:graphics_device:s0 tclass=chr_file permissive=1
01-11 10:08:12.411   618   618 D mm-camera: <MCT   >< HIGH> 187: mct_controller_destroy: Initiating destroy sequence for session = 2
01-11 10:08:12.412   618   618 D mm-camera: <MCT   >< HIGH> 205: mct_controller_destroy: serv_thread closed
01-11 10:08:12.412   618   996 D mm-camera: <MCT   >< HIGH> 958: mct_bus_handler_thread_run: Force Exit
01-11 10:08:12.412   618   618 D mm-camera: <MCT   >< HIGH> 220: mct_controller_destroy: bus_handler thread closed
01-11 10:08:12.412   618   618 D mm-camera: <MCT   >< HIGH> 3585: mct_pipeline_stop_session: Initiating stop_session on session 2
01-11 10:08:12.412   618   618 D mm-camera: <MCT   >< HIGH> 2615: mct_pipeline_process_set: command=800000b
01-11 10:08:12.412   618   618 D mm-camera: <MCT   >< HIGH> 2803: mct_pipeline_process_set: Issuing DEL_STREAM on stream 0x2000f and stream type=10
01-11 10:08:12.412   618   618 I mm-camera: <IFACE >< INFO> 662: iface_unreserve_sink_port: stream_id f mode 0
01-11 10:08:12.412   618   618 I mm-camera: <ISP   >< INFO> 859: isp_port_check_caps_unreserve: ide 2000f port 0xe22f3cc0
01-11 10:08:12.412   618   618 E mm-camera: <IMGLIB><ERROR> 2060: module_imgbase_port_release_client: module_imgbase_port_release_client_sw_tnr:2060]
01-11 10:08:12.413   618   618 E mm-camera: <IMGLIB><ERROR> 2060: module_imgbase_port_release_client: module_imgbase_port_release_client_llvd:2060]
01-11 10:08:12.414   618   618 D mm-camera: <MCT   >< HIGH> 2814: mct_pipeline_process_set: Stream 0x2000f and stream type=10, successfully deleted
01-11 10:08:12.414   618  1006 D mm-camera: <MCT   >< HIGH> 3306: mct_pipeline_stop_session_thread: Stop module name: sensor - E
01-11 10:08:12.414   618  1007 D mm-camera: <MCT   >< HIGH> 3306: mct_pipeline_stop_session_thread: Stop module name: iface - E
01-11 10:08:12.415   618  1008 D mm-camera: <MCT   >< HIGH> 3306: mct_pipeline_stop_session_thread: Stop module name: isp - E
01-11 10:08:12.415   618  1009 D mm-camera: <MCT   >< HIGH> 3306: mct_pipeline_stop_session_thread: Stop module name: stats - E
01-11 10:08:12.415   618  1008 I mm-camera: <ISP   >< INFO> 500: isp_module_stop_session: session id 2
01-11 10:08:12.416   618  1010 D mm-camera: <MCT   >< HIGH> 3306: mct_pipeline_stop_session_thread: Stop module name: pproc - E
01-11 10:08:12.416   618  1011 D mm-camera: <MCT   >< HIGH> 3306: mct_pipeline_stop_session_thread: Stop module name: imglib - E
01-11 10:08:12.418   618  1011 D mm-camera: <MCT   >< HIGH> 3314: mct_pipeline_stop_session_thread: Stop module name: imglib - X
01-11 10:08:12.418   618   618 D mm-camera: <MCT   >< HIGH> 3638: mct_pipeline_stop_session: Modules left: 5
01-11 10:08:12.418   618  1008 D mm-camera: <MCT   >< HIGH> 3314: mct_pipeline_stop_session_thread: Stop module name: isp - X
01-11 10:08:12.418   618   618 D mm-camera: <MCT   >< HIGH> 3638: mct_pipeline_stop_session: Modules left: 4
01-11 10:08:12.418   618  1007 D mm-camera: <MCT   >< HIGH> 3314: mct_pipeline_stop_session_thread: Stop module name: iface - X
01-11 10:08:12.418   618   618 D mm-camera: <MCT   >< HIGH> 3638: mct_pipeline_stop_session: Modules left: 3
01-11 10:08:12.421   618  1009 D mm-camera: <MCT   >< HIGH> 3314: mct_pipeline_stop_session_thread: Stop module name: stats - X
01-11 10:08:12.421   618   618 D mm-camera: <MCT   >< HIGH> 3638: mct_pipeline_stop_session: Modules left: 2
01-11 10:08:12.421   618  1010 D mm-camera: <MCT   >< HIGH> 3314: mct_pipeline_stop_session_thread: Stop module name: pproc - X
01-11 10:08:12.421   618   618 D mm-camera: <MCT   >< HIGH> 3638: mct_pipeline_stop_session: Modules left: 1
01-11 10:08:12.427   618   986 I ServiceManager: Waiting for service 'sensorservice' on '/dev/binder'...
01-11 10:08:12.431   476   534 D audio_hw_utils: audio_extn_utils_open_snd_mixer: snd_card_name: msm8952-sku1-snd-card
01-11 10:08:12.431   476   534 D audio_hw_utils: audio_extn_utils_open_snd_mixer: Opened sound card:0
01-11 10:08:12.431   476   534 D msm8916_platform: platform_init: Opened sound card:0
01-11 10:08:12.431   476   534 D msm8916_platform: platform_init: snd_card_name: msm8952-sku1-snd-card
01-11 10:08:12.432   476   534 D msm8916_platform: platform_init: mixer path file is /vendor/etc/mixer_paths_qrd_sku1.xml
01-11 10:08:12.450   618  1006 D mm-camera: <MCT   >< HIGH> 3314: mct_pipeline_stop_session_thread: Stop module name: sensor - X
01-11 10:08:12.450   618   618 D mm-camera: <MCT   >< HIGH> 3638: mct_pipeline_stop_session: Modules left: 0
01-11 10:08:12.450   618   618 D mm-camera: <MCT   >< HIGH> 3647: mct_pipeline_stop_session: Stopped session 2 successfully
01-11 10:08:12.450   618   618 D mm-camera: <MCT   >< HIGH> 3933: mct_pipeline_destroy: E: session:2
01-11 10:08:12.450   618   618 D mm-camera: <MCT   >< HIGH> 3999: mct_pipeline_destroy: X: Pipeline destroyed successfully
01-11 10:08:12.450   618   618 D mm-camera: <MCT   >< HIGH> 242: mct_controller_destroy: X Successfully closed mct_controller session 2
01-11 10:08:12.452   481   481 E CamComm1.0-MD: Update metadata entry: Unknown tag -2147352575
01-11 10:08:12.452   481   481 E CamComm1.0-MD: Update metadata entry: Unknown tag -2147352576
01-11 10:08:12.452   481   481 I QCamera : <HAL><INFO> getCamInfo: 7518: camera 0 resource cost is 100
01-11 10:08:12.452   481   481 I QCamera : <HAL><INFO> getCameraInfo: 345: Camera id 1 API version 768
01-11 10:08:12.456   618   618 D mm-camera: <MCT   >< HIGH> 61: mct_controller_new: Creating new mct_controller with session-id 1
01-11 10:08:12.456   618  1012 D mm-camera: <MCT   >< HIGH> 3501: mct_pipeline_start_session_thread: E sensor
01-11 10:08:12.456   618  1012 D mm-camera: <MCT   >< HIGH> 3508: mct_pipeline_start_session_thread: Calling start_session on Module sensor
01-11 10:08:12.457   618  1013 D mm-camera: <MCT   >< HIGH> 3501: mct_pipeline_start_session_thread: E iface
01-11 10:08:12.457   618  1013 D mm-camera: <MCT   >< HIGH> 3508: mct_pipeline_start_session_thread: Calling start_session on Module iface
01-11 10:08:12.457   618  1015 D mm-camera: <MCT   >< HIGH> 3501: mct_pipeline_start_session_thread: E isp
01-11 10:08:12.457   618  1015 D mm-camera: <MCT   >< HIGH> 3508: mct_pipeline_start_session_thread: Calling start_session on Module isp
01-11 10:08:12.457   618  1015 I mm-camera: <ISP   >< INFO> 196: isp_module_start_session: session id 1
01-11 10:08:12.458   618  1016 D mm-camera: <MCT   >< HIGH> 3501: mct_pipeline_start_session_thread: E stats
01-11 10:08:12.458   618  1016 D mm-camera: <MCT   >< HIGH> 3508: mct_pipeline_start_session_thread: Calling start_session on Module stats
01-11 10:08:12.459   618  1013 D mm-camera: <MCT   >< HIGH> 3511: mct_pipeline_start_session_thread: Module iface start_session rc = 1
01-11 10:08:12.459   618  1013 D mm-camera: <MCT   >< HIGH> 3519: mct_pipeline_start_session_thread: started_num = 1, success = 1
01-11 10:08:12.459   618  1013 D mm-camera: <MCT   >< HIGH> 3526: mct_pipeline_start_session_thread: X iface
01-11 10:08:12.460   618  1018 D mm-camera: <MCT   >< HIGH> 3501: mct_pipeline_start_session_thread: E pproc
01-11 10:08:12.460   618  1018 D mm-camera: <MCT   >< HIGH> 3508: mct_pipeline_start_session_thread: Calling start_session on Module pproc
01-11 10:08:12.461   618  1019 D mm-camera: <MCT   >< HIGH> 3501: mct_pipeline_start_session_thread: E imglib
01-11 10:08:12.461   618  1019 D mm-camera: <MCT   >< HIGH> 3508: mct_pipeline_start_session_thread: Calling start_session on Module imglib
01-11 10:08:12.461   618  1019 E mm-camera: <IMGLIB><ERROR> 1774: module_imglib_start_session: module_imglib_start_session:1774 ###Img_Loglevel 1, moduleMask 65535
01-11 10:08:12.462   618  1019 D mm-camera: <MCT   >< HIGH> 3511: mct_pipeline_start_session_thread: Module imglib start_session rc = 1
01-11 10:08:12.463   618  1019 D mm-camera: <MCT   >< HIGH> 3519: mct_pipeline_start_session_thread: started_num = 2, success = 2
01-11 10:08:12.463   618  1019 D mm-camera: <MCT   >< HIGH> 3526: mct_pipeline_start_session_thread: X imglib
01-11 10:08:12.465   618  1016 I mm-camera: <STATS_AIS >< INFO> 261: gyro_port_use_android_iface: Native sensor interface is default
01-11 10:08:12.465   618  1023 I ServiceManager: Waiting for service 'sensorservice' on '/dev/binder'...
01-11 10:08:12.465   618  1016 D mm-camera: <MCT   >< HIGH> 3511: mct_pipeline_start_session_thread: Module stats start_session rc = 1
01-11 10:08:12.465   618  1016 D mm-camera: <MCT   >< HIGH> 3519: mct_pipeline_start_session_thread: started_num = 3, success = 3
01-11 10:08:12.465   618  1016 D mm-camera: <MCT   >< HIGH> 3526: mct_pipeline_start_session_thread: X stats
01-11 10:08:12.468   618  1018 D mm-camera: <MCT   >< HIGH> 3511: mct_pipeline_start_session_thread: Module pproc start_session rc = 1
01-11 10:08:12.468   618  1018 D mm-camera: <MCT   >< HIGH> 3519: mct_pipeline_start_session_thread: started_num = 4, success = 4
01-11 10:08:12.468   618  1018 D mm-camera: <MCT   >< HIGH> 3526: mct_pipeline_start_session_thread: X pproc
01-11 10:08:12.469   618  1012 D mm-camera: <MCT   >< HIGH> 3511: mct_pipeline_start_session_thread: Module sensor start_session rc = 1
01-11 10:08:12.469   618  1012 D mm-camera: <MCT   >< HIGH> 3519: mct_pipeline_start_session_thread: started_num = 5, success = 5
01-11 10:08:12.469   618  1012 D mm-camera: <MCT   >< HIGH> 3526: mct_pipeline_start_session_thread: X sensor
01-11 10:08:12.471   618  1015 D mm-camera: <MCT   >< HIGH> 3511: mct_pipeline_start_session_thread: Module isp start_session rc = 1
01-11 10:08:12.471   618  1015 D mm-camera: <MCT   >< HIGH> 3519: mct_pipeline_start_session_thread: started_num = 6, success = 6
01-11 10:08:12.471   618  1015 D mm-camera: <MCT   >< HIGH> 3526: mct_pipeline_start_session_thread: X isp
01-11 10:08:12.473   618   618 I mm-camera: <STATS_AEC >< INFO> 411: aec_port_set_session_data: 3A VERSION --> 5.1.0.r0
01-11 10:08:12.481   618  1028 D mm-camera: <MCT   >< HIGH> 3416: mct_pipeline_start_stream_internal: Adding session stream streamid= 0xf for session=1
01-11 10:08:12.481   618  1028 D mm-camera: <MCT   >< HIGH> 3464: mct_pipeline_start_stream_internal: Linking session stream for session 1
01-11 10:08:12.481   618  1028 D mm-camera: <MCT   >< HIGH> 463: mct_stream_start_link: Start linking Session-stream 0x1000f
01-11 10:08:12.481   618  1028 E mm-camera: <IFACE ><ERROR> 333: iface_util_find_primary_cid: iface_util_find_primary_cid:333 error cannot find primary sensor format cids 1
01-11 10:08:12.482   618  1028 I mm-camera: <ISP   >< INFO> 770: isp_port_check_caps_reserve: port 0xe22f3cc0 ide 1000f type 10 dim 0 0
01-11 10:08:12.482   618  1028 E mm-camera: <ERROR> 452: pproc_port_add_modules_to_stream: int_link = 0xe230b500
01-11 10:08:12.482   618  1028 I mm-camera: <PPROC >< INFO> 464: pproc_port_add_modules_to_stream: :LINK linking mods tmod and c2d for identity 1000f
01-11 10:08:12.482   618  1028 I mm-camera: <PPROC >< INFO> 464: pproc_port_add_modules_to_stream: :LINK linking mods c2d and cpp for identity 1000f
01-11 10:08:12.482   618  1028 E mm-camera: <ERROR> 104: c2d_port_check_caps_reserve: Interleaved flag is 0, identity 65551 port type 0
01-11 10:08:12.482   618  1028 I mm-camera: <CPP   >< INFO> 2155: cpp_module_notify_add_stream: :width 0, height 0, stride 0, scanline 0, framelen 0
01-11 10:08:12.482   618  1028 I mm-camera: <CPP   >< INFO> 2304: cpp_module_notify_add_stream: : stream 10, fmt 1, asf_mode 0, sharpness_level 0.000000,asf mask 0, denoise 0, denoise_mask 0, dsdn mask 0,dsdn enable 0, tnr mask 0, tnr enable 0, ds_mask 0
01-11 10:08:12.482   618  1028 I mm-camera: <PPROC >< INFO> 464: pproc_port_add_modules_to_stream: :LINK linking mods cpp and afs for identity 1000f
01-11 10:08:12.483   618  1028 I mm-camera: <PPROC >< INFO> 464: pproc_port_add_modules_to_stream: :LINK linking mods afs and sw_tnr for identity 1000f
01-11 10:08:12.483   618  1028 E mm-camera: <IMGLIB><ERROR> 2273: module_imgbase_port_ext_link: module_imgbase_port_ext_link_sw_tnr:2273] add identity 1000f session 1 stream 15 port 0xe2312cc0
01-11 10:08:12.483   618  1028 I mm-camera: <PPROC >< INFO> 464: pproc_port_add_modules_to_stream: :LINK linking mods sw_tnr and llvd for identity 1000f
01-11 10:08:12.483   618  1028 E mm-camera: <IMGLIB><ERROR> 2273: module_imgbase_port_ext_link: module_imgbase_port_ext_link_sw_tnr:2273] add identity 1000f session 1 stream 15 port 0xe2312e00
01-11 10:08:12.483   618  1028 E mm-camera: <IMGLIB><ERROR> 2273: module_imgbase_port_ext_link: module_imgbase_port_ext_link_llvd:2273] add identity 1000f session 1 stream 15 port 0xe2311f00
01-11 10:08:12.483   618  1028 I mm-camera: <PPROC >< INFO> 464: pproc_port_add_modules_to_stream: :LINK linking mods llvd and ezt for identity 1000f
01-11 10:08:12.483   618  1028 E mm-camera: <IMGLIB><ERROR> 2273: module_imgbase_port_ext_link: module_imgbase_port_ext_link_llvd:2273] add identity 1000f session 1 stream 15 port 0xe2312040
01-11 10:08:12.483   618  1028 E mm-camera: <ERROR> 485: pproc_port_add_modules_to_stream: pproc_port_add_modules_to_stream:485] X rc: 1
01-11 10:08:12.484   618  1028 E mm-camera: <IMGLIB><ERROR> 2273: module_imgbase_port_ext_link: module_imgbase_port_ext_link_imglib_dcrf:2273] add identity 1000f session 1 stream 15 port 0xe1df4c80
01-11 10:08:12.485   618  1028 D mm-camera: <MCT   >< HIGH> 3473: mct_pipeline_start_stream_internal: Session stream linked successfully session 1
01-11 10:08:12.490   567   783 I ServiceManager: Waiting for service 'package_native' on '/dev/binder'...
01-11 10:08:12.515   467   467 E ActivityRecognitionHardware: activity_recognition HAL is deprecated. class_init is effectively a no-op
01-11 10:08:12.527   618   986 I ServiceManager: Waiting for service 'sensorservice' on '/dev/binder'...
01-11 10:08:12.543   899   899 D QSEECOMAPI: Loaded image: APP id = 6
01-11 10:08:12.547   899   899 I fpc_tac : ion_sbuffer: 0x7adeedb000
01-11 10:08:12.547   899   899 D QSEECOMAPI: QSEECom_get_handle sb_length = 0x400
01-11 10:08:12.547   899   899 D QSEECOMAPI: App is already loaded QSEE and app id = 4
01-11 10:08:12.553   899   899 E fpc_tac : fpc_km_tac_get_encapsulated_key Right Shutdown keymaster app: xuchao
01-11 10:08:12.553   899   899 D QSEECOMAPI: QSEECom_dealloc_memory
01-11 10:08:12.554   899   899 D QSEECOMAPI: QSEECom_shutdown_app, app_id = 4
01-11 10:08:12.561   618  1014 E mm-camera: wingtech_get_calibration_items,417
01-11 10:08:12.561   618  1014 E mm-camera: wingtech_get_calibration_items,456
01-11 10:08:12.561   618  1014 E mm-camera: <SENSOR><ERROR> 219: module_sensor_offload_init_config: qhq = module_sensor_offload_init_config line=219
01-11 10:08:12.561   618  1014 E mm-camera: Enter
01-11 10:08:12.561   618  1014 E mm-camera: no file
01-11 10:08:12.561   618  1014 E mm-camera: wgz module_info->module_id = 1
01-11 10:08:12.561   618  1014 E         : wgz eeprom_get_id 197 rc = 0, id=1
01-11 10:08:12.561   618  1014 E mm-camera: <SENSOR><ERROR> 228: module_sensor_offload_init_config: qhq eeprom_id = 1
01-11 10:08:12.561   618  1014 E         : open hardwareinfo failed(No such file or directory)
01-11 10:08:12.561   618  1014 E         : set eeprom Sunny error(Bad file descriptor)
01-11 10:08:12.561   618  1029 E mm-camera: <SENSOR><ERROR> 2832: sensor_get_cur_chromatix_name: xieyue mask=1
01-11 10:08:12.561   618  1029 E mm-camera: <SENSOR><ERROR> 2713: sensor_get_cur_chromatix_name_for_type: chromatix for res_idx = 0 special_mode_mask = 0     module = 4 chromatix_type = 0 is NULL
01-11 10:08:12.562   618  1029 E mm-camera: <IMGLIB><ERROR> 1962: module_faceproc_query_mod: module_faceproc_query_mod:1962] Caps ROI 10 scene_mode_cnt 1 HW analysis supported 0
01-11 10:08:12.562   618  1029 E mm-camera: <IMGLIB><ERROR> 181: module_hdr_lib_query_mod: module_hdr_lib_query_mod:181] Supported scenemode cnt 2
01-11 10:08:12.562   618  1029 D mm-camera: <MCT   >< HIGH> 2122: mct_pipeline_populate_query_cap_buffer: Cam 1: FPS range selection complete. Publishing 5 ranges.
01-11 10:08:12.563   618   618 D mm-camera: <MCT   >< HIGH> 187: mct_controller_destroy: Initiating destroy sequence for session = 1
01-11 10:08:12.563   618   618 D mm-camera: <MCT   >< HIGH> 205: mct_controller_destroy: serv_thread closed
01-11 10:08:12.563   618  1030 D mm-camera: <MCT   >< HIGH> 958: mct_bus_handler_thread_run: Force Exit
01-11 10:08:12.563   618   618 D mm-camera: <MCT   >< HIGH> 220: mct_controller_destroy: bus_handler thread closed
01-11 10:08:12.563   618   618 D mm-camera: <MCT   >< HIGH> 3585: mct_pipeline_stop_session: Initiating stop_session on session 1
01-11 10:08:12.563   618   618 D mm-camera: <MCT   >< HIGH> 2615: mct_pipeline_process_set: command=800000b
01-11 10:08:12.563   618   618 D mm-camera: <MCT   >< HIGH> 2803: mct_pipeline_process_set: Issuing DEL_STREAM on stream 0x1000f and stream type=10
01-11 10:08:12.563   618   618 I mm-camera: <IFACE >< INFO> 662: iface_unreserve_sink_port: stream_id f mode 0
01-11 10:08:12.564   618   618 I mm-camera: <ISP   >< INFO> 859: isp_port_check_caps_unreserve: ide 1000f port 0xe22f3cc0
01-11 10:08:12.564   618   618 E mm-camera: <IMGLIB><ERROR> 2060: module_imgbase_port_release_client: module_imgbase_port_release_client_sw_tnr:2060]
01-11 10:08:12.564   618   618 E mm-camera: <IMGLIB><ERROR> 2060: module_imgbase_port_release_client: module_imgbase_port_release_client_llvd:2060]
01-11 10:08:12.565   618   618 D mm-camera: <MCT   >< HIGH> 2814: mct_pipeline_process_set: Stream 0x1000f and stream type=10, successfully deleted
01-11 10:08:12.565   618  1023 I ServiceManager: Waiting for service 'sensorservice' on '/dev/binder'...
01-11 10:08:12.566   618  1038 D mm-camera: <MCT   >< HIGH> 3306: mct_pipeline_stop_session_thread: Stop module name: sensor - E
01-11 10:08:12.566   618  1039 D mm-camera: <MCT   >< HIGH> 3306: mct_pipeline_stop_session_thread: Stop module name: iface - E
01-11 10:08:12.566   899   899 E fpc_tac : fpc_tac_send_cmd end 0
01-11 10:08:12.566   618  1040 D mm-camera: <MCT   >< HIGH> 3306: mct_pipeline_stop_session_thread: Stop module name: isp - E
01-11 10:08:12.566   618  1040 I mm-camera: <ISP   >< INFO> 500: isp_module_stop_session: session id 1
01-11 10:08:12.566   618  1039 D mm-camera: <MCT   >< HIGH> 3314: mct_pipeline_stop_session_thread: Stop module name: iface - X
01-11 10:08:12.567   618  1041 D mm-camera: <MCT   >< HIGH> 3306: mct_pipeline_stop_session_thread: Stop module name: stats - E
01-11 10:08:12.567   618  1042 D mm-camera: <MCT   >< HIGH> 3306: mct_pipeline_stop_session_thread: Stop module name: pproc - E
01-11 10:08:12.568   618   618 D mm-camera: <MCT   >< HIGH> 3638: mct_pipeline_stop_session: Modules left: 5
01-11 10:08:12.568   618  1043 D mm-camera: <MCT   >< HIGH> 3306: mct_pipeline_stop_session_thread: Stop module name: imglib - E
01-11 10:08:12.569   899   899 I fpc_tac : fpc_tac_open xuchao begin fpc_tac_send_cmd
01-11 10:08:12.569   899   899 I fpc_tac :
01-11 10:08:12.569   618  1043 D mm-camera: <MCT   >< HIGH> 3314: mct_pipeline_stop_session_thread: Stop module name: imglib - X
01-11 10:08:12.569   618  1040 D mm-camera: <MCT   >< HIGH> 3314: mct_pipeline_stop_session_thread: Stop module name: isp - X
01-11 10:08:12.569   618   618 D mm-camera: <MCT   >< HIGH> 3638: mct_pipeline_stop_session: Modules left: 4
01-11 10:08:12.569   618   618 D mm-camera: <MCT   >< HIGH> 3638: mct_pipeline_stop_session: Modules left: 3
01-11 10:08:12.571   618  1042 D mm-camera: <MCT   >< HIGH> 3314: mct_pipeline_stop_session_thread: Stop module name: pproc - X
01-11 10:08:12.571   618  1038 D mm-camera: <MCT   >< HIGH> 3314: mct_pipeline_stop_session_thread: Stop module name: sensor - X
01-11 10:08:12.571   618   618 D mm-camera: <MCT   >< HIGH> 3638: mct_pipeline_stop_session: Modules left: 2
01-11 10:08:12.571   618   618 D mm-camera: <MCT   >< HIGH> 3638: mct_pipeline_stop_session: Modules left: 1
01-11 10:08:12.571   618  1041 D mm-camera: <MCT   >< HIGH> 3314: mct_pipeline_stop_session_thread: Stop module name: stats - X
01-11 10:08:12.571   618   618 D mm-camera: <MCT   >< HIGH> 3638: mct_pipeline_stop_session: Modules left: 0
01-11 10:08:12.572   618   618 D mm-camera: <MCT   >< HIGH> 3647: mct_pipeline_stop_session: Stopped session 1 successfully
01-11 10:08:12.572   618   618 D mm-camera: <MCT   >< HIGH> 3933: mct_pipeline_destroy: E: session:1
01-11 10:08:12.572   618   618 D mm-camera: <MCT   >< HIGH> 3999: mct_pipeline_destroy: X: Pipeline destroyed successfully
01-11 10:08:12.572   618   618 D mm-camera: <MCT   >< HIGH> 242: mct_controller_destroy: X Successfully closed mct_controller session 1
01-11 10:08:12.572   899   899 E fpc_tac : fpc_tac_send_cmd end 11
01-11 10:08:12.572   899   899 E fpc_tac : !!!!!!!!!!!!!!!!!!!!!!!!!!!!!!!!!!!!!!!!!!!!!!!!!!!!!!!!!!!!!!!!!!!!!!!!!!!!!!!!!!!!!!!!!!!!!!!!!!!!!!!!!!!!
01-11 10:08:12.572   899   899 E fpc_tac : !                                                                                                          !
01-11 10:08:12.572   899   899 E fpc_tac : !                                                                                                          !
01-11 10:08:12.572   899   899 E fpc_tac : ! You are running an engineering interface with the ability to extract fingerprint images from the TA side !
01-11 10:08:12.572   899   899 E fpc_tac : !                                                                                                          !
01-11 10:08:12.572   899   899 E fpc_tac : !                                                                                                          !
01-11 10:08:12.572   899   899 E fpc_tac : !!!!!!!!!!!!!!!!!!!!!!!!!!!!!!!!!!!!!!!!!!!!!!!!!!!!!!!!!!!!!!!!!!!!!!!!!!!!!!!!!!!!!!!!!!!!!!!!!!!!!!!!!!!!
01-11 10:08:12.572   899   899 E fpc_tac : fpc_tac_open xuchao begin fpc_tac_send_cmd
01-11 10:08:12.572   899   899 E fpc_tac :
01-11 10:08:12.572   899   899 E fpc_tac : fpc_tac_open end
01-11 10:08:12.573   481   481 E CamComm1.0-MD: Update metadata entry: Unknown tag -2147352575
01-11 10:08:12.573   481   481 E CamComm1.0-MD: Update metadata entry: Unknown tag -2147352576
01-11 10:08:12.573   481   481 I QCamera : <HAL><INFO> getCamInfo: 7518: camera 1 resource cost is 100
01-11 10:08:12.573   481   481 I CamPrvdr@2.4-legacy: Loaded "QCamera Module" camera module
01-11 10:08:12.573   899   899 E fpc_tac : the fpc_tac_open return value xuchao is 0
01-11 10:08:12.573   481   481 E CamComm1.0-VTDesc: createDescriptorFromOps: no section name defined for vendor tag -2146893824.
01-11 10:08:12.573   481   481 E CamPrvdr@2.4-legacy: setUpVendorTags: Could not generate descriptor from vendor tag operations,received error Unknown error -22 (-22). Camera clients will not be able to usevendor tags
01-11 10:08:12.573   481   481 E CamPrvdr@2.4-legacy: initialize: Vendor tag setup failed, will not be available.
01-11 10:08:12.573   481   481 I QCamera : <HAL><INFO> getCameraInfo: 345: Camera id 0 API version 768
01-11 10:08:12.573   481   481 I QCamera : <HAL><INFO> getCamInfo: 7518: camera 0 resource cost is 100
01-11 10:08:12.574   481   481 I QCamera : <HAL><INFO> openLegacy: 505: openLegacy halVersion: 256
01-11 10:08:12.576   405   405 E SELinux : avc:  denied  { find } for interface=android.frameworks.displayservice::IDisplayService sid=u:r:hal_camera_default:s0 pid=481 scontext=u:r:hal_camera_default:s0 tcontext=u:object_r:fwk_display_hwservice:s0 tclass=hwservice_manager permissive=1
01-11 10:08:12.578   405   405 E SELinux : avc:  denied  { find } for interface=android.hardware.power::IPower sid=u:r:hal_camera_default:s0 pid=481 scontext=u:r:hal_camera_default:s0 tcontext=u:object_r:hal_power_hwservice:s0 tclass=hwservice_manager permissive=1
01-11 10:08:12.580   481   481 I HwBinder:481_1: type=1400 audit(0.0:616): avc: denied { call } for scontext=u:r:hal_camera_default:s0 tcontext=u:r:surfaceflinger:s0 tclass=binder permissive=1
01-11 10:08:12.580   899   899 E fpc_tac : fpc_tac_send_cmd end 0
01-11 10:08:12.580   899   899 E fpc_fingerprint_hal: The xuchao fpc_tac_deep_sleep status is 0
01-11 10:08:12.580   899   899 E fpc_fingerprint_hal: The xuchao fpc_ree_device_set_clock_enabled status is 0
01-11 10:08:12.582   481   481 I ServiceManagement: getService: Trying again for android.hardware.power@1.1::IPower/default...
01-11 10:08:12.580   520   520 I HwBinder:520_1: type=1400 audit(0.0:617): avc: denied { transfer } for scontext=u:r:surfaceflinger:s0 tcontext=u:r:hal_camera_default:s0 tclass=binder permissive=1
01-11 10:08:12.584   899   899 E fpc_fingerprint_hal: The xuchao fpc_engineering_init status is 0
01-11 10:08:12.584   899   899 E fpc_fingerprint_hal: The xuchao fpc_m_upgrade_new status is -570424240
01-11 10:08:12.584   899   899 I fpc_fingerprint_hal: fpc_worker_set_state work->state = -1,work->request = -1, state = 0
01-11 10:08:12.584   899   899 I fpc_tac : fpc_ree_device_set_cancel start
01-11 10:08:12.580   899   899 I android.hardwar: type=1400 audit(0.0:618): avc: denied { write } for name="uinput" dev="tmpfs" ino=5337 scontext=u:r:init:s0 tcontext=u:object_r:uhid_device:s0 tclass=chr_file permissive=1
01-11 10:08:12.580   899   899 I android.hardwar: type=1400 audit(0.0:619): avc: denied { open } for path="/dev/uinput" dev="tmpfs" ino=5337 scontext=u:r:init:s0 tcontext=u:object_r:uhid_device:s0 tclass=chr_file permissive=1
01-11 10:08:12.580   899   899 I android.hardwar: type=1400 audit(0.0:620): avc: denied { ioctl } for path="/dev/uinput" dev="tmpfs" ino=5337 ioctlcmd=5564 scontext=u:r:init:s0 tcontext=u:object_r:uhid_device:s0 tclass=chr_file permissive=1
01-11 10:08:12.590   899  1051 I fpc_fingerprint_hal: workerFunction STATE_IDLE
01-11 10:08:12.590   899   899 I fpc_fingerprint_hal: fpc_worker_set_state work->state = 0,work->request = 0, state = -1
01-11 10:08:12.590   899  1051 I fpc_fingerprint_hal: fpc_wait_finger_up
01-11 10:08:12.590   899  1051 E fpc_tac : the sysfs_node_write name is wakeup_enable
01-11 10:08:12.591   567   783 I ServiceManager: Waiting for service 'package_native' on '/dev/binder'...
01-11 10:08:12.590   899   899 I android.hardwar: type=1400 audit(0.0:621): avc: denied { call } for scontext=u:r:init:s0 tcontext=u:r:hwservicemanager:s0 tclass=binder permissive=1
01-11 10:08:12.590   899   899 I android.hardwar: type=1400 audit(0.0:622): avc: denied { transfer } for scontext=u:r:init:s0 tcontext=u:r:hwservicemanager:s0 tclass=binder permissive=1
01-11 10:08:12.593   405   405 E SELinux : avc:  denied  { add } for interface=android.hardware.biometrics.fingerprint::IBiometricsFingerprint sid=u:r:init:s0 pid=899 scontext=u:r:init:s0 tcontext=u:object_r:hal_fingerprint_hwservice:s0 tclass=hwservice_manager permissive=1
01-11 10:08:12.593   899   899 I ServiceManagement: Registered android.hardware.biometrics.fingerprint@2.1::IBiometricsFingerprint/default (start delay of 615ms)
01-11 10:08:12.594   899   899 I ServiceManagement: Removing namespace from process name android.hardware.biometrics.fingerprint@2.0-service.custom to fingerprint@2.0-service.custom.
01-11 10:08:12.599   899  1051 I fpc_fingerprint_hal: fpc_wait_finger_up FPC_LIB_FINGER_LOST
01-11 10:08:12.599   899  1051 E fpc_tac : the sysfs_node_write name is wakeup_enable
01-11 10:08:12.599   899  1051 I fpc_fingerprint_hal: do_navigation start -
01-11 10:08:12.604   899  1051 E fpc_tac : fpc_tac_send_cmd end 0
01-11 10:08:12.604   899  1051 I fpc_fingerprint_hal: fpc_wait_finger_down
01-11 10:08:12.604   899  1051 E fpc_tac : the sysfs_node_write name is wakeup_enable
01-11 10:08:12.609   899  1051 E fpc_tac : fpc_tac_send_cmd end 0
01-11 10:08:12.627   467   467 I zygote64: Thread[1,tid=467,Native,Thread*=0x7040754c00,peer=0x12c02248,"main"] recursive attempt to load library "libmedia_jni.so"
01-11 10:08:12.628   618   986 I ServiceManager: Waiting for service 'sensorservice' on '/dev/binder'...
