01-11 10:08:12.826   547   547 I wcnss_service: WLAN MAC Addr:38:a4:ed:a7:b8:7a
01-11 10:08:12.826   547   547 E wcnss_service: CAL file not found
01-11 10:08:12.828   618   986 I ServiceManager: Waiting for service 'sensorservice' on '/dev/binder'...
01-11 10:08:12.834   467   467 W Zygote  : Class not found for preloading: android.view.textclassifier.-$$Lambda$TextClassificationManager$JIaezIJbMig_-kVzN6oArzkTsJE
01-11 10:08:12.849   642   747 I LocSvc_api_v02: ---> locClientSendReq line 2154 QMI_LOC_REG_EVENTS_REQ_V02
01-11 10:08:12.850   645   713 I LocSvc_api_v02: ---> locClientSendReq line 2154 QMI_LOC_REG_EVENTS_REQ_V02
01-11 10:08:12.854   642   747 I LocSvc_api_v02: ---> locClientSupportMsgCheck line 2273 QMI_LOC_GET_SUPPORTED_MSGS_REQ_V02
01-11 10:08:12.854   645   713 I LocSvc_api_v02: ---> locClientSupportMsgCheck line 2273 QMI_LOC_GET_SUPPORTED_MSGS_REQ_V02
01-11 10:08:12.855   645   713 I LocSvc_api_v02: ---> locClientSendReq line 2154 QMI_LOC_QUERY_AON_CONFIG_REQ_V02
01-11 10:08:12.855   642   747 I LocSvc_api_v02: ---> locClientSendReq line 2154 QMI_LOC_QUERY_AON_CONFIG_REQ_V02
01-11 10:08:12.855   642  1073 I LocSvc_ApiV02: <--- globalRespCb line 150 QMI_LOC_QUERY_AON_CONFIG_REQ_V02
01-11 10:08:12.855   645  1074 I LocSvc_ApiV02: <--- globalRespCb line 150 QMI_LOC_QUERY_AON_CONFIG_REQ_V02
01-11 10:08:12.855   645   713 I LocSvc_api_v02: ---> locClientSendReq line 2154 QMI_LOC_GET_SUPPORTED_FEATURE_REQ_V02
01-11 10:08:12.855   642   747 I LocSvc_api_v02: ---> locClientSendReq line 2154 QMI_LOC_GET_SUPPORTED_FEATURE_REQ_V02
01-11 10:08:12.856   645   713 E LocSvc_ApiV02: open:421:11]: Failed to get features supported from QMI_LOC_GET_SUPPORTED_FEATURE_REQ_V02.
01-11 10:08:12.856   467   467 W Zygote  : Class not found for preloading: com.android.internal.net.NetworkStatsFactory
01-11 10:08:12.856   645   713 I LocSvc_api_v02: ---> locClientSendReq line 2154 QMI_LOC_SET_GNSS_CONSTELL_REPORT_CONFIG_V02
01-11 10:08:12.856   642   747 E LocSvc_ApiV02: open:421:11]: Failed to get features supported from QMI_LOC_GET_SUPPORTED_FEATURE_REQ_V02.
01-11 10:08:12.856   642   747 I LocSvc_api_v02: ---> locClientSendReq line 2154 QMI_LOC_SET_GNSS_CONSTELL_REPORT_CONFIG_V02
01-11 10:08:12.857   642  1073 E QMI_FW  : QCCI qmi_cci_xport_recv: txn not found. svc_id: 16
01-11 10:08:12.858   645  1074 I LocSvc_ApiV02: <--- globalRespCb line 150 QMI_LOC_SET_GNSS_CONSTELL_REPORT_CONFIG_V02
01-11 10:08:12.858   642   747 I LocSvc_api_v02: ---> locClientSendReq line 2154 QMI_LOC_SET_PREMIUM_SERVICES_CONFIG_REQ_V02
01-11 10:08:12.858   645   713 I LocSvc_api_v02: ---> locClientSendReq line 2154 QMI_LOC_SET_PREMIUM_SERVICES_CONFIG_REQ_V02
01-11 10:08:12.859   645   713 E LocSvc_LBSApiV02: injectFeatureConfig:893]: Error : st = 3, ind.status = 0
01-11 10:08:12.859   645  1074 E QMI_FW  : QCCI qmi_cci_xport_recv: txn not found. svc_id: 16
01-11 10:08:12.859   645   713 I LocSvc_api_v02: ---> locClientSendReq line 2154 QMI_LOC_SET_PREMIUM_SERVICES_CONFIG_REQ_V02
01-11 10:08:12.859   645   713 E LocSvc_LBSApiV02: injectFeatureConfig:910]: Error : st = 3, ind.status = 0
01-11 10:08:12.859   645   713 I LocSvc_api_v02: ---> locClientSendReq line 2154 QMI_LOC_SET_PREMIUM_SERVICES_CONFIG_REQ_V02
01-11 10:08:12.859   645  1074 E QMI_FW  : QCCI qmi_cci_xport_recv: txn not found. svc_id: 16
01-11 10:08:12.860   645  1074 E QMI_FW  : QCCI qmi_cci_xport_recv: txn not found. svc_id: 16
01-11 10:08:12.860   645   713 E LocSvc_LBSApiV02: injectFeatureConfig:926]: Error : st = 3, ind.status = 0
01-11 10:08:12.860   645   713 I LocSvc_api_v02: ---> locClientSendReq line 2154 QMI_LOC_REG_EVENTS_REQ_V02
01-11 10:08:12.861   642  1073 I LocSvc_ApiV02: <--- globalRespCb line 150 QMI_LOC_SET_PREMIUM_SERVICES_CONFIG_REQ_V02
01-11 10:08:12.861   642   747 I LocSvc_api_v02: ---> locClientSendReq line 2154 QMI_LOC_SET_PREMIUM_SERVICES_CONFIG_REQ_V02
01-11 10:08:12.862   642   747 E LocSvc_LBSApiV02: injectFeatureConfig:910]: Error : st = 3, ind.status = 0
01-11 10:08:12.862   642   747 I LocSvc_api_v02: ---> locClientSendReq line 2154 QMI_LOC_SET_PREMIUM_SERVICES_CONFIG_REQ_V02
01-11 10:08:12.862   642  1073 E QMI_FW  : QCCI qmi_cci_xport_recv: txn not found. svc_id: 16
01-11 10:08:12.864   642  1073 I LocSvc_ApiV02: <--- globalRespCb line 150 QMI_LOC_SET_PREMIUM_SERVICES_CONFIG_REQ_V02
01-11 10:08:12.866   467   467 W Zygote  : Class not found for preloading: com.android.internal.telephony.-$$Lambda$PhoneSubInfoController$8HFbCDJDN1mrLJG980qYH5MGqMk
01-11 10:08:12.867   467   467 W Zygote  : Class not found for preloading: com.android.internal.telephony.-$$Lambda$PhoneSubInfoController$U28a_EGx2cvmQhDfRRgonMt5Zrc
01-11 10:08:12.867   618  1023 I ServiceManager: Waiting for service 'sensorservice' on '/dev/binder'...
01-11 10:08:12.867   467   467 W Zygote  : Class not found for preloading: com.android.internal.telephony.-$$Lambda$SubscriptionInfoUpdater$-zZXM9oMRZ3vZz7dJOG19J00Bmw
01-11 10:08:12.867   467   467 W Zygote  : Class not found for preloading: com.android.internal.telephony.-$$Lambda$SubscriptionInfoUpdater$D5yF1HbS4cvCyoAj3FESkPtA_0g
01-11 10:08:12.868   467   467 W Zygote  : Class not found for preloading: com.android.internal.telephony.-$$Lambda$SubscriptionInfoUpdater$MMx9iQX0JVqqMPLTUZhdBubFSzU
01-11 10:08:12.876   467   467 W Zygote  : Class not found for preloading: com.android.internal.telephony.PhoneConfigurationModels
01-11 10:08:12.878   467   467 W Zygote  : Class not found for preloading: com.android.internal.telephony.SubscriptionController$ScLocalLog
01-11 10:08:12.880   467   467 W Zygote  : Class not found for preloading: com.android.internal.telephony.UiccSmsController
01-11 10:08:12.892   567   783 I ServiceManager: Waiting for service 'package_native' on '/dev/binder'...
01-11 10:08:12.915  1005  1005 D BootAnimation: BootAnimationPreloadStopTiming start time: 10017ms
01-11 10:08:12.916  1005  1005 I BootAnimation: type=1400 audit(0.0:642): avc: denied { read } for name="libadreno_utils.so" dev="mmcblk0p48" ino=1957 scontext=u:r:bootanim:s0 tcontext=u:object_r:vendor_file:s0 tclass=file permissive=1
01-11 10:08:12.916  1005  1005 I BootAnimation: type=1400 audit(0.0:643): avc: denied { open } for path="/vendor/lib64/libadreno_utils.so" dev="mmcblk0p48" ino=1957 scontext=u:r:bootanim:s0 tcontext=u:object_r:vendor_file:s0 tclass=file permissive=1
01-11 10:08:12.916  1005  1005 I BootAnimation: type=1400 audit(0.0:644): avc: denied { getattr } for path="/vendor/lib64/libadreno_utils.so" dev="mmcblk0p48" ino=1957 scontext=u:r:bootanim:s0 tcontext=u:object_r:vendor_file:s0 tclass=file permissive=1
01-11 10:08:12.920  1005  1005 I BootAnimation: type=1400 audit(0.0:645): avc: denied { execute } for path="/vendor/lib64/libgsl.so" dev="mmcblk0p48" ino=2004 scontext=u:r:bootanim:s0 tcontext=u:object_r:vendor_file:s0 tclass=file permissive=1
01-11 10:08:12.926  1005  1078 D libEGL  : loaded /vendor/lib64/egl/libEGL_adreno.so
01-11 10:08:12.929   618   986 I ServiceManager: Waiting for service 'sensorservice' on '/dev/binder'...
01-11 10:08:12.931  1005  1078 D libEGL  : loaded /vendor/lib64/egl/libGLESv1_CM_adreno.so
01-11 10:08:12.946   552   552 I hvdcp_opti: type=1400 audit(0.0:646): avc: denied { read } for scontext=u:r:init:s0 tcontext=u:r:init:s0 tclass=netlink_kobject_uevent_socket permissive=1
01-11 10:08:12.951  1005  1078 D libEGL  : loaded /vendor/lib64/egl/libGLESv2_adreno.so
01-11 10:08:12.964   476   534 I chatty  : uid=1041(audioserver) HwBinder:476_2 expire 4 lines
01-11 10:08:12.960   767   767 I imsdatadaemon: type=1400 audit(0.0:647): avc: denied { create } for scontext=u:r:init:s0 tcontext=u:r:init:s0 tclass=netlink_generic_socket permissive=1
01-11 10:08:12.964   516   516 I chatty  : uid=1041(audioserver) /system/bin/audioserver expire 1 line
01-11 10:08:12.960   767   767 I imsdatadaemon: type=1400 audit(0.0:648): avc: denied { bind } for scontext=u:r:init:s0 tcontext=u:r:init:s0 tclass=netlink_generic_socket permissive=1
01-11 10:08:12.965   516  1090 I chatty  : uid=1041(audioserver) AudioOut_D expire 2 lines
01-11 10:08:12.966   516   516 I chatty  : uid=1041(audioserver) /system/bin/audioserver expire 1 line
01-11 10:08:12.966   476   534 I chatty  : uid=1041(audioserver) HwBinder:476_2 expire 2 lines
01-11 10:08:12.967   618  1023 I ServiceManager: Waiting for service 'sensorservice' on '/dev/binder'...
01-11 10:08:12.971   516  1090 I chatty  : uid=1041(audioserver) AudioOut_D expire 1 line
01-11 10:08:12.971   516   516 I chatty  : uid=1041(audioserver) /system/bin/audioserver expire 6 lines
01-11 10:08:12.977   476   534 I chatty  : uid=1041(audioserver) HwBinder:476_2 expire 3 lines
01-11 10:08:12.978   516   516 I chatty  : uid=1041(audioserver) /system/bin/audioserver expire 4 lines
01-11 10:08:12.981  1005  1078 I Adreno  : QUALCOMM build                   : a7f70d7, I06947f1a28
01-11 10:08:12.981  1005  1078 I Adreno  : Build Date                       : 11/19/18
01-11 10:08:12.981  1005  1078 I Adreno  : OpenGL ES Shader Compiler Version: EV031.25.03.01
01-11 10:08:12.981  1005  1078 I Adreno  : Local Branch                     :
01-11 10:08:12.981  1005  1078 I Adreno  : Remote Branch                    :
01-11 10:08:12.981  1005  1078 I Adreno  : Remote Branch                    :
01-11 10:08:12.981  1005  1078 I Adreno  : Reconstruct Branch               :
01-11 10:08:12.981  1005  1078 I Adreno  : Build Config                     : S L 6.0.7 AArch64
01-11 10:08:12.982   476   534 I chatty  : uid=1041(audioserver) HwBinder:476_2 expire 2 lines
01-11 10:08:12.985   516  1092 I chatty  : uid=1041(audioserver) AudioOut_15 expire 2 lines
01-11 10:08:12.985   476   534 I chatty  : uid=1041(audioserver) HwBinder:476_2 expire 2 lines
01-11 10:08:12.985   516  1092 I chatty  : uid=1041(audioserver) AudioOut_15 expire 1 line
01-11 10:08:12.986   516   516 I chatty  : uid=1041(audioserver) /system/bin/audioserver expire 6 lines
01-11 10:08:12.989   467   467 I Zygote  : ...preloaded 7590 classes in 1581ms.
01-11 10:08:12.989   467   467 I zygote64: VMRuntime.preloadDexCaches starting
01-11 10:08:12.990   476   534 I chatty  : uid=1041(audioserver) HwBinder:476_2 expire 1 line
01-11 10:08:12.992   516   516 I chatty  : uid=1041(audioserver) /system/bin/audioserver expire 2 lines
01-11 10:08:12.993   567   783 I ServiceManager: Waiting for service 'package_native' on '/dev/binder'...
01-11 10:08:12.995   476   534 I chatty  : uid=1041(audioserver) HwBinder:476_2 expire 2 lines
01-11 10:08:12.996   516   516 I chatty  : uid=1041(audioserver) /system/bin/audioserver expire 1 line
01-11 10:08:12.996   516  1093 I chatty  : uid=1041(audioserver) AudioOut_1D expire 3 lines
01-11 10:08:12.997   476   534 I chatty  : uid=1041(audioserver) HwBinder:476_2 expire 2 lines
01-11 10:08:12.997   516   516 I chatty  : uid=1041(audioserver) /system/bin/audioserver expire 6 lines
01-11 10:08:13.002   476   534 I chatty  : uid=1041(audioserver) HwBinder:476_2 expire 1 line
01-11 10:08:13.003   516   516 I chatty  : uid=1041(audioserver) /system/bin/audioserver expire 2 lines
01-11 10:08:13.006   476   534 I chatty  : uid=1041(audioserver) HwBinder:476_2 expire 2 lines
01-11 10:08:13.007   516   516 I chatty  : uid=1041(audioserver) /system/bin/audioserver expire 1 line
01-11 10:08:13.007   516  1095 I chatty  : uid=1041(audioserver) AudioOut_25 expire 1 line
01-11 10:08:13.007   516  1095 W AudioFlinger: no wake lock to update, system not ready yet
01-11 10:08:13.008   476   534 D audio_hw_primary: out_standby: enter: stream (0xf2ad9800) usecase(49: afe-proxy-playback)
01-11 10:08:13.008   476   534 D audio_hw_primary: out_standby: exit
01-11 10:08:13.008   516  1095 W AudioFlinger: no wake lock to update, system not ready yet
01-11 10:08:13.008   516   516 V APM_AudioPolicyManager: checkAndSetVolume cannot set volume group 3 volume with force use = 0 for comm
01-11 10:08:13.011   516   516 V APM_AudioPolicyManager: selectOutputForMusicEffects selected output 13
01-11 10:08:13.011   516   516 V APM_AudioPolicyManager: setOutputDevices device {type:0x10000,@:} delayMs 0
01-11 10:08:13.011   516   516 V APM_AudioPolicyManager: setOutputDevices() prevDevice {type:0x10000,@:}
01-11 10:08:13.012   516   516 V APM_AudioPolicyManager: setOutputDevices changing device to {type:0x10000,@:}
01-11 10:08:13.012   476   534 D audio_hw_primary: out_set_parameters: enter: usecase(49: afe-proxy-playback) kvpairs: routing=65536
01-11 10:08:13.013   516   516 V APM_AudioPolicyManager: setOutputDevices() AF::createAudioPatch returned 0 patchHandle 36 num_sources 1 num_sinks 1
01-11 10:08:13.013   545   586 D QC-time-services: Daemon:genoff_modem_qmi_service_request: qmi_client_get_service_list returned 0num_services 1
01-11 10:08:13.013   516   516 V APM_AudioPolicyManager: checkAndSetVolume cannot set volume group 3 volume with force use = 0 for comm
01-11 10:08:13.013   476   534 D audio_hw_primary: adev_open_input_stream: enter: sample_rate(48000) channel_mask(0xc) devices(0x80002000)        stream_handle(0xf54b7a80) io_handle(14) source(1) format 1
01-11 10:08:13.013   476   534 W audio_hw_utils: audio_extn_utils_update_stream_input_app_type_cfg: App type could not be selected. Falling back to default
01-11 10:08:13.014   545   586 D QC-time-services: Daemon:genoff_modem_qmi_service_request: Initial transaction successful
01-11 10:08:13.029   618   986 I ServiceManager: Waiting for service 'sensorservice' on '/dev/binder'...
01-11 10:08:13.053   467   467 I zygote64: VMRuntime.preloadDexCaches strings total=379864 before=9975 after=9975
01-11 10:08:13.053   467   467 I zygote64: VMRuntime.preloadDexCaches types total=35915 before=7224 after=7492
01-11 10:08:13.053   467   467 I zygote64: VMRuntime.preloadDexCaches fields total=160944 before=8020 after=8221
01-11 10:08:13.053   467   467 I zygote64: VMRuntime.preloadDexCaches methods total=282306 before=10912 after=11344
01-11 10:08:13.053   467   467 I zygote64: VMRuntime.preloadDexCaches finished
01-11 10:08:13.058   467   467 D ApplicationLoaders: Created zygote-cached class loader: /system/framework/android.hidl.base-V1.0-java.jar
01-11 10:08:13.062   467   467 D ApplicationLoaders: Created zygote-cached class loader: /system/framework/android.hidl.manager-V1.0-java.jar
01-11 10:08:13.068   618  1023 I ServiceManager: Waiting for service 'sensorservice' on '/dev/binder'...
01-11 10:08:13.080   544   544 I ServiceManagement: Registered vendor.qti.hardware.radio.am@1.0::IQcRilAudio/slot2 (start delay of 3272ms)
01-11 10:08:13.093   567   783 I ServiceManager: Waiting for service 'package_native' on '/dev/binder'...
01-11 10:08:13.129   618   986 I ServiceManager: Waiting for service 'sensorservice' on '/dev/binder'...
01-11 10:08:13.168   618  1023 I ServiceManager: Waiting for service 'sensorservice' on '/dev/binder'...
01-11 10:08:13.166   590   590 I rild    : type=1400 audit(0.0:649): avc: denied { ioctl } for path="socket:[17069]" dev="sockfs" ino=17069 ioctlcmd=c302 scontext=u:r:rild:s0 tcontext=u:r:rild:s0 tclass=socket permissive=1
01-11 10:08:13.190   543   543 E QTI_SDM_INFO: [qti_rmnet_peripheral.c:739] qti_file_open():Could not open device file. Errno 2 error msg=No such file or directory
01-11 10:08:13.193   567   783 I ServiceManager: Waiting for service 'package_native' on '/dev/binder'...
01-11 10:08:13.196   590   812 I ServiceManagement: Registered vendor.qti.hardware.radio.ims@1.0::IImsRadio/imsradio0 (start delay of 3198ms)
01-11 10:08:13.230   618   986 I ServiceManager: Waiting for service 'sensorservice' on '/dev/binder'...
01-11 10:08:13.254   590   812 I ServiceManagement: Registered vendor.qti.hardware.radio.uim_remote_server@1.0::IUimRemoteServiceServer/uimRemoteServer0 (start delay of 3256ms)
01-11 10:08:13.256   590   812 I ServiceManagement: Registered vendor.qti.hardware.radio.uim@1.1::IUim/Uim0 (start delay of 3258ms)
01-11 10:08:13.257   405   405 E SELinux : avc:  denied  { add } for interface=android.hardware.secure_element::ISecureElement sid=u:r:rild:s0 pid=590 scontext=u:r:rild:s0 tcontext=u:object_r:hal_secure_element_hwservice:s0 tclass=hwservice_manager permissive=1
01-11 10:08:13.258   590   812 I ServiceManagement: Registered android.hardware.secure_element@1.0::ISecureElement/SIM1 (start delay of 3260ms)
01-11 10:08:13.259   590   812 I ServiceManagement: Registered android.hardware.radio.config@1.0::IRadioConfig/default (start delay of 3261ms)
01-11 10:08:13.268   618  1023 I ServiceManager: Waiting for service 'sensorservice' on '/dev/binder'...
01-11 10:08:13.278   590   812 I ServiceManagement: Registered vendor.qti.hardware.radio.uim_remote_client@1.0::IUimRemoteServiceClient/uimRemoteClient0 (start delay of 3280ms)
01-11 10:08:13.279   590   812 I ServiceManagement: Registered vendor.qti.hardware.radio.lpa@1.0::IUimLpa/UimLpa0 (start delay of 3281ms)
01-11 10:08:13.280   590   812 E Diag_Lib:  Diag_LSM_Init: Failed to open handle to diag driver, error = 13
01-11 10:08:13.280   590   812 I chatty  : uid=1001(radio) /vendor/bin/hw/rild identical 5 lines
01-11 10:08:13.282   554   554 W ServiceManagement: Waited one second for android.hardware.camera.provider@2.4::ICameraProvider/legacy/0
01-11 10:08:13.283   554   554 I ServiceManagement: getService: Trying again for android.hardware.camera.provider@2.4::ICameraProvider/legacy/0...
01-11 10:08:13.294   567   783 I ServiceManager: Waiting for service 'package_native' on '/dev/binder'...
01-11 10:08:13.330   618   986 I ServiceManager: Waiting for service 'sensorservice' on '/dev/binder'...
01-11 10:08:13.369   618  1023 I ServiceManager: Waiting for service 'sensorservice' on '/dev/binder'...
01-11 10:08:13.394   567   783 I ServiceManager: Waiting for service 'package_native' on '/dev/binder'...
01-11 10:08:13.396   467   467 I Zygote  : Preloading resources...
01-11 10:08:13.416   467   467 W Resources: Preloaded drawable resource #0x108027c (android:drawable/dialog_background_material) that varies with configuration!!
01-11 10:08:13.430   618   986 I ServiceManager: Waiting for service 'sensorservice' on '/dev/binder'...
01-11 10:08:13.446   467   467 I Zygote  : ...preloaded 64 resources in 50ms.
01-11 10:08:13.455   467   467 I Zygote  : ...preloaded 41 resources in 9ms.
01-11 10:08:13.469   618  1023 I ServiceManager: Waiting for service 'sensorservice' on '/dev/binder'...
01-11 10:08:13.466   467   467 I main    : type=1400 audit(0.0:650): avc: denied { read } for name="libadreno_utils.so" dev="mmcblk0p48" ino=1957 scontext=u:r:zygote:s0 tcontext=u:object_r:vendor_file:s0 tclass=file permissive=1
01-11 10:08:13.466   467   467 I main    : type=1400 audit(0.0:651): avc: denied { open } for path="/vendor/lib64/libadreno_utils.so" dev="mmcblk0p48" ino=1957 scontext=u:r:zygote:s0 tcontext=u:object_r:vendor_file:s0 tclass=file permissive=1
01-11 10:08:13.470   467   467 I main    : type=1400 audit(0.0:652): avc: denied { getattr } for path="/vendor/lib64/libadreno_utils.so" dev="mmcblk0p48" ino=1957 scontext=u:r:zygote:s0 tcontext=u:object_r:vendor_file:s0 tclass=file permissive=1
01-11 10:08:13.470   467   467 I main    : type=1400 audit(0.0:653): avc: denied { execute } for path="/vendor/lib64/libadreno_utils.so" dev="mmcblk0p48" ino=1957 scontext=u:r:zygote:s0 tcontext=u:object_r:vendor_file:s0 tclass=file permissive=1
01-11 10:08:13.472   467   467 D libEGL  : loaded /vendor/lib64/egl/libEGL_adreno.so
01-11 10:08:13.476   467   467 D libEGL  : loaded /vendor/lib64/egl/libGLESv1_CM_adreno.so
01-11 10:08:13.489   547   547 I wcnss_service: wcnss_read_and_store_cal_data trying to read cal
01-11 10:08:13.486  1005  1005 I BootAnimation: type=1400 audit(0.0:654): avc: denied { read write } for name="kgsl-3d0" dev="tmpfs" ino=15426 scontext=u:r:bootanim:s0 tcontext=u:object_r:device:s0 tclass=chr_file permissive=1
01-11 10:08:13.486  1005  1005 I BootAnimation: type=1400 audit(0.0:655): avc: denied { open } for path="/dev/kgsl-3d0" dev="tmpfs" ino=15426 scontext=u:r:bootanim:s0 tcontext=u:object_r:device:s0 tclass=chr_file permissive=1
01-11 10:08:13.486  1005  1005 I BootAnimation: type=1400 audit(0.0:656): avc: denied { ioctl } for path="/dev/kgsl-3d0" dev="tmpfs" ino=15426 ioctlcmd=940 scontext=u:r:bootanim:s0 tcontext=u:object_r:device:s0 tclass=chr_file permissive=1
01-11 10:08:13.491  1005  1078 I Adreno  : PFP: 0x005ff110, ME: 0x005ff066
01-11 10:08:13.491   516  1133 I AudioFlinger: AudioFlinger's thread 0x76e4117bc0 tid=1133 ready to run
01-11 10:08:13.492   476   534 D audio_hw_primary: in_standby: enter: stream (0xf54b7a80) usecase(18: audio-record)
01-11 10:08:13.492   516  1133 W AudioFlinger: no wake lock to update, system not ready yet
01-11 10:08:13.493   476   534 D audio_hw_primary: in_standby: enter: stream (0xf54b7a80) usecase(18: audio-record)
01-11 10:08:13.493   516  1133 W AudioFlinger: no wake lock to update, system not ready yet
01-11 10:08:13.494   476   534 D audio_hw_primary: adev_close_input_stream: enter:stream_handle(0xf54b7a80)
01-11 10:08:13.494   476   534 D audio_hw_primary: in_standby: enter: stream (0xf54b7a80) usecase(18: audio-record)
01-11 10:08:13.494   476   534 D audio_hw_primary: adev_open_input_stream: enter: sample_rate(48000) channel_mask(0x17000c) devices(0x80000004)        stream_handle(0xf54b7a80) io_handle(22) source(1) format 1
01-11 10:08:13.494   476   534 D audio_hw_primary: adev_open_input_stream: return error to retry with updated channel mask (0xc)
01-11 10:08:13.494  1005  1078 E libEGL  : Driver indicates EGL 1.5 support, but does not have a critical API
01-11 10:08:13.494   476   534 D audio_hw_primary: adev_open_input_stream: enter: sample_rate(48000) channel_mask(0xc) devices(0x80000004)        stream_handle(0xf54b7a80) io_handle(22) source(1) format 1
01-11 10:08:13.494   476   534 W audio_hw_utils: audio_extn_utils_update_stream_input_app_type_cfg: App type could not be selected. Falling back to default
01-11 10:08:13.494   567   783 I ServiceManager: Waiting for service 'package_native' on '/dev/binder'...
01-11 10:08:13.495   544   544 I chatty  : uid=1001(radio) /vendor/bin/hw/rild expire 2 lines
01-11 10:08:13.496   467   467 D libEGL  : loaded /vendor/lib64/egl/libGLESv2_adreno.so
01-11 10:08:13.496   516  1136 I AudioFlinger: AudioFlinger's thread 0x76e4117840 tid=1136 ready to run
01-11 10:08:13.496   476   534 D audio_hw_primary: in_standby: enter: stream (0xf54b7a80) usecase(18: audio-record)
01-11 10:08:13.496   544   813 I chatty  : uid=1001(radio) /vendor/bin/hw/rild expire 2 lines
01-11 10:08:13.497   514   770 D PerMgrSrv: QCRIL voting for modem
01-11 10:08:13.497   514   770 D PerMgrSrv: modem num voters is 3
01-11 10:08:13.498   516  1136 W AudioFlinger: no wake lock to update, system not ready yet
01-11 10:08:13.498   476   534 D audio_hw_primary: in_standby: enter: stream (0xf54b7a80) usecase(18: audio-record)
01-11 10:08:13.493   544   544 I chatty  : uid=1001(radio) /vendor/bin/hw/rild expire 2 lines
01-11 10:08:13.493   514   514 I Binder:514_1: type=1400 audit(0.0:659): avc: denied { ioctl } for path="/dev/vndbinder" dev="tmpfs" ino=5332 ioctlcmd=6201 scontext=u:r:init:s0 tcontext=u:object_r:vndbinder_device:s0 tclass=chr_file permissive=1
01-11 10:08:13.499   516  1136 W AudioFlinger: no wake lock to update, system not ready yet
01-11 10:08:13.499   476   534 D audio_hw_primary: adev_close_input_stream: enter:stream_handle(0xf54b7a80)
01-11 10:08:13.499   476   534 D audio_hw_primary: in_standby: enter: stream (0xf54b7a80) usecase(18: audio-record)
01-11 10:08:13.500   476   534 D audio_hw_primary: adev_open_input_stream: enter: sample_rate(192000) channel_mask(0x8000000f) devices(0x80000004)        stream_handle(0xf54b7a80) io_handle(30) source(1) format 5
01-11 10:08:13.500   476   534 D audio_hw_primary: adev_open_input_stream: enter: sample_rate(48000) channel_mask(0x8000000f) devices(0x80000004)        stream_handle(0xf54b7a80) io_handle(30) source(1) format 1
01-11 10:08:13.500   476   534 W audio_hw_utils: audio_extn_utils_update_stream_input_app_type_cfg: App type could not be selected. Falling back to default
01-11 10:08:13.502   516  1145 I AudioFlinger: AudioFlinger's thread 0x76e4117a40 tid=1145 ready to run
01-11 10:08:13.502   476   534 D audio_hw_primary: in_standby: enter: stream (0xf54b7a80) usecase(18: audio-record)
01-11 10:08:13.503   516  1145 W AudioFlinger: no wake lock to update, system not ready yet
01-11 10:08:13.503   476   476 D audio_hw_primary: in_standby: enter: stream (0xf54b7a80) usecase(18: audio-record)
01-11 10:08:13.503   516  1145 W AudioFlinger: no wake lock to update, system not ready yet
01-11 10:08:13.503   476   476 D audio_hw_primary: adev_close_input_stream: enter:stream_handle(0xf54b7a80)
01-11 10:08:13.503   476   476 D audio_hw_primary: in_standby: enter: stream (0xf54b7a80) usecase(18: audio-record)
01-11 10:08:13.504   476   476 D audio_hw_primary: adev_open_input_stream: enter: sample_rate(48000) channel_mask(0xc) devices(0x80000040)        stream_handle(0xf54b7a80) io_handle(38) source(1) format 1
01-11 10:08:13.504   476   476 D audio_hw_primary: adev_open_input_stream: enter: sample_rate(48000) channel_mask(0xc) devices(0x80000040)        stream_handle(0xf54b7a80) io_handle(38) source(1) format 1
01-11 10:08:13.504   516   516 W APM_AudioPolicyManager: Cannot open input stream for device {type:0x80000040,@:} on hw module primary
01-11 10:08:13.506  1005  1078 D BootAnimation: BootAnimationShownTiming start time: 10608ms
01-11 10:08:13.523   405   405 I hwservicemanager: getTransport: Cannot find entry android.hardware.graphics.mapper@3.0::IMapper/default in either framework or device manifest.
01-11 10:08:13.523  1005  1078 W Gralloc3: mapper 3.x is not supported
01-11 10:08:13.523   467   467 I Zygote  : Preloading shared libraries...
01-11 10:08:13.531   544   813 I chatty  : uid=1001(radio) /vendor/bin/hw/rild expire 10 lines
01-11 10:08:13.531   618   986 I ServiceManager: Waiting for service 'sensorservice' on '/dev/binder'...
01-11 10:08:13.530  1005  1005 I BootAnimation: type=1400 audit(0.0:660): avc: denied { getattr } for path="/vendor/lib64/hw/gralloc.msm8937.so" dev="mmcblk0p48" ino=1886 scontext=u:r:bootanim:s0 tcontext=u:object_r:vendor_file:s0 tclass=file permissive=1
01-11 10:08:13.532   516   516 I bt_a2dp_hw: adev_open:  adev_open in A2dp_hw module
01-11 10:08:13.532   516   516 I AudioFlinger: loadHwModule() Loaded a2dp audio interface, handle 18
01-11 10:08:13.530  1005  1005 I BootAnimation: type=1400 audit(0.0:661): avc: denied { read } for name="gralloc.msm8937.so" dev="mmcblk0p48" ino=1886 scontext=u:r:bootanim:s0 tcontext=u:object_r:vendor_file:s0 tclass=file permissive=1
01-11 10:08:13.532   516   516 E APM_AudioPolicyManager: initialize: Input device list is empty!
01-11 10:08:13.530  1005  1005 I BootAnimation: type=1400 audit(0.0:662): avc: denied { open } for path="/vendor/lib64/hw/gralloc.msm8937.so" dev="mmcblk0p48" ino=1886 scontext=u:r:bootanim:s0 tcontext=u:object_r:vendor_file:s0 tclass=file permissive=1
01-11 10:08:13.533   476   476 D vndksupport: Loading /vendor/lib/hw/audio.usb.default.so from current namespace instead of sphal namespace.
01-11 10:08:13.536   467   467 I Zygote  : Called ZygoteHooks.endPreload()
01-11 10:08:13.537   476   476 W DeviceHAL: Error from HAL Device in function set_master_volume: Function not implemented
01-11 10:08:13.537   516   516 I AudioFlinger: loadHwModule() Loaded usb audio interface, handle 26
01-11 10:08:13.537   516   516 E APM_AudioPolicyManager: initialize: Input device list is empty!
01-11 10:08:13.537   467   467 I Zygote  : Installed AndroidKeyStoreProvider in 1ms.
01-11 10:08:13.538   476   476 D vndksupport: Loading /vendor/lib/hw/audio.r_submix.default.so from current namespace instead of sphal namespace.
01-11 10:08:13.541   476   476 I r_submix: adev_open(name=audio_hw_if)
01-11 10:08:13.541   476   476 I r_submix: adev_init_check()
01-11 10:08:13.541   476   476 W DeviceHAL: Error from HAL Device in function set_master_volume: Function not implemented
01-11 10:08:13.542   476   476 W DeviceHAL: Error from HAL Device in function set_master_mute: Function not implemented
01-11 10:08:13.542   516   516 I AudioFlinger: loadHwModule() Loaded r_submix audio interface, handle 34
01-11 10:08:13.542   476   476 D r_submix: adev_open_input_stream(addr=0)
01-11 10:08:13.542   476   476 D r_submix: submix_audio_device_create_pipe_l(addr=0, idx=9)
01-11 10:08:13.542   476   476 D r_submix:   now using address 0 for route 9
01-11 10:08:13.544   516  1153 I AudioFlinger: AudioFlinger's thread 0x76e4118180 tid=1153 ready to run
01-11 10:08:13.544   476   476 I r_submix: in_standby()
01-11 10:08:13.545   516  1153 W AudioFlinger: no wake lock to update, system not ready yet
01-11 10:08:13.545   476   476 I r_submix: in_standby()
01-11 10:08:13.545   516  1153 W AudioFlinger: no wake lock to update, system not ready yet
01-11 10:08:13.546   476   476 D r_submix: adev_close_input_stream()
01-11 10:08:13.546   476   476 D r_submix: submix_audio_device_release_pipe_l(idx=9) addr=0
01-11 10:08:13.546   476   476 D r_submix: submix_audio_device_destroy_pipe_l(): pipe destroyed
01-11 10:08:13.551   467   467 I Zygote  : Warmed up JCA providers in 14ms.
01-11 10:08:13.551   467   467 D Zygote  : end preload
01-11 10:08:13.551   516   516 I         : Waiting for activity service
01-11 10:08:13.560   520   520 I Binder:520_2: type=1400 audit(0.0:663): avc: denied { ioctl } for path="/dev/kgsl-3d0" dev="tmpfs" ino=15426 ioctlcmd=948 scontext=u:r:surfaceflinger:s0 tcontext=u:object_r:device:s0 tclass=chr_file permissive=1
01-11 10:08:13.569   618  1023 I ServiceManager: Waiting for service 'sensorservice' on '/dev/binder'...
01-11 10:08:13.573   520   520 I SurfaceFlinger: Enter boot animation
01-11 10:08:13.576   489   489 I HwBinder:489_2: type=1400 audit(0.0:664): avc: denied { read } for name="caps" dev="sysfs" ino=21756 scontext=u:r:hal_graphics_composer_default:s0 tcontext=u:object_r:sysfs:s0 tclass=file permissive=1
01-11 10:08:13.576   489   489 I HwBinder:489_2: type=1400 audit(0.0:665): avc: denied { open } for path="/sys/devices/soc/1a00000.qcom,mdss_mdp/caps" dev="sysfs" ino=21756 scontext=u:r:hal_graphics_composer_default:s0 tcontext=u:object_r:sysfs:s0 tclass=file permissive=1
01-11 10:08:13.576   489   489 I HwBinder:489_2: type=1400 audit(0.0:666): avc: denied { getattr } for path="/sys/devices/soc/1a00000.qcom,mdss_mdp/caps" dev="sysfs" ino=21756 scontext=u:r:hal_graphics_composer_default:s0 tcontext=u:object_r:sysfs:s0 tclass=file permissive=1
01-11 10:08:13.580   489   489 I HwBinder:489_2: type=1400 audit(0.0:667): avc: denied { read write } for name="binder" dev="tmpfs" ino=5335 scontext=u:r:hal_graphics_composer_default:s0 tcontext=u:object_r:binder_device:s0 tclass=chr_file permissive=1
01-11 10:08:13.580   489   489 I HwBinder:489_2: type=1400 audit(0.0:668): avc: denied { ioctl } for path="/dev/vndbinder" dev="tmpfs" ino=5332 ioctlcmd=6201 scontext=u:r:hal_graphics_composer_default:s0 tcontext=u:object_r:vndbinder_device:s0 tclass=chr_file permissive=1
01-11 10:08:13.580   489   489 I HwBinder:489_2: type=1400 audit(0.0:669): avc: denied { call } for scontext=u:r:hal_graphics_composer_default:s0 tcontext=u:r:vndservicemanager:s0 tclass=binder permissive=1
01-11 10:08:13.582   489   681 E /vendor/bin/hw/android.hardware.graphics.composer@2.1-service: Failed to get IAshmemDeviceService.
01-11 10:08:13.583   481   481 W ServiceManagement: Waited one second for android.hardware.power@1.1::IPower/default
01-11 10:08:13.583   489   681 D qdutils : DEBUG_CALC_FPS: 0
01-11 10:08:13.583   489   681 D qdutils : period: 10
01-11 10:08:13.583   489   681 D qdutils : ignorethresh_us: 500000
01-11 10:08:13.584   481   481 I ServiceManagement: getService: Trying again for android.hardware.power@1.1::IPower/default...
01-11 10:08:13.590   489   489 I HWC_UeventThrea: type=1400 audit(0.0:670): avc: denied { read } for scontext=u:r:hal_graphics_composer_default:s0 tcontext=u:r:hal_graphics_composer_default:s0 tclass=netlink_kobject_uevent_socket permissive=1
01-11 10:08:13.590   494   494 I android.hardwar: type=1400 audit(0.0:671): avc: denied { read } for scontext=u:r:hal_sensors_default:s0 tcontext=u:r:hal_sensors_default:s0 tclass=socket permissive=1
01-11 10:08:13.595   567   783 I ServiceManager: Waiting for service 'package_native' on '/dev/binder'...
01-11 10:08:13.600   467   467 I zygote64: Explicit concurrent copying GC freed 62528(3473KB) AllocSpace objects, 16(388KB) LOS objects, 82% free, 2549KB/14MB, paused 86us total 48.839ms
01-11 10:08:13.623   544   544 I chatty  : uid=1001(radio) /vendor/bin/hw/rild expire 5 lines
01-11 10:08:13.631   618   986 I ServiceManager: Waiting for service 'sensorservice' on '/dev/binder'...
01-11 10:08:13.640   467   467 I zygote64: Explicit concurrent copying GC freed 6032(208KB) AllocSpace objects, 0(0B) LOS objects, 83% free, 2373KB/14MB, paused 48us total 32.499ms
01-11 10:08:13.670   618  1023 I ServiceManager: Waiting for service 'sensorservice' on '/dev/binder'...
01-11 10:08:13.695   567   783 I ServiceManager: Waiting for service 'package_native' on '/dev/binder'...
01-11 10:08:13.724   467   467 D Zygote  : Forked child process 1171
01-11 10:08:13.724   467   467 I Zygote  : System server process 1171 has been created
01-11 10:08:13.723  1171  1171 I chatty  : uid=1000 system_server expire 66 lines
01-11 10:08:13.725  1171  1171 I Zygote  : seccomp disabled by setenforce 0
01-11 10:08:13.726   467   467 I Zygote  : Accepting command socket connections
01-11 10:08:13.731   618   986 I ServiceManager: Waiting for service 'sensorservice' on '/dev/binder'...
01-11 10:08:13.759   535   535 I adbd    : UsbFfs: already offline
01-11 10:08:13.770   618  1023 I ServiceManager: Waiting for service 'sensorservice' on '/dev/binder'...
01-11 10:08:13.783   540   540 I chatty  : uid=1001(radio) /system/vendor/bin/netmgrd expire 11 lines
01-11 10:08:13.795   567   783 I ServiceManager: Waiting for service 'package_native' on '/dev/binder'...
01-11 10:08:13.809   642   744 W ServiceManagement: Waited one second for android.frameworks.sensorservice@1.0::ISensorManager/default
01-11 10:08:13.806   405   405 I hwservicemanage: type=1400 audit(0.0:747): avc: denied { search } for name="642" dev="proc" ino=6981 scontext=u:r:hwservicemanager:s0 tcontext=u:r:init:s0 tclass=dir permissive=1
01-11 10:08:13.806   405   405 I hwservicemanage: type=1400 audit(0.0:748): avc: denied { read } for name="current" dev="proc" ino=18570 scontext=u:r:hwservicemanager:s0 tcontext=u:r:init:s0 tclass=file permissive=1
01-11 10:08:13.811   642   744 I ServiceManagement: getService: Trying again for android.frameworks.sensorservice@1.0::ISensorManager/default...
01-11 10:08:13.806   405   405 I hwservicemanage: type=1400 audit(0.0:749): avc: denied { open } for path="/proc/642/attr/current" dev="proc" ino=18570 scontext=u:r:hwservicemanager:s0 tcontext=u:r:init:s0 tclass=file permissive=1
01-11 10:08:13.816   552   552 I hvdcp_opti: type=1400 audit(0.0:750): avc: denied { block_suspend } for capability=36 scontext=u:r:init:s0 tcontext=u:r:init:s0 tclass=capability2 permissive=1
01-11 10:08:13.832   618   986 I ServiceManager: Waiting for service 'sensorservice' on '/dev/binder'...
01-11 10:08:13.836  1171  1171 I system_server: type=1400 audit(0.0:752): avc: denied { read } for name="u:object_r:apexd_prop:s0" dev="tmpfs" ino=152 scontext=u:r:system_server:s0 tcontext=u:object_r:apexd_prop:s0 tclass=file permissive=1
01-11 10:08:13.836  1171  1171 I system_server: type=1400 audit(0.0:753): avc: denied { read } for name="u:object_r:bluetooth_prop:s0" dev="tmpfs" ino=154 scontext=u:r:system_server:s0 tcontext=u:object_r:bluetooth_prop:s0 tclass=file permissive=1
01-11 10:08:13.836  1171  1171 I system_server: type=1400 audit(0.0:754): avc: denied { read } for name="u:object_r:bpf_progs_loaded_prop:s0" dev="tmpfs" ino=157 scontext=u:r:system_server:s0 tcontext=u:object_r:bpf_progs_loaded_prop:s0 tclass=file permissive=1
01-11 10:08:13.836  1171  1171 I system_server: type=1400 audit(0.0:755): avc: denied { read } for name="u:object_r:ctl_adbd_prop:s0" dev="tmpfs" ino=160 scontext=u:r:system_server:s0 tcontext=u:object_r:ctl_adbd_prop:s0 tclass=file permissive=1
01-11 10:08:13.836  1171  1171 I system_server: type=1400 audit(0.0:756): avc: denied { read } for name="u:object_r:ctl_bootanim_prop:s0" dev="tmpfs" ino=161 scontext=u:r:system_server:s0 tcontext=u:object_r:ctl_bootanim_prop:s0 tclass=file permissive=1
01-11 10:08:13.836  1171  1171 I system_server: type=1400 audit(0.0:757): avc: denied { read } for name="u:object_r:ctl_console_prop:s0" dev="tmpfs" ino=163 scontext=u:r:system_server:s0 tcontext=u:object_r:ctl_console_prop:s0 tclass=file permissive=1
01-11 10:08:13.836  1171  1171 I system_server: type=1400 audit(0.0:758): avc: denied { read } for name="u:object_r:ctl_dumpstate_prop:s0" dev="tmpfs" ino=165 scontext=u:r:system_server:s0 tcontext=u:object_r:ctl_dumpstate_prop:s0 tclass=file permissive=1
01-11 10:08:13.836  1171  1171 I system_server: type=1400 audit(0.0:759): avc: denied { read } for name="u:object_r:ctl_fuse_prop:s0" dev="tmpfs" ino=166 scontext=u:r:system_server:s0 tcontext=u:object_r:ctl_fuse_prop:s0 tclass=file permissive=1
01-11 10:08:13.836  1171  1171 I system_server: type=1400 audit(0.0:760): avc: denied { read } for name="u:object_r:ctl_interface_restart_prop:s0" dev="tmpfs" ino=168 scontext=u:r:system_server:s0 tcontext=u:object_r:ctl_interface_restart_prop:s0 tclass=file permissive=1
01-11 10:08:13.836  1171  1171 I system_server: type=1400 audit(0.0:761): avc: denied { read } for name="u:object_r:ctl_interface_start_prop:s0" dev="tmpfs" ino=169 scontext=u:r:system_server:s0 tcontext=u:object_r:ctl_interface_start_prop:s0 tclass=file permissive=1
01-11 10:08:13.836  1171  1171 I system_server: type=1400 audit(0.0:762): avc: denied { read } for name="u:object_r:ctl_interface_stop_prop:s0" dev="tmpfs" ino=170 scontext=u:r:system_server:s0 tcontext=u:object_r:ctl_interface_stop_prop:s0 tclass=file permissive=1
01-11 10:08:13.836  1171  1171 I system_server: type=1400 audit(0.0:763): avc: denied { read } for name="u:object_r:ctl_mdnsd_prop:s0" dev="tmpfs" ino=171 scontext=u:r:system_server:s0 tcontext=u:object_r:ctl_mdnsd_prop:s0 tclass=file permissive=1
01-11 10:08:13.836  1171  1171 I system_server: type=1400 audit(0.0:764): avc: denied { read } for name="u:object_r:ctl_restart_prop:s0" dev="tmpfs" ino=172 scontext=u:r:system_server:s0 tcontext=u:object_r:ctl_restart_prop:s0 tclass=file permissive=1
01-11 10:08:13.836  1171  1171 I system_server: type=1400 audit(0.0:765): avc: denied { read } for name="u:object_r:ctl_rildaemon_prop:s0" dev="tmpfs" ino=173 scontext=u:r:system_server:s0 tcontext=u:object_r:ctl_rildaemon_prop:s0 tclass=file permissive=1
01-11 10:08:13.836  1171  1171 I system_server: type=1400 audit(0.0:766): avc: denied { read } for name="u:object_r:ctl_sigstop_prop:s0" dev="tmpfs" ino=174 scontext=u:r:system_server:s0 tcontext=u:object_r:ctl_sigstop_prop:s0 tclass=file permissive=1
01-11 10:08:13.836  1171  1171 I system_server: type=1400 audit(0.0:767): avc: denied { read } for name="u:object_r:ctl_start_prop:s0" dev="tmpfs" ino=175 scontext=u:r:system_server:s0 tcontext=u:object_r:ctl_start_prop:s0 tclass=file permissive=1
01-11 10:08:13.836  1171  1171 I system_server: type=1400 audit(0.0:768): avc: denied { read } for name="u:object_r:ctl_stop_prop:s0" dev="tmpfs" ino=176 scontext=u:r:system_server:s0 tcontext=u:object_r:ctl_stop_prop:s0 tclass=file permissive=1
01-11 10:08:13.836  1171  1171 I system_server: type=1400 audit(0.0:769): avc: denied { read } for name="u:object_r:device_config_boot_count_prop:s0" dev="tmpfs" ino=182 scontext=u:r:system_server:s0 tcontext=u:object_r:device_config_boot_count_prop:s0 tclass=file permissive=1
01-11 10:08:13.836  1171  1171 I system_server: type=1400 audit(0.0:770): avc: denied { read } for name="u:object_r:dynamic_system_prop:s0" dev="tmpfs" ino=193 scontext=u:r:system_server:s0 tcontext=u:object_r:dynamic_system_prop:s0 tclass=file permissive=1
01-11 10:08:13.836  1171  1171 I system_server: type=1400 audit(0.0:771): avc: denied { read } for name="u:object_r:heapprofd_enabled_prop:s0" dev="tmpfs" ino=199 scontext=u:r:system_server:s0 tcontext=u:object_r:heapprofd_enabled_prop:s0 tclass=file permissive=1
01-11 10:08:13.840  1171  1171 I system_server: type=1400 audit(0.0:772): avc: denied { read } for name="u:object_r:last_boot_reason_prop:s0" dev="tmpfs" ino=202 scontext=u:r:system_server:s0 tcontext=u:object_r:last_boot_reason_prop:s0 tclass=file permissive=1
01-11 10:08:13.840  1171  1171 I system_server: type=1400 audit(0.0:773): avc: denied { read } for name="u:object_r:llkd_prop:s0" dev="tmpfs" ino=203 scontext=u:r:system_server:s0 tcontext=u:object_r:llkd_prop:s0 tclass=file permissive=1
01-11 10:08:13.840  1171  1171 I system_server: type=1400 audit(0.0:774): avc: denied { read } for name="u:object_r:logpersistd_logging_prop:s0" dev="tmpfs" ino=207 scontext=u:r:system_server:s0 tcontext=u:object_r:logpersistd_logging_prop:s0 tclass=file permissive=1
01-11 10:08:13.840  1171  1171 I system_server: type=1400 audit(0.0:775): avc: denied { read } for name="u:object_r:lowpan_prop:s0" dev="tmpfs" ino=208 scontext=u:r:system_server:s0 tcontext=u:object_r:lowpan_prop:s0 tclass=file permissive=1
01-11 10:08:13.840  1171  1171 I system_server: type=1400 audit(0.0:776): avc: denied { read } for name="u:object_r:lpdumpd_prop:s0" dev="tmpfs" ino=209 scontext=u:r:system_server:s0 tcontext=u:object_r:lpdumpd_prop:s0 tclass=file permissive=1
01-11 10:08:13.840  1171  1171 I system_server: type=1400 audit(0.0:777): avc: denied { read } for name="u:object_r:mmc_prop:s0" dev="tmpfs" ino=210 scontext=u:r:system_server:s0 tcontext=u:object_r:mmc_prop:s0 tclass=file permissive=1
01-11 10:08:13.840  1171  1171 I system_server: type=1400 audit(0.0:778): avc: denied { read } for name="u:object_r:netd_stable_secret_prop:s0" dev="tmpfs" ino=213 scontext=u:r:system_server:s0 tcontext=u:object_r:netd_stable_secret_prop:s0 tclass=file permissive=1
01-11 10:08:13.840  1171  1171 I system_server: type=1400 audit(0.0:779): avc: denied { read } for name="u:object_r:persistent_properties_ready_prop:s0" dev="tmpfs" ino=219 scontext=u:r:system_server:s0 tcontext=u:object_r:persistent_properties_ready_prop:s0 tclass=file permissive=1
01-11 10:08:13.840  1171  1171 I system_server: type=1400 audit(0.0:780): avc: denied { read } for name="u:object_r:system_lmk_prop:s0" dev="tmpfs" ino=228 scontext=u:r:system_server:s0 tcontext=u:object_r:system_lmk_prop:s0 tclass=file permissive=1
01-11 10:08:13.840  1171  1171 I system_server: type=1400 audit(0.0:781): avc: denied { read } for name="u:object_r:system_trace_prop:s0" dev="tmpfs" ino=231 scontext=u:r:system_server:s0 tcontext=u:object_r:system_trace_prop:s0 tclass=file permissive=1
01-11 10:08:13.840  1171  1171 I system_server: type=1400 audit(0.0:782): avc: denied { read } for name="u:object_r:test_boot_reason_prop:s0" dev="tmpfs" ino=232 scontext=u:r:system_server:s0 tcontext=u:object_r:test_boot_reason_prop:s0 tclass=file permissive=1
01-11 10:08:13.840  1171  1171 I system_server: type=1400 audit(0.0:783): avc: denied { read } for name="u:object_r:traced_enabled_prop:s0" dev="tmpfs" ino=235 scontext=u:r:system_server:s0 tcontext=u:object_r:traced_enabled_prop:s0 tclass=file permissive=1
01-11 10:08:13.840  1171  1171 I system_server: type=1400 audit(0.0:784): avc: denied { read } for name="u:object_r:traced_lazy_prop:s0" dev="tmpfs" ino=236 scontext=u:r:system_server:s0 tcontext=u:object_r:traced_lazy_prop:s0 tclass=file permissive=1
01-11 10:08:13.840  1171  1171 I system_server: type=1400 audit(0.0:785): avc: denied { read } for name="u:object_r:userinit_prop:s0" dev="tmpfs" ino=237 scontext=u:r:system_server:s0 tcontext=u:object_r:userinit_prop:s0 tclass=file permissive=1
01-11 10:08:13.840  1171  1171 I system_server: type=1400 audit(0.0:786): avc: denied { read } for name="u:object_r:wifi_prop:s0" dev="tmpfs" ino=241 scontext=u:r:system_server:s0 tcontext=u:object_r:wifi_prop:s0 tclass=file permissive=1
01-11 10:08:13.851  1171  1171 E system_server: Not starting debugger since process cannot load the jdwp agent.
01-11 10:08:13.870   618  1023 I ServiceManager: Waiting for service 'sensorservice' on '/dev/binder'...
01-11 10:08:13.883  1171  1171 I SystemServer: InitBeforeStartServices
01-11 10:08:13.889  1171  1171 W SystemServer: Timezone not set; setting to GMT.
01-11 10:08:13.892  1171  1171 I SystemServer: Entered the Android system server!
01-11 10:08:13.896   567   783 I ServiceManager: Waiting for service 'package_native' on '/dev/binder'...
01-11 10:08:13.932   618   986 I ServiceManager: Waiting for service 'sensorservice' on '/dev/binder'...
01-11 10:08:13.956   510   510 I sensors.qti: type=1400 audit(0.0:789): avc: denied { read write } for name="diag" dev="tmpfs" ino=15434 scontext=u:r:init:s0 tcontext=u:object_r:device:s0 tclass=chr_file permissive=1
01-11 10:08:13.956   510   510 I sensors.qti: type=1400 audit(0.0:790): avc: denied { open } for path="/dev/diag" dev="tmpfs" ino=15434 scontext=u:r:init:s0 tcontext=u:object_r:device:s0 tclass=chr_file permissive=1
01-11 10:08:13.956   510   510 I sensors.qti: type=1400 audit(0.0:791): avc: denied { ioctl } for path="/dev/diag" dev="tmpfs" ino=15434 ioctlcmd=20 scontext=u:r:init:s0 tcontext=u:object_r:device:s0 tclass=chr_file permissive=1
01-11 10:08:13.956   510   510 I sensors.qti: type=1400 audit(0.0:792): avc: denied { bind } for scontext=u:r:init:s0 tcontext=u:r:init:s0 tclass=socket permissive=1
01-11 10:08:13.956   510   510 I sensors.qti: type=1400 audit(0.0:793): avc: denied { net_bind_service } for capability=10 scontext=u:r:init:s0 tcontext=u:r:init:s0 tclass=capability permissive=1
01-11 10:08:13.971   618  1023 I ServiceManager: Waiting for service 'sensorservice' on '/dev/binder'...
01-11 10:08:13.996   567   783 I ServiceManager: Waiting for service 'package_native' on '/dev/binder'...
01-11 10:08:14.013   545   585 D QC-time-services: Daemon:genoff_wlan_qmi_service_request: qmi_client_get_service_list returned -2num_services 0
01-11 10:08:14.032   618   986 I ServiceManager: Waiting for service 'sensorservice' on '/dev/binder'...
01-11 10:08:14.040   494   494 I android.hardwar: type=1400 audit(0.0:794): avc: denied { getattr } for path="/mnt/vendor" dev="tmpfs" ino=91 scontext=u:r:hal_sensors_default:s0 tcontext=u:object_r:mnt_vendor_file:s0 tclass=dir permissive=1
01-11 10:08:14.040   494   494 I android.hardwar: type=1400 audit(0.0:795): avc: denied { read } for name="sensors_settings" dev="mmcblk0p26" ino=15 scontext=u:r:hal_sensors_default:s0 tcontext=u:object_r:mnt_vendor_file:s0 tclass=file permissive=1
01-11 10:08:14.040   494   494 I android.hardwar: type=1400 audit(0.0:796): avc: denied { open } for path="/mnt/vendor/persist/sensors/sensors_settings" dev="mmcblk0p26" ino=15 scontext=u:r:hal_sensors_default:s0 tcontext=u:object_r:mnt_vendor_file:s0 tclass=file permissive=1
01-11 10:08:14.040   494   494 I android.hardwar: type=1400 audit(0.0:797): avc: denied { ioctl } for path="socket:[4751]" dev="sockfs" ino=4751 ioctlcmd=c302 scontext=u:r:hal_sensors_default:s0 tcontext=u:r:hal_sensors_default:s0 tclass=socket permissive=1
01-11 10:08:14.040   494   494 I android.hardwar: type=1400 audit(0.0:798): avc: denied { create } for scontext=u:r:hal_sensors_default:s0 tcontext=u:r:hal_sensors_default:s0 tclass=socket permissive=1
01-11 10:08:14.043   494   494 I android.hardwar: type=1400 audit(0.0:799): avc: denied { write } for scontext=u:r:hal_sensors_default:s0 tcontext=u:r:hal_sensors_default:s0 tclass=socket permissive=1
01-11 10:08:14.049   494  1232 E qti_sensors_hal: processSingleSensorInfoResp: either handle is -1 or error is true or mSensors[handle] is NULL!
01-11 10:08:14.049   494  1232 E qti_sensors_hal: processSingleSensorInfoResp: either handle_wakeup is -1 or error is true or mSensors[handle_wakeup] is NULL!
01-11 10:08:14.051   494  1232 E qti_sensors_hal: processSingleSensorInfoResp: either handle is -1 or error is true or mSensors[handle] is NULL!
01-11 10:08:14.051   494  1232 E qti_sensors_hal: processSingleSensorInfoResp: either handle_wakeup is -1 or error is true or mSensors[handle_wakeup] is NULL!
01-11 10:08:14.054   494   494 E libsensor1: client_get_conn: qmi_client_get_service_list error -2
01-11 10:08:14.054   494   494 E libsensor1: sensor1_write: Unable to create client connection
01-11 10:08:14.054   494   494 W qti_sensors_hal: sendAlgoAttribReq: sensor1_write failed at SENSOR1_EBAD_SVC_ID, retrying...20
01-11 10:08:14.060   510   510 E Sensors : sns_debug_main.c(294):Debug Config File missing in EFS!
01-11 10:08:14.071   618  1023 I ServiceManager: Waiting for service 'sensorservice' on '/dev/binder'...
01-11 10:08:14.096   567   783 I ServiceManager: Waiting for service 'package_native' on '/dev/binder'...
01-11 10:08:14.128   494   494 E qti_sensors_hal: EEE Pick-Up-Gesture enabled handle:64,
01-11 10:08:14.128   494   494 I qti_sensors_hal: Rise: handle=64
01-11 10:08:14.129   494  1260 E libsensor1: resp_msg_cb: QMI transport error -45 from svc 31 on 0x79ba0117c0
01-11 10:08:14.129   494  1259 E qti_sensors_hal: processResp: Msg 36; Result: 1, Error: 5
01-11 10:08:14.129   494   494 W qti_sensors_hal: addSensor : Not supported sensor with handle 67!
01-11 10:08:14.133   618   986 I ServiceManager: Waiting for service 'sensorservice' on '/dev/binder'...
01-11 10:08:14.139   494   494 W qti_sensors_hal: addSensor : Not supported sensor with handle 88!
01-11 10:08:14.139   494   494 W qti_sensors_hal: addSensor : Not supported sensor with handle 39!
01-11 10:08:14.144   494   494 W qti_sensors_hal: addSensor : Not supported sensor with handle 48!
01-11 10:08:14.144   494   494 W qti_sensors_hal: addSensor : Not supported sensor with handle 49!
